2026-06-24 14:31:41,942 INFO [cu-005-p2]                 Book.java:560  | 1 sheet in /home/runner/work/sambrass-tutor/sambrass-tutor/omr/input/cu-005-p2.png
2026-06-24 14:31:41,977 INFO []                 Book.java:2565 | Stored /book.xml
2026-06-24 14:31:41,978 INFO []                 Book.java:2525 | Book stored as omr/out/cu-005-p2.omr
2026-06-24 14:31:41,978 INFO []                 Book.java:1929 | Book reaching PAGE on sheets:[#1]
2026-06-24 14:31:41,979 INFO [cu-005-p2]       StepMonitoring.java:98   | LOAD
2026-06-24 14:31:42,082 INFO [cu-005-p2]            SheetStub.java:1278 | Loaded image #1 2480x3509 from /home/runner/work/sambrass-tutor/sambrass-tutor/omr/input/cu-005-p2.png
2026-06-24 14:31:42,083 INFO [cu-005-p2]            ImageUtil.java:124  | Converting max RGB to gray
2026-06-24 14:31:42,263 INFO [cu-005-p2]       StepMonitoring.java:98   | BINARY
2026-06-24 14:31:42,571 INFO [cu-005-p2]       StepMonitoring.java:98   | SCALE
2026-06-24 14:31:42,573 INFO [cu-005-p2]         ScaleBuilder.java:255  | Beam  guessed height: 13 -- mid of [6..20]
2026-06-24 14:31:42,573 INFO [cu-005-p2]         ScaleBuilder.java:271  | Beam measured height: 11 -- 0.36 of [6..20] range at 793% of needed quorum
2026-06-24 14:31:42,573 INFO [cu-005-p2]         ScaleBuilder.java:401  | Normalized black jitter: 4.76 %
2026-06-24 14:31:42,573 INFO [cu-005-p2]            ScaleStep.java:65   | Scale{ interline(20,21,21) line(2,3,3) beam(11)}
2026-06-24 14:31:42,574 INFO [cu-005-p2]       StepMonitoring.java:98   | GRID
2026-06-24 14:31:42,619 INFO [cu-005-p2]       LinesRetriever.java:1500 | Global slope: 0.00000
2026-06-24 14:31:42,625 INFO [cu-005-p2]    ClustersRetriever.java:326  | Retrieved raw line clusters: 6 of sizes [5] with interline(20,21,21)
2026-06-24 14:31:42,640 INFO [cu-005-p2]            PeakGraph.java:310  | Systems: #1[1] #2[2] #3[3] #4[4] #5[5] #6[6]
2026-06-24 14:31:42,697 INFO [cu-005-p2]        SystemManager.java:779  | 1 part along 6 systems
2026-06-24 14:31:42,698 INFO [cu-005-p2]                 Book.java:543  | Created scores: [{Score 1}]
2026-06-24 14:31:42,698 INFO [cu-005-p2]       StepMonitoring.java:98   | HEADERS
2026-06-24 14:31:42,811 INFO [cu-005-p2]       StepMonitoring.java:98   | STEM_SEEDS
2026-06-24 14:31:42,835 INFO [cu-005-p2]        StemSeedsStep.java:86   | stem(5 max:5)
2026-06-24 14:31:42,843 INFO [cu-005-p2]       StepMonitoring.java:98   | BEAMS
2026-06-24 14:31:45,408 INFO [cu-005-p2]       StepMonitoring.java:98   | LEDGERS
2026-06-24 14:31:45,434 INFO [cu-005-p2]       StepMonitoring.java:98   | HEADS
2026-06-24 14:31:48,518 INFO [cu-005-p2]        HeadSeedTally.java:235  | Scale information: HeadSeeds{NOTEHEAD_BLACK[L:-0.4,R:-0.3]}
2026-06-24 14:31:48,519 INFO [cu-005-p2]       StepMonitoring.java:98   | STEMS
2026-06-24 14:31:48,718 INFO [cu-005-p2]       StepMonitoring.java:98   | REDUCTION
2026-06-24 14:31:48,768 INFO [cu-005-p2]        ReductionStep.java:105  | Stems free length median value: 73 pixels, 3.5 interlines
2026-06-24 14:31:48,770 INFO [cu-005-p2]       StepMonitoring.java:98   | CUE_BEAMS
2026-06-24 14:31:48,770 INFO [cu-005-p2]         CueBeamsStep.java:81   | Step CUE_BEAMS is skipped because small heads switch is off
2026-06-24 14:31:48,772 INFO [cu-005-p2]       StepMonitoring.java:98   | TEXTS
2026-06-24 14:31:48,844 WARN [cu-005-p2]         TesseractOCR.java:335  | The collection of supported languages is empty
2026-06-24 14:31:48,845 INFO [cu-005-p2]              OcrUtil.java:106  | Missing support for 'eng' language(s)
2026-06-24 14:31:48,847 INFO [cu-005-p2]       StepMonitoring.java:98   | MEASURES
2026-06-24 14:31:48,849 INFO [cu-005-p2]                 Page.java:307  | 24 raw measures: [3 in system#1, 3 in system#2, 3 in system#3, 6 in system#4, 6 in system#5, 3 in system#6]
2026-06-24 14:31:48,849 INFO [cu-005-p2]       StepMonitoring.java:98   | CHORDS
2026-06-24 14:31:48,853 INFO [cu-005-p2]       StepMonitoring.java:98   | CURVES
2026-06-24 14:31:49,259 INFO [cu-005-p2]         SlursBuilder.java:240  | Slurs: 2
2026-06-24 14:31:49,261 INFO [cu-005-p2]      SegmentsBuilder.java:155  | Segments: 3
2026-06-24 14:31:49,261 INFO [cu-005-p2]       StepMonitoring.java:98   | SYMBOLS
2026-06-24 14:31:49,434 INFO [cu-005-p2]       StepMonitoring.java:98   | LINKS
2026-06-24 14:31:49,455 INFO [cu-005-p2]       StepMonitoring.java:98   | RHYTHMS
2026-06-24 14:31:49,480 INFO [cu-005-p2]       StepMonitoring.java:98   | PAGE
2026-06-24 14:31:49,481 WARN [cu-005-p2]         MeasureFixer.java:343  | System#1 No target duration for measures local IDs [1, 2, 3], please check time signatures
2026-06-24 14:31:49,481 WARN [cu-005-p2]         MeasureFixer.java:343  | System#2 No target duration for measures local IDs [4, 5, 6], please check time signatures
2026-06-24 14:31:49,482 WARN [cu-005-p2]         MeasureFixer.java:343  | System#3 No target duration for measures local IDs [7, 8, 9], please check time signatures
2026-06-24 14:31:49,482 WARN [cu-005-p2]         MeasureFixer.java:343  | System#4 No target duration for measures local IDs [10, 11, 12, 13, 14, 15], please check time signatures
2026-06-24 14:31:49,482 WARN [cu-005-p2]         MeasureFixer.java:343  | System#5 No target duration for measures local IDs [16, 17, 18, 19, 20, 21], please check time signatures
2026-06-24 14:31:49,482 WARN [cu-005-p2]         MeasureFixer.java:343  | System#6 No target duration for measures local IDs [22, 23, 24], please check time signatures
2026-06-24 14:31:49,483 INFO [cu-005-p2]                 Book.java:2584 | Book{cu-005-p2} storing
2026-06-24 14:31:49,538 INFO [cu-005-p2]                 Book.java:2565 | Stored /book.xml
2026-06-24 14:31:49,612 INFO [cu-005-p2]           DataHolder.java:348  | Stored /sheet#1/BINARY.png
2026-06-24 14:31:49,766 INFO [cu-005-p2]                Sheet.java:1583 | Stored /sheet#1/sheet#1.xml
2026-06-24 14:31:49,766 INFO [cu-005-p2]                 Book.java:2525 | Book stored as omr/out/cu-005-p2.omr
2026-06-24 14:31:49,767 INFO [cu-005-p2]            SheetStub.java:1655 | Sheet disposed
2026-06-24 14:31:49,803 INFO [cu-005-p2]                 Book.java:2050 | End of Stub#1
2026-06-24 14:31:49,803 INFO [cu-005-p2]                 Book.java:2057 | End of Book{cu-005-p2}
2026-06-24 14:31:49,968 INFO [cu-005-p2]            SheetStub.java:1000 | Loaded /sheet#1/sheet#1.xml
2026-06-24 14:31:49,969 INFO [cu-005-p2]      PartwiseBuilder.java:2706 | Exporting sheet(s): [#1]
2026-06-24 14:31:49,993 INFO [cu-005-p2]        ScoreExporter.java:164  | Score cu-005-p2 exported to omr/out/cu-005-p2.mxl
2026-06-24 14:31:50,034 INFO [cu-005-p2]                Score.java:181  | Closing {Score 1}
