2026-06-24 14:31:29,300 INFO [cu-005-p1]                 Book.java:560  | 1 sheet in /home/runner/work/sambrass-tutor/sambrass-tutor/omr/input/cu-005-p1.png
2026-06-24 14:31:29,330 INFO []                 Book.java:2565 | Stored /book.xml
2026-06-24 14:31:29,330 INFO []                 Book.java:2525 | Book stored as omr/out/cu-005-p1.omr
2026-06-24 14:31:29,331 INFO []                 Book.java:1929 | Book reaching PAGE on sheets:[#1]
2026-06-24 14:31:29,331 INFO [cu-005-p1]       StepMonitoring.java:98   | LOAD
2026-06-24 14:31:29,436 INFO [cu-005-p1]            SheetStub.java:1278 | Loaded image #1 2480x3509 from /home/runner/work/sambrass-tutor/sambrass-tutor/omr/input/cu-005-p1.png
2026-06-24 14:31:29,436 INFO [cu-005-p1]            ImageUtil.java:124  | Converting max RGB to gray
2026-06-24 14:31:29,654 INFO [cu-005-p1]       StepMonitoring.java:98   | BINARY
2026-06-24 14:31:29,970 INFO [cu-005-p1]       StepMonitoring.java:98   | SCALE
2026-06-24 14:31:29,998 INFO [cu-005-p1]         ScaleBuilder.java:255  | Beam  guessed height: 13 -- mid of [6..20]
2026-06-24 14:31:29,998 INFO [cu-005-p1]         ScaleBuilder.java:271  | Beam measured height: 11 -- 0.36 of [6..20] range at 832% of needed quorum
2026-06-24 14:31:29,998 INFO [cu-005-p1]         ScaleBuilder.java:401  | Normalized black jitter: 4.76 %
2026-06-24 14:31:29,998 INFO [cu-005-p1]            ScaleStep.java:65   | Scale{ interline(20,21,21) line(2,3,3) beam(11)}
2026-06-24 14:31:29,999 INFO [cu-005-p1]       StepMonitoring.java:98   | GRID
2026-06-24 14:31:30,158 INFO [cu-005-p1]       LinesRetriever.java:1500 | Global slope: 0.00000
2026-06-24 14:31:30,177 INFO [cu-005-p1]    ClustersRetriever.java:326  | Retrieved raw line clusters: 10 of sizes [5] with interline(20,21,21)
2026-06-24 14:31:30,335 INFO [cu-005-p1]            PeakGraph.java:310  | Systems: #1[1] #2[2] #3[3] #4[4] #5[5] #6[6] #7[7] #8[8] #9[9] #10[10]
2026-06-24 14:31:30,468 INFO [cu-005-p1]        SystemManager.java:134  | Indentation detected for system #1
2026-06-24 14:31:30,468 INFO [cu-005-p1]        SystemManager.java:779  | 1 part along 10 systems
2026-06-24 14:31:30,468 INFO [cu-005-p1]                 Book.java:543  | Created scores: [{Score 1}]
2026-06-24 14:31:30,469 INFO [cu-005-p1]       StepMonitoring.java:98   | HEADERS
2026-06-24 14:31:30,682 INFO [cu-005-p1]       StepMonitoring.java:98   | STEM_SEEDS
2026-06-24 14:31:30,710 INFO [cu-005-p1]        StemSeedsStep.java:86   | stem(5 max:5)
2026-06-24 14:31:30,750 INFO [cu-005-p1]       StepMonitoring.java:98   | BEAMS
2026-06-24 14:31:33,727 INFO [cu-005-p1]       StepMonitoring.java:98   | LEDGERS
2026-06-24 14:31:33,814 INFO [cu-005-p1]       StepMonitoring.java:98   | HEADS
2026-06-24 14:31:38,848 INFO [cu-005-p1]        HeadSeedTally.java:235  | Scale information: HeadSeeds{NOTEHEAD_BLACK[L:-0.0,R:-1.0]}
2026-06-24 14:31:38,849 INFO [cu-005-p1]       StepMonitoring.java:98   | STEMS
2026-06-24 14:31:39,227 INFO [cu-005-p1]       StepMonitoring.java:98   | REDUCTION
2026-06-24 14:31:39,359 INFO [cu-005-p1]        ReductionStep.java:105  | Stems free length median value: 73 pixels, 3.5 interlines
2026-06-24 14:31:39,364 INFO [cu-005-p1]       StepMonitoring.java:98   | CUE_BEAMS
2026-06-24 14:31:39,365 INFO [cu-005-p1]         CueBeamsStep.java:81   | Step CUE_BEAMS is skipped because small heads switch is off
2026-06-24 14:31:39,365 INFO [cu-005-p1]       StepMonitoring.java:98   | TEXTS
2026-06-24 14:31:39,480 WARN [cu-005-p1]         TesseractOCR.java:335  | The collection of supported languages is empty
2026-06-24 14:31:39,480 INFO [cu-005-p1]              OcrUtil.java:106  | Missing support for 'eng' language(s)
2026-06-24 14:31:39,485 INFO [cu-005-p1]       StepMonitoring.java:98   | MEASURES
2026-06-24 14:31:39,487 INFO [cu-005-p1]                 Page.java:307  | 42 raw measures: [3 in system#1, 3 in system#2, 3 in system#3, 3 in system#4, 6 in system#5, 6 in system#6, 5 in system#7, 4 in system#8, 5 in system#9, 4 in system#10]
2026-06-24 14:31:39,487 INFO [cu-005-p1]       StepMonitoring.java:98   | CHORDS
2026-06-24 14:31:39,498 INFO [cu-005-p1]       StepMonitoring.java:98   | CURVES
2026-06-24 14:31:40,138 INFO [cu-005-p1]         SlursBuilder.java:240  | Slurs: 2
2026-06-24 14:31:40,142 INFO [cu-005-p1]      SegmentsBuilder.java:155  | Segments: 3
2026-06-24 14:31:40,144 INFO [cu-005-p1]       StepMonitoring.java:98   | SYMBOLS
2026-06-24 14:31:40,710 INFO [cu-005-p1]       StepMonitoring.java:98   | LINKS
2026-06-24 14:31:40,757 INFO [cu-005-p1]       StepMonitoring.java:98   | RHYTHMS
2026-06-24 14:31:40,784 INFO [cu-005-p1]                Voice.java:257  | Measure{#14} Voice{#1 excess:1/8} too long
2026-06-24 14:31:40,784 INFO [cu-005-p1]          StackRhythm.java:224  | S5 MeasureStack#14 no correct rhythm
2026-06-24 14:31:40,786 INFO [cu-005-p1]                Voice.java:257  | Measure{#17} Voice{#1 excess:1/8} too long
2026-06-24 14:31:40,787 INFO [cu-005-p1]          StackRhythm.java:224  | S5 MeasureStack#17 no correct rhythm
2026-06-24 14:31:40,813 INFO [cu-005-p1]       StepMonitoring.java:98   | PAGE
2026-06-24 14:31:40,814 INFO [cu-005-p1]                Voice.java:257  | Measure{#14} Voice{#1 excess:1/8} too long
2026-06-24 14:31:40,815 INFO [cu-005-p1]                Voice.java:257  | Measure{#17} Voice{#1 excess:1/8} too long
2026-06-24 14:31:40,816 INFO [cu-005-p1]                 Book.java:2584 | Book{cu-005-p1} storing
2026-06-24 14:31:40,868 INFO [cu-005-p1]                 Book.java:2565 | Stored /book.xml
2026-06-24 14:31:40,975 INFO [cu-005-p1]           DataHolder.java:348  | Stored /sheet#1/BINARY.png
2026-06-24 14:31:41,442 INFO [cu-005-p1]                Sheet.java:1583 | Stored /sheet#1/sheet#1.xml
2026-06-24 14:31:41,442 INFO [cu-005-p1]                 Book.java:2525 | Book stored as omr/out/cu-005-p1.omr
2026-06-24 14:31:41,443 INFO [cu-005-p1]            SheetStub.java:1655 | Sheet disposed
2026-06-24 14:31:41,472 INFO [cu-005-p1]                 Book.java:2050 | End of Stub#1
2026-06-24 14:31:41,473 INFO [cu-005-p1]                 Book.java:2057 | End of Book{cu-005-p1}
2026-06-24 14:31:41,795 INFO [cu-005-p1]            SheetStub.java:1000 | Loaded /sheet#1/sheet#1.xml
2026-06-24 14:31:41,796 INFO [cu-005-p1]      PartwiseBuilder.java:2706 | Exporting sheet(s): [#1]
2026-06-24 14:31:41,863 INFO [cu-005-p1]        ScoreExporter.java:164  | Score cu-005-p1 exported to omr/out/cu-005-p1.mxl
2026-06-24 14:31:41,904 INFO [cu-005-p1]                Score.java:181  | Closing {Score 1}
