2026-06-24 14:32:00,403 INFO [cu-006-p2]                 Book.java:560  | 1 sheet in /home/runner/work/sambrass-tutor/sambrass-tutor/omr/input/cu-006-p2.png
2026-06-24 14:32:00,446 INFO []                 Book.java:2565 | Stored /book.xml
2026-06-24 14:32:00,446 INFO []                 Book.java:2525 | Book stored as omr/out/cu-006-p2.omr
2026-06-24 14:32:00,447 INFO []                 Book.java:1929 | Book reaching PAGE on sheets:[#1]
2026-06-24 14:32:00,448 INFO [cu-006-p2]       StepMonitoring.java:98   | LOAD
2026-06-24 14:32:00,540 INFO [cu-006-p2]            SheetStub.java:1278 | Loaded image #1 2550x3300 from /home/runner/work/sambrass-tutor/sambrass-tutor/omr/input/cu-006-p2.png
2026-06-24 14:32:00,541 INFO [cu-006-p2]            ImageUtil.java:124  | Converting max RGB to gray
2026-06-24 14:32:00,638 INFO [cu-006-p2]       StepMonitoring.java:98   | BINARY
2026-06-24 14:32:00,948 INFO [cu-006-p2]       StepMonitoring.java:98   | SCALE
2026-06-24 14:32:00,951 INFO [cu-006-p2]         ScaleBuilder.java:255  | Beam  guessed height: 13 -- mid of [6..20]
2026-06-24 14:32:00,951 INFO [cu-006-p2]         ScaleBuilder.java:271  | Beam measured height: 11 -- 0.36 of [6..20] range at 1009% of needed quorum
2026-06-24 14:32:00,951 INFO [cu-006-p2]         ScaleBuilder.java:401  | Normalized black jitter: 4.76 %
2026-06-24 14:32:00,952 INFO [cu-006-p2]            ScaleStep.java:65   | Scale{ small_interline(15,16,17) interline(21,21,22) line(2,2,3) beam(11)}
2026-06-24 14:32:00,952 INFO [cu-006-p2]       StepMonitoring.java:98   | GRID
2026-06-24 14:32:01,016 INFO [cu-006-p2]       LinesRetriever.java:1500 | Global slope: 0.00000
2026-06-24 14:32:01,021 INFO [cu-006-p2]    ClustersRetriever.java:326  | Retrieved raw line clusters: 8 of sizes [5] with interline(21,21,22)
2026-06-24 14:32:01,021 INFO [cu-006-p2]       LinesRetriever.java:1516 | Searching clusters with smallInterline: 16
2026-06-24 14:32:01,021 INFO [cu-006-p2]    ClustersRetriever.java:326  | Retrieved raw line clusters: 0 of sizes [5] with interline(15,16,17)
2026-06-24 14:32:01,054 INFO [cu-006-p2]            PeakGraph.java:310  | Systems: #1[1] #2[2] #3[3] #4[4] #5[5] #6[6] #7[7] #8[8]
2026-06-24 14:32:01,167 INFO [cu-006-p2]        SystemManager.java:779  | 1 part along 8 systems
2026-06-24 14:32:01,167 INFO [cu-006-p2]                 Book.java:543  | Created scores: [{Score 1}]
2026-06-24 14:32:01,167 INFO [cu-006-p2]       StepMonitoring.java:98   | HEADERS
2026-06-24 14:32:01,300 INFO [cu-006-p2]       StepMonitoring.java:98   | STEM_SEEDS
2026-06-24 14:32:01,325 INFO [cu-006-p2]        StemSeedsStep.java:86   | stem(2 max:3)
2026-06-24 14:32:01,331 INFO [cu-006-p2]       StepMonitoring.java:98   | BEAMS
2026-06-24 14:32:03,978 INFO [cu-006-p2]       StepMonitoring.java:98   | LEDGERS
2026-06-24 14:32:04,024 INFO [cu-006-p2]       StepMonitoring.java:98   | HEADS
2026-06-24 14:32:08,342 INFO [cu-006-p2]        HeadSeedTally.java:235  | Scale information: HeadSeeds{NOTEHEAD_BLACK[L:-0.5,R:-0.3]}
2026-06-24 14:32:08,342 INFO [cu-006-p2]       StepMonitoring.java:98   | STEMS
2026-06-24 14:32:08,782 INFO [cu-006-p2]       StepMonitoring.java:98   | REDUCTION
2026-06-24 14:32:08,829 INFO [cu-006-p2]        ReductionStep.java:105  | Stems free length median value: 75 pixels, 3.6 interlines
2026-06-24 14:32:08,831 INFO [cu-006-p2]       StepMonitoring.java:98   | CUE_BEAMS
2026-06-24 14:32:08,831 INFO [cu-006-p2]         CueBeamsStep.java:81   | Step CUE_BEAMS is skipped because small heads switch is off
2026-06-24 14:32:08,832 INFO [cu-006-p2]       StepMonitoring.java:98   | TEXTS
2026-06-24 14:32:08,925 WARN [cu-006-p2]         TesseractOCR.java:335  | The collection of supported languages is empty
2026-06-24 14:32:08,925 INFO [cu-006-p2]              OcrUtil.java:106  | Missing support for 'eng' language(s)
2026-06-24 14:32:08,926 INFO [cu-006-p2]       StepMonitoring.java:98   | MEASURES
2026-06-24 14:32:08,927 INFO [cu-006-p2]                 Page.java:307  | 24 raw measures: [4 in system#1, 3 in system#2, 3 in system#3, 3 in system#4, 3 in system#5, 3 in system#6, 3 in system#7, 2 in system#8]
2026-06-24 14:32:08,928 INFO [cu-006-p2]       StepMonitoring.java:98   | CHORDS
2026-06-24 14:32:08,931 INFO [cu-006-p2]       StepMonitoring.java:98   | CURVES
2026-06-24 14:32:09,341 INFO [cu-006-p2]         SlursBuilder.java:240  | Slurs: 11
2026-06-24 14:32:09,345 INFO [cu-006-p2]      SegmentsBuilder.java:155  | Segments: 9
2026-06-24 14:32:09,345 INFO [cu-006-p2]       StepMonitoring.java:98   | SYMBOLS
2026-06-24 14:32:09,504 INFO [cu-006-p2]       StepMonitoring.java:98   | LINKS
2026-06-24 14:32:09,504 INFO [cu-006-p2]        SymbolsLinker.java:258  | No chord linked to OctaveShiftInter#5386{(0.147) staff:1 OTTAVA BASSA} at java.awt.Point[x=184,y=577]
2026-06-24 14:32:09,508 INFO [cu-006-p2]        SymbolsLinker.java:258  | No chord linked to OctaveShiftInter#5412{(0.147) staff:2 OTTAVA ALTA} at java.awt.Point[x=184,y=577]
2026-06-24 14:32:09,529 INFO [cu-006-p2]       StepMonitoring.java:98   | RHYTHMS
2026-06-24 14:32:09,552 INFO [cu-006-p2]       StepMonitoring.java:98   | PAGE
2026-06-24 14:32:09,553 WARN [cu-006-p2]         MeasureFixer.java:343  | System#1 No target duration for measures local IDs [1, 2, 3, 4], please check time signatures
2026-06-24 14:32:09,553 WARN [cu-006-p2]         MeasureFixer.java:343  | System#2 No target duration for measures local IDs [5, 6, 7], please check time signatures
2026-06-24 14:32:09,553 WARN [cu-006-p2]         MeasureFixer.java:343  | System#3 No target duration for measures local IDs [8, 9, 10], please check time signatures
2026-06-24 14:32:09,553 WARN [cu-006-p2]         MeasureFixer.java:343  | System#4 No target duration for measures local IDs [11, 12, 13], please check time signatures
2026-06-24 14:32:09,553 WARN [cu-006-p2]         MeasureFixer.java:343  | System#5 No target duration for measures local IDs [14, 15, 16], please check time signatures
2026-06-24 14:32:09,554 WARN [cu-006-p2]         MeasureFixer.java:343  | System#6 No target duration for measures local IDs [17, 18, 19], please check time signatures
2026-06-24 14:32:09,554 WARN [cu-006-p2]         MeasureFixer.java:343  | System#7 No target duration for measures local IDs [20, 21, 22], please check time signatures
2026-06-24 14:32:09,554 WARN [cu-006-p2]         MeasureFixer.java:343  | System#8 No target duration for measures local IDs [23, 24], please check time signatures
2026-06-24 14:32:09,555 INFO [cu-006-p2]                 Book.java:2584 | Book{cu-006-p2} storing
2026-06-24 14:32:09,623 INFO [cu-006-p2]                 Book.java:2565 | Stored /book.xml
2026-06-24 14:32:09,697 INFO [cu-006-p2]           DataHolder.java:348  | Stored /sheet#1/BINARY.png
2026-06-24 14:32:09,967 INFO [cu-006-p2]                Sheet.java:1583 | Stored /sheet#1/sheet#1.xml
2026-06-24 14:32:09,967 INFO [cu-006-p2]                 Book.java:2525 | Book stored as omr/out/cu-006-p2.omr
2026-06-24 14:32:09,968 INFO [cu-006-p2]            SheetStub.java:1655 | Sheet disposed
2026-06-24 14:32:10,011 INFO [cu-006-p2]                 Book.java:2050 | End of Stub#1
2026-06-24 14:32:10,012 INFO [cu-006-p2]                 Book.java:2057 | End of Book{cu-006-p2}
2026-06-24 14:32:10,197 INFO [cu-006-p2]            SheetStub.java:1000 | Loaded /sheet#1/sheet#1.xml
2026-06-24 14:32:10,198 INFO [cu-006-p2]      PartwiseBuilder.java:2706 | Exporting sheet(s): [#1]
2026-06-24 14:32:10,227 INFO [cu-006-p2]        ScoreExporter.java:164  | Score cu-006-p2 exported to omr/out/cu-006-p2.mxl
2026-06-24 14:32:10,276 INFO [cu-006-p2]                Score.java:181  | Closing {Score 1}
