2026-06-24 14:33:25,403 INFO [cu-013]                 Book.java:560  | 1 sheet in /home/runner/work/sambrass-tutor/sambrass-tutor/omr/input/cu-013.png
2026-06-24 14:33:25,473 INFO []                 Book.java:2565 | Stored /book.xml
2026-06-24 14:33:25,474 INFO []                 Book.java:2525 | Book stored as omr/out/cu-013.omr
2026-06-24 14:33:25,474 INFO []                 Book.java:1929 | Book reaching PAGE on sheets:[#1]
2026-06-24 14:33:25,474 INFO [cu-013]       StepMonitoring.java:98   | LOAD
2026-06-24 14:33:25,570 INFO [cu-013]            SheetStub.java:1278 | Loaded image #1 2480x3509 from /home/runner/work/sambrass-tutor/sambrass-tutor/omr/input/cu-013.png
2026-06-24 14:33:25,570 INFO [cu-013]            ImageUtil.java:124  | Converting max RGB to gray
2026-06-24 14:33:25,676 INFO [cu-013]       StepMonitoring.java:98   | BINARY
2026-06-24 14:33:25,989 INFO [cu-013]       StepMonitoring.java:98   | SCALE
2026-06-24 14:33:25,990 INFO [cu-013]         ScaleBuilder.java:255  | Beam  guessed height: 13 -- mid of [6..20]
2026-06-24 14:33:25,990 INFO [cu-013]         ScaleBuilder.java:271  | Beam measured height: 11 -- 0.36 of [6..20] range at 597% of needed quorum
2026-06-24 14:33:25,990 INFO [cu-013]         ScaleBuilder.java:401  | Normalized black jitter: 4.76 %
2026-06-24 14:33:25,990 INFO [cu-013]            ScaleStep.java:65   | Scale{ interline(20,21,21) line(2,3,3) beam(11)}
2026-06-24 14:33:25,991 INFO [cu-013]       StepMonitoring.java:98   | GRID
2026-06-24 14:33:26,039 INFO [cu-013]       LinesRetriever.java:1500 | Global slope: 0.00000
2026-06-24 14:33:26,043 INFO [cu-013]    ClustersRetriever.java:326  | Retrieved raw line clusters: 6 of sizes [5] with interline(20,21,21)
2026-06-24 14:33:26,060 INFO [cu-013]            PeakGraph.java:310  | Systems: #1[1] #2[2] #3[3] #4[4] #5[5] #6[6]
2026-06-24 14:33:26,118 INFO [cu-013]        SystemManager.java:134  | Indentation detected for system #1
2026-06-24 14:33:26,119 INFO [cu-013]        SystemManager.java:779  | 1 part along 6 systems
2026-06-24 14:33:26,119 INFO [cu-013]                 Book.java:543  | Created scores: [{Score 1}]
2026-06-24 14:33:26,119 INFO [cu-013]       StepMonitoring.java:98   | HEADERS
2026-06-24 14:33:26,246 INFO [cu-013]       StepMonitoring.java:98   | STEM_SEEDS
2026-06-24 14:33:26,269 INFO [cu-013]        StemSeedsStep.java:86   | stem(5 max:5)
2026-06-24 14:33:26,275 INFO [cu-013]       StepMonitoring.java:98   | BEAMS
2026-06-24 14:33:28,843 INFO [cu-013]       StepMonitoring.java:98   | LEDGERS
2026-06-24 14:33:28,884 INFO [cu-013]       StepMonitoring.java:98   | HEADS
2026-06-24 14:33:31,960 INFO [cu-013]        HeadSeedTally.java:235  | Scale information: HeadSeeds{NOTEHEAD_BLACK[L:-0.0,R:-0.9]}
2026-06-24 14:33:31,961 INFO [cu-013]       StepMonitoring.java:98   | STEMS
2026-06-24 14:33:32,128 INFO [cu-013]       StepMonitoring.java:98   | REDUCTION
2026-06-24 14:33:32,155 INFO [cu-013]        ReductionStep.java:105  | Stems free length median value: 73 pixels, 3.5 interlines
2026-06-24 14:33:32,157 INFO [cu-013]       StepMonitoring.java:98   | CUE_BEAMS
2026-06-24 14:33:32,157 INFO [cu-013]         CueBeamsStep.java:81   | Step CUE_BEAMS is skipped because small heads switch is off
2026-06-24 14:33:32,157 INFO [cu-013]       StepMonitoring.java:98   | TEXTS
2026-06-24 14:33:32,207 WARN [cu-013]         TesseractOCR.java:335  | The collection of supported languages is empty
2026-06-24 14:33:32,207 INFO [cu-013]              OcrUtil.java:106  | Missing support for 'eng' language(s)
2026-06-24 14:33:32,208 INFO [cu-013]       StepMonitoring.java:98   | MEASURES
2026-06-24 14:33:32,209 INFO [cu-013]                 Page.java:307  | 50 raw measures: [10 in system#1, 8 in system#2, 8 in system#3, 7 in system#4, 9 in system#5, 8 in system#6]
2026-06-24 14:33:32,209 INFO [cu-013]       StepMonitoring.java:98   | CHORDS
2026-06-24 14:33:32,211 INFO [cu-013]       StepMonitoring.java:98   | CURVES
2026-06-24 14:33:32,643 INFO [cu-013]         SlursBuilder.java:240  | Slurs: 20
2026-06-24 14:33:32,646 INFO [cu-013]      SegmentsBuilder.java:155  | Segments: 7
2026-06-24 14:33:32,646 INFO [cu-013]       StepMonitoring.java:98   | SYMBOLS
2026-06-24 14:33:33,243 INFO [cu-013]       StepMonitoring.java:98   | LINKS
2026-06-24 14:33:33,244 INFO [cu-013]        SymbolsLinker.java:258  | No chord linked to OctaveShiftInter#4736{(0.684) staff:1 OTTAVA ALTA} at java.awt.Point[x=458,y=213]
2026-06-24 14:33:33,244 INFO [cu-013]             KeyInter.java:1198 | No effective key before AlterInter#4792{(0.798) staff:1 NATURAL pitch:-1.0}
2026-06-24 14:33:33,248 INFO [cu-013]             KeyInter.java:1198 | No effective key before AlterInter#4869{(0.798) staff:3 NATURAL pitch:2.0}
2026-06-24 14:33:33,250 INFO [cu-013]             KeyInter.java:1198 | No effective key before AlterInter#4878{(0.798) staff:4 NATURAL pitch:2.0}
2026-06-24 14:33:33,250 INFO [cu-013]             KeyInter.java:1198 | No effective key before AlterInter#4880{(0.798) staff:4 NATURAL pitch:2.0}
2026-06-24 14:33:33,250 INFO [cu-013]             KeyInter.java:1198 | No effective key before AlterInter#4881{(0.798) staff:4 NATURAL pitch:2.0}
2026-06-24 14:33:33,253 INFO [cu-013]             KeyInter.java:1198 | No effective key before AlterInter#4890{(0.799) staff:5 NATURAL pitch:-5.0}
2026-06-24 14:33:33,253 INFO [cu-013]             KeyInter.java:1198 | No effective key before AlterInter#4893{(0.799) staff:5 NATURAL pitch:-5.0}
2026-06-24 14:33:33,256 INFO [cu-013]       StepMonitoring.java:98   | RHYTHMS
2026-06-24 14:33:33,264 INFO [cu-013]       StepMonitoring.java:98   | PAGE
2026-06-24 14:33:33,265 WARN [cu-013]         MeasureFixer.java:343  | System#1 No target duration for measures local IDs [1, 2, 3, 4, 5, 6, 7, 8, 9, 10], please check time signatures
2026-06-24 14:33:33,265 WARN [cu-013]         MeasureFixer.java:343  | System#2 No target duration for measures local IDs [11, 12, 13, 14, 15, 16, 17, 18], please check time signatures
2026-06-24 14:33:33,265 WARN [cu-013]         MeasureFixer.java:343  | System#3 No target duration for measures local IDs [19, 20, 21, 22, 23, 24, 25, 26], please check time signatures
2026-06-24 14:33:33,265 WARN [cu-013]         MeasureFixer.java:343  | System#4 No target duration for measures local IDs [27, 28, 29, 30, 31, 32, 33], please check time signatures
2026-06-24 14:33:33,265 WARN [cu-013]         MeasureFixer.java:343  | System#5 No target duration for measures local IDs [34, 35, 36, 37, 38, 39, 40, 41, 42], please check time signatures
2026-06-24 14:33:33,265 WARN [cu-013]         MeasureFixer.java:343  | System#6 No target duration for measures local IDs [43, 44, 45, 46, 47, 48, 49, 50], please check time signatures
2026-06-24 14:33:33,265 INFO [cu-013]                 Book.java:2584 | Book{cu-013} storing
2026-06-24 14:33:33,353 INFO [cu-013]                 Book.java:2565 | Stored /book.xml
2026-06-24 14:33:33,429 INFO [cu-013]           DataHolder.java:348  | Stored /sheet#1/BINARY.png
2026-06-24 14:33:33,603 INFO [cu-013]                Sheet.java:1583 | Stored /sheet#1/sheet#1.xml
2026-06-24 14:33:33,603 INFO [cu-013]                 Book.java:2525 | Book stored as omr/out/cu-013.omr
2026-06-24 14:33:33,604 INFO [cu-013]            SheetStub.java:1655 | Sheet disposed
2026-06-24 14:33:33,673 INFO [cu-013]                 Book.java:2050 | End of Stub#1
2026-06-24 14:33:33,674 INFO [cu-013]                 Book.java:2057 | End of Book{cu-013}
2026-06-24 14:33:33,810 INFO [cu-013]            SheetStub.java:1000 | Loaded /sheet#1/sheet#1.xml
2026-06-24 14:33:33,811 INFO [cu-013]      PartwiseBuilder.java:2706 | Exporting sheet(s): [#1]
2026-06-24 14:33:33,826 INFO [cu-013]        ScoreExporter.java:164  | Score cu-013 exported to omr/out/cu-013.mxl
2026-06-24 14:33:33,900 INFO [cu-013]                Score.java:181  | Closing {Score 1}
