2026-06-24 14:31:50,073 INFO [cu-006-p1]                 Book.java:560  | 1 sheet in /home/runner/work/sambrass-tutor/sambrass-tutor/omr/input/cu-006-p1.png
2026-06-24 14:31:50,114 INFO []                 Book.java:2565 | Stored /book.xml
2026-06-24 14:31:50,114 INFO []                 Book.java:2525 | Book stored as omr/out/cu-006-p1.omr
2026-06-24 14:31:50,115 INFO []                 Book.java:1929 | Book reaching PAGE on sheets:[#1]
2026-06-24 14:31:50,115 INFO [cu-006-p1]       StepMonitoring.java:98   | LOAD
2026-06-24 14:31:50,206 INFO [cu-006-p1]            SheetStub.java:1278 | Loaded image #1 2550x3300 from /home/runner/work/sambrass-tutor/sambrass-tutor/omr/input/cu-006-p1.png
2026-06-24 14:31:50,206 INFO [cu-006-p1]            ImageUtil.java:124  | Converting max RGB to gray
2026-06-24 14:31:50,306 INFO [cu-006-p1]       StepMonitoring.java:98   | BINARY
2026-06-24 14:31:50,618 INFO [cu-006-p1]       StepMonitoring.java:98   | SCALE
2026-06-24 14:31:50,623 INFO [cu-006-p1]         ScaleBuilder.java:255  | Beam  guessed height: 13 -- mid of [6..20]
2026-06-24 14:31:50,623 INFO [cu-006-p1]         ScaleBuilder.java:271  | Beam measured height: 11 -- 0.36 of [6..20] range at 1056% of needed quorum
2026-06-24 14:31:50,623 INFO [cu-006-p1]         ScaleBuilder.java:401  | Normalized black jitter: 4.76 %
2026-06-24 14:31:50,624 INFO [cu-006-p1]            ScaleStep.java:65   | Scale{ small_interline(15,16,17) interline(21,21,22) line(2,2,3) beam(11)}
2026-06-24 14:31:50,624 INFO [cu-006-p1]       StepMonitoring.java:98   | GRID
2026-06-24 14:31:50,708 INFO [cu-006-p1]       LinesRetriever.java:1500 | Global slope: 0.00000
2026-06-24 14:31:50,714 INFO [cu-006-p1]    ClustersRetriever.java:326  | Retrieved raw line clusters: 8 of sizes [5] with interline(21,21,22)
2026-06-24 14:31:50,714 INFO [cu-006-p1]       LinesRetriever.java:1516 | Searching clusters with smallInterline: 16
2026-06-24 14:31:50,715 INFO [cu-006-p1]    ClustersRetriever.java:326  | Retrieved raw line clusters: 0 of sizes [5] with interline(15,16,17)
2026-06-24 14:31:50,749 INFO [cu-006-p1]            PeakGraph.java:310  | Systems: #1[1] #2[2] #3[3] #4[4] #5[5] #6[6] #7[7] #8[8]
2026-06-24 14:31:50,848 INFO [cu-006-p1]        SystemManager.java:134  | Indentation detected for system #1
2026-06-24 14:31:50,848 INFO [cu-006-p1]        SystemManager.java:779  | 1 part along 8 systems
2026-06-24 14:31:50,848 INFO [cu-006-p1]                 Book.java:543  | Created scores: [{Score 1}]
2026-06-24 14:31:50,849 INFO [cu-006-p1]       StepMonitoring.java:98   | HEADERS
2026-06-24 14:31:50,982 INFO [cu-006-p1]       StepMonitoring.java:98   | STEM_SEEDS
2026-06-24 14:31:51,009 INFO [cu-006-p1]        StemSeedsStep.java:86   | stem(2 max:3)
2026-06-24 14:31:51,018 INFO [cu-006-p1]       StepMonitoring.java:98   | BEAMS
2026-06-24 14:31:53,829 INFO [cu-006-p1]       StepMonitoring.java:98   | LEDGERS
2026-06-24 14:31:53,895 INFO [cu-006-p1]       StepMonitoring.java:98   | HEADS
2026-06-24 14:31:58,197 INFO [cu-006-p1]        HeadSeedTally.java:235  | Scale information: HeadSeeds{NOTEHEAD_BLACK[L:-0.4,R:-0.4]}
2026-06-24 14:31:58,197 INFO [cu-006-p1]       StepMonitoring.java:98   | STEMS
2026-06-24 14:31:58,497 INFO [cu-006-p1]       StepMonitoring.java:98   | REDUCTION
2026-06-24 14:31:58,568 INFO [cu-006-p1]        ReductionStep.java:105  | Stems free length median value: 75 pixels, 3.6 interlines
2026-06-24 14:31:58,577 INFO [cu-006-p1]       StepMonitoring.java:98   | CUE_BEAMS
2026-06-24 14:31:58,578 INFO [cu-006-p1]         CueBeamsStep.java:81   | Step CUE_BEAMS is skipped because small heads switch is off
2026-06-24 14:31:58,579 INFO [cu-006-p1]       StepMonitoring.java:98   | TEXTS
2026-06-24 14:31:58,714 WARN [cu-006-p1]         TesseractOCR.java:335  | The collection of supported languages is empty
2026-06-24 14:31:58,714 INFO [cu-006-p1]              OcrUtil.java:106  | Missing support for 'eng' language(s)
2026-06-24 14:31:58,717 INFO [cu-006-p1]       StepMonitoring.java:98   | MEASURES
2026-06-24 14:31:58,718 INFO [cu-006-p1]                 Page.java:307  | 25 raw measures: [3 in system#1, 3 in system#2, 3 in system#3, 3 in system#4, 3 in system#5, 3 in system#6, 3 in system#7, 4 in system#8]
2026-06-24 14:31:58,718 INFO [cu-006-p1]       StepMonitoring.java:98   | CHORDS
2026-06-24 14:31:58,724 INFO [cu-006-p1]       StepMonitoring.java:98   | CURVES
2026-06-24 14:31:59,184 INFO [cu-006-p1]         SlursBuilder.java:240  | Slurs: 0
2026-06-24 14:31:59,186 INFO [cu-006-p1]      SegmentsBuilder.java:155  | Segments: 12
2026-06-24 14:31:59,188 INFO [cu-006-p1]       StepMonitoring.java:98   | SYMBOLS
2026-06-24 14:31:59,481 INFO [cu-006-p1]       StepMonitoring.java:98   | LINKS
2026-06-24 14:31:59,482 INFO [cu-006-p1]        SymbolsLinker.java:258  | No chord linked to OctaveShiftInter#5886{(0.347) staff:1 OTTAVA ALTA} at java.awt.Point[x=393,y=172]
2026-06-24 14:31:59,488 INFO [cu-006-p1]        SymbolsLinker.java:258  | No chord linked to OctaveShiftInter#5916{(0.147) staff:3 OTTAVA BASSA} at java.awt.Point[x=184,y=1479]
2026-06-24 14:31:59,494 INFO [cu-006-p1]        SymbolsLinker.java:258  | No chord linked to OctaveShiftInter#5933{(0.147) staff:4 OTTAVA ALTA} at java.awt.Point[x=184,y=1479]
2026-06-24 14:31:59,516 INFO [cu-006-p1]        SymbolsLinker.java:258  | No chord linked to OctaveShiftInter#5983{(0.421) staff:8 OTTAVA ALTA} at java.awt.Point[x=1231,y=2804]
2026-06-24 14:31:59,517 INFO [cu-006-p1]        SymbolsLinker.java:258  | No chord linked to OctaveShiftInter#5984{(0.397) staff:8 OTTAVA ALTA} at java.awt.Point[x=1206,y=2804]
2026-06-24 14:31:59,522 INFO [cu-006-p1]       StepMonitoring.java:98   | RHYTHMS
2026-06-24 14:31:59,545 INFO [cu-006-p1]        MeasureRhythm.java:1044 | Measure{#12} No timeOffset for HeadChordInter#5544{(0.958/0.958) staff:4 slot#8 dur:1/16}
2026-06-24 14:31:59,545 INFO [cu-006-p1]   AbstractChordInter.java:627  | Measure{#12} No timeOffset for HeadChordInter#5547{(0.957/0.957) staff:4 slot#11 dur:1/16}
2026-06-24 14:31:59,546 INFO [cu-006-p1]          StackRhythm.java:224  | S4 MeasureStack#12 no correct rhythm
2026-06-24 14:31:59,564 INFO [cu-006-p1]       StepMonitoring.java:98   | PAGE
2026-06-24 14:31:59,566 INFO [cu-006-p1]                 Book.java:2584 | Book{cu-006-p1} storing
2026-06-24 14:31:59,631 INFO [cu-006-p1]                 Book.java:2565 | Stored /book.xml
2026-06-24 14:31:59,708 INFO [cu-006-p1]           DataHolder.java:348  | Stored /sheet#1/BINARY.png
2026-06-24 14:32:00,017 INFO [cu-006-p1]                Sheet.java:1583 | Stored /sheet#1/sheet#1.xml
2026-06-24 14:32:00,017 INFO [cu-006-p1]                 Book.java:2525 | Book stored as omr/out/cu-006-p1.omr
2026-06-24 14:32:00,018 INFO [cu-006-p1]            SheetStub.java:1655 | Sheet disposed
2026-06-24 14:32:00,055 INFO [cu-006-p1]                 Book.java:2050 | End of Stub#1
2026-06-24 14:32:00,056 INFO [cu-006-p1]                 Book.java:2057 | End of Book{cu-006-p1}
2026-06-24 14:32:00,269 INFO [cu-006-p1]            SheetStub.java:1000 | Loaded /sheet#1/sheet#1.xml
2026-06-24 14:32:00,271 INFO [cu-006-p1]      PartwiseBuilder.java:2706 | Exporting sheet(s): [#1]
2026-06-24 14:32:00,306 INFO [cu-006-p1]        ScoreExporter.java:164  | Score cu-006-p1 exported to omr/out/cu-006-p1.mxl
2026-06-24 14:32:00,360 INFO [cu-006-p1]                Score.java:181  | Closing {Score 1}
