2026-06-24 14:32:59,887 INFO [cu-010-p2]                 Book.java:560  | 1 sheet in /home/runner/work/sambrass-tutor/sambrass-tutor/omr/input/cu-010-p2.png
2026-06-24 14:32:59,947 INFO []                 Book.java:2565 | Stored /book.xml
2026-06-24 14:32:59,948 INFO []                 Book.java:2525 | Book stored as omr/out/cu-010-p2.omr
2026-06-24 14:32:59,948 INFO []                 Book.java:1929 | Book reaching PAGE on sheets:[#1]
2026-06-24 14:32:59,949 INFO [cu-010-p2]       StepMonitoring.java:98   | LOAD
2026-06-24 14:33:00,034 INFO [cu-010-p2]            SheetStub.java:1278 | Loaded image #1 2550x3300 from /home/runner/work/sambrass-tutor/sambrass-tutor/omr/input/cu-010-p2.png
2026-06-24 14:33:00,034 INFO [cu-010-p2]            ImageUtil.java:124  | Converting max RGB to gray
2026-06-24 14:33:00,137 INFO [cu-010-p2]       StepMonitoring.java:98   | BINARY
2026-06-24 14:33:00,445 INFO [cu-010-p2]       StepMonitoring.java:98   | SCALE
2026-06-24 14:33:00,446 INFO [cu-010-p2]         ScaleBuilder.java:255  | Beam  guessed height: 15 -- mid of [7..24]
2026-06-24 14:33:00,446 INFO [cu-010-p2]         ScaleBuilder.java:271  | Beam measured height: 13 -- 0.35 of [7..24] range at 932% of needed quorum
2026-06-24 14:33:00,446 INFO [cu-010-p2]         ScaleBuilder.java:401  | Normalized black jitter: 4.00 %
2026-06-24 14:33:00,446 INFO [cu-010-p2]            ScaleStep.java:65   | Scale{ small_interline(18,19,20) interline(24,25,26) line(3,3,4) small_beam(11) beam(13)}
2026-06-24 14:33:00,447 INFO [cu-010-p2]       StepMonitoring.java:98   | GRID
2026-06-24 14:33:00,491 INFO [cu-010-p2]       LinesRetriever.java:1500 | Global slope: 0.00000
2026-06-24 14:33:00,494 INFO [cu-010-p2]    ClustersRetriever.java:326  | Retrieved raw line clusters: 5 of sizes [5] with interline(24,25,26)
2026-06-24 14:33:00,494 INFO [cu-010-p2]       LinesRetriever.java:1516 | Searching clusters with smallInterline: 19
2026-06-24 14:33:00,494 INFO [cu-010-p2]    ClustersRetriever.java:326  | Retrieved raw line clusters: 0 of sizes [5] with interline(18,19,20)
2026-06-24 14:33:00,504 INFO [cu-010-p2]            PeakGraph.java:310  | Systems: #1[1] #2[2] #3[3] #4[4] #5[5]
2026-06-24 14:33:00,562 INFO [cu-010-p2]        SystemManager.java:779  | 1 part along 5 systems
2026-06-24 14:33:00,563 INFO [cu-010-p2]                 Book.java:543  | Created scores: [{Score 1}]
2026-06-24 14:33:00,563 INFO [cu-010-p2]       StepMonitoring.java:98   | HEADERS
2026-06-24 14:33:00,642 INFO [cu-010-p2]       StepMonitoring.java:98   | STEM_SEEDS
2026-06-24 14:33:00,663 INFO [cu-010-p2]        StemSeedsStep.java:86   | stem(5 max:5)
2026-06-24 14:33:00,666 INFO [cu-010-p2]       StepMonitoring.java:98   | BEAMS
2026-06-24 14:33:03,155 INFO [cu-010-p2]       StepMonitoring.java:98   | LEDGERS
2026-06-24 14:33:03,181 INFO [cu-010-p2]       StepMonitoring.java:98   | HEADS
2026-06-24 14:33:06,432 INFO [cu-010-p2]        HeadSeedTally.java:235  | Scale information: HeadSeeds{NOTEHEAD_BLACK[L:0.5,R:0.5]}
2026-06-24 14:33:06,433 INFO [cu-010-p2]       StepMonitoring.java:98   | STEMS
2026-06-24 14:33:06,513 INFO [cu-010-p2]       StepMonitoring.java:98   | REDUCTION
2026-06-24 14:33:06,525 INFO [cu-010-p2]        ReductionStep.java:105  | Stems free length median value: 89 pixels, 3.6 interlines
2026-06-24 14:33:06,526 INFO [cu-010-p2]       StepMonitoring.java:98   | CUE_BEAMS
2026-06-24 14:33:06,526 INFO [cu-010-p2]         CueBeamsStep.java:81   | Step CUE_BEAMS is skipped because small heads switch is off
2026-06-24 14:33:06,526 INFO [cu-010-p2]       StepMonitoring.java:98   | TEXTS
2026-06-24 14:33:06,569 WARN [cu-010-p2]         TesseractOCR.java:335  | The collection of supported languages is empty
2026-06-24 14:33:06,569 INFO [cu-010-p2]              OcrUtil.java:106  | Missing support for 'eng' language(s)
2026-06-24 14:33:06,570 INFO [cu-010-p2]       StepMonitoring.java:98   | MEASURES
2026-06-24 14:33:06,571 INFO [cu-010-p2]                 Page.java:307  | 22 raw measures: [4 in system#1, 4 in system#2, 5 in system#3, 5 in system#4, 4 in system#5]
2026-06-24 14:33:06,571 INFO [cu-010-p2]       StepMonitoring.java:98   | CHORDS
2026-06-24 14:33:06,572 INFO [cu-010-p2]       StepMonitoring.java:98   | CURVES
2026-06-24 14:33:06,959 INFO [cu-010-p2]         SlursBuilder.java:240  | Slurs: 14
2026-06-24 14:33:06,961 INFO [cu-010-p2]      SegmentsBuilder.java:155  | Segments: 9
2026-06-24 14:33:06,964 WARN [cu-010-p2]         TesseractOCR.java:335  | The collection of supported languages is empty
2026-06-24 14:33:06,964 INFO [cu-010-p2]              OcrUtil.java:106  | Missing support for 'eng' language(s)
2026-06-24 14:33:06,964 INFO [cu-010-p2]    RehearsalsBuilder.java:199  | No text found in rehearsal enclosure java.awt.Rectangle[x=265,y=91,width=69,height=67]
2026-06-24 14:33:06,966 WARN [cu-010-p2]         TesseractOCR.java:335  | The collection of supported languages is empty
2026-06-24 14:33:06,966 INFO [cu-010-p2]              OcrUtil.java:106  | Missing support for 'eng' language(s)
2026-06-24 14:33:06,967 INFO [cu-010-p2]    RehearsalsBuilder.java:199  | No text found in rehearsal enclosure java.awt.Rectangle[x=341,y=1085,width=69,height=67]
2026-06-24 14:33:06,967 INFO [cu-010-p2]       StepMonitoring.java:98   | SYMBOLS
2026-06-24 14:33:07,134 INFO [cu-010-p2]       StepMonitoring.java:98   | LINKS
2026-06-24 14:33:07,140 INFO [cu-010-p2]             KeyInter.java:1198 | No effective key before AlterInter#2335{(0.800) staff:5 NATURAL pitch:-1.0}
2026-06-24 14:33:07,143 INFO [cu-010-p2]       StepMonitoring.java:98   | RHYTHMS
2026-06-24 14:33:07,147 INFO [cu-010-p2]       StepMonitoring.java:98   | PAGE
2026-06-24 14:33:07,148 WARN [cu-010-p2]         MeasureFixer.java:343  | System#1 No target duration for measures local IDs [1, 2, 3, 4], please check time signatures
2026-06-24 14:33:07,148 WARN [cu-010-p2]         MeasureFixer.java:343  | System#2 No target duration for measures local IDs [5, 6, 7, 8], please check time signatures
2026-06-24 14:33:07,148 WARN [cu-010-p2]         MeasureFixer.java:343  | System#3 No target duration for measures local IDs [9, 10, 11, 12, 13], please check time signatures
2026-06-24 14:33:07,148 WARN [cu-010-p2]         MeasureFixer.java:343  | System#4 No target duration for measures local IDs [14, 15, 16, 17, 18], please check time signatures
2026-06-24 14:33:07,148 WARN [cu-010-p2]         MeasureFixer.java:343  | System#5 No target duration for measures local IDs [19, 20, 21, 22], please check time signatures
2026-06-24 14:33:07,149 INFO [cu-010-p2]                 Book.java:2584 | Book{cu-010-p2} storing
2026-06-24 14:33:07,226 INFO [cu-010-p2]                 Book.java:2565 | Stored /book.xml
2026-06-24 14:33:07,297 INFO [cu-010-p2]           DataHolder.java:348  | Stored /sheet#1/BINARY.png
2026-06-24 14:33:07,423 INFO [cu-010-p2]                Sheet.java:1583 | Stored /sheet#1/sheet#1.xml
2026-06-24 14:33:07,423 INFO [cu-010-p2]                 Book.java:2525 | Book stored as omr/out/cu-010-p2.omr
2026-06-24 14:33:07,424 INFO [cu-010-p2]            SheetStub.java:1655 | Sheet disposed
2026-06-24 14:33:07,486 INFO [cu-010-p2]                 Book.java:2050 | End of Stub#1
2026-06-24 14:33:07,487 INFO [cu-010-p2]                 Book.java:2057 | End of Book{cu-010-p2}
2026-06-24 14:33:07,603 INFO [cu-010-p2]            SheetStub.java:1000 | Loaded /sheet#1/sheet#1.xml
2026-06-24 14:33:07,604 INFO [cu-010-p2]      PartwiseBuilder.java:2706 | Exporting sheet(s): [#1]
2026-06-24 14:33:07,617 INFO [cu-010-p2]        ScoreExporter.java:164  | Score cu-010-p2 exported to omr/out/cu-010-p2.mxl
2026-06-24 14:33:07,685 INFO [cu-010-p2]                Score.java:181  | Closing {Score 1}
