2026-06-06 01:51:24,223 INFO [sb-088]                 Book.java:560  | 1 sheet in /home/runner/work/sambrass-tutor/sambrass-tutor/omr/input/sb-088.png
2026-06-06 01:51:24,625 INFO []                 Book.java:2565 | Stored /book.xml
2026-06-06 01:51:24,626 INFO []                 Book.java:2525 | Book stored as omr/out/sb-088.omr
2026-06-06 01:51:24,626 INFO []                 Book.java:1929 | Book reaching PAGE on sheets:[#1]
2026-06-06 01:51:24,626 INFO [sb-088]       StepMonitoring.java:98   | LOAD
2026-06-06 01:51:24,694 INFO [sb-088]            SheetStub.java:1278 | Loaded image #1 3175x1935 from /home/runner/work/sambrass-tutor/sambrass-tutor/omr/input/sb-088.png
2026-06-06 01:51:24,694 INFO [sb-088]            ImageUtil.java:124  | Converting max RGB to gray
2026-06-06 01:51:24,772 INFO [sb-088]       StepMonitoring.java:98   | BINARY
2026-06-06 01:51:25,012 INFO [sb-088]       StepMonitoring.java:98   | SCALE
2026-06-06 01:51:25,013 INFO [sb-088]         ScaleBuilder.java:255  | Beam  guessed height: 13 -- mid of [6..20]
2026-06-06 01:51:25,013 INFO [sb-088]         ScaleBuilder.java:271  | Beam measured height: 13 -- 0.50 of [6..20] range at 482% of needed quorum
2026-06-06 01:51:25,013 INFO [sb-088]         ScaleBuilder.java:401  | Normalized black jitter: 14.29 %
2026-06-06 01:51:25,013 INFO [sb-088]            ScaleStep.java:65   | Scale{ interline(21,21,22) line(3,4,6) beam(13)}
2026-06-06 01:51:25,013 INFO [sb-088]       StepMonitoring.java:98   | GRID
2026-06-06 01:51:25,113 INFO [sb-088]       LinesRetriever.java:1500 | Global slope: -0.00030
2026-06-06 01:51:25,120 INFO [sb-088]    ClustersRetriever.java:326  | Retrieved raw line clusters: 4 of sizes [5] with interline(21,21,22)
2026-06-06 01:51:25,154 INFO [sb-088]            PeakGraph.java:310  | Systems: #1[1] #2[2] #3[3] #4[4]
2026-06-06 01:51:25,288 INFO [sb-088]        SystemManager.java:779  | 1 part along 4 systems
2026-06-06 01:51:25,289 INFO [sb-088]                 Book.java:543  | Created scores: [{Score 1}]
2026-06-06 01:51:25,289 INFO [sb-088]       StepMonitoring.java:98   | HEADERS
2026-06-06 01:51:25,351 INFO [sb-088]       StepMonitoring.java:98   | STEM_SEEDS
2026-06-06 01:51:25,390 INFO [sb-088]        StemSeedsStep.java:86   | stem(5 max:6)
2026-06-06 01:51:25,399 INFO [sb-088]       StepMonitoring.java:98   | BEAMS
2026-06-06 01:51:28,070 INFO [sb-088]       StepMonitoring.java:98   | LEDGERS
2026-06-06 01:51:28,180 INFO [sb-088]       StepMonitoring.java:98   | HEADS
2026-06-06 01:51:31,954 INFO [sb-088]        HeadSeedTally.java:235  | Scale information: HeadSeeds{NOTEHEAD_VOID[R:-1.2] NOTEHEAD_BLACK[L:-0.9,R:-1.4]}
2026-06-06 01:51:31,955 INFO [sb-088]       StepMonitoring.java:98   | STEMS
2026-06-06 01:51:32,337 INFO [sb-088]       StepMonitoring.java:98   | REDUCTION
2026-06-06 01:51:32,364 INFO [sb-088]        ReductionStep.java:105  | Stems free length median value: 73 pixels, 3.5 interlines
2026-06-06 01:51:32,366 INFO [sb-088]       StepMonitoring.java:98   | CUE_BEAMS
2026-06-06 01:51:32,366 INFO [sb-088]         CueBeamsStep.java:81   | Step CUE_BEAMS is skipped because small heads switch is off
2026-06-06 01:51:32,366 INFO [sb-088]       StepMonitoring.java:98   | TEXTS
2026-06-06 01:51:32,431 WARN [sb-088]         TesseractOCR.java:335  | The collection of supported languages is empty
2026-06-06 01:51:32,431 INFO [sb-088]              OcrUtil.java:106  | Missing support for 'eng' language(s)
2026-06-06 01:51:32,433 INFO [sb-088]       StepMonitoring.java:98   | MEASURES
2026-06-06 01:51:32,433 INFO [sb-088]                 Page.java:307  | 50 raw measures: [16 in system#1, 13 in system#2, 12 in system#3, 9 in system#4]
2026-06-06 01:51:32,433 INFO [sb-088]       StepMonitoring.java:98   | CHORDS
2026-06-06 01:51:32,435 INFO [sb-088]       StepMonitoring.java:98   | CURVES
2026-06-06 01:51:32,755 INFO [sb-088]         SlursBuilder.java:240  | Slurs: 51
2026-06-06 01:51:32,758 INFO [sb-088]      SegmentsBuilder.java:155  | Segments: 44
2026-06-06 01:51:32,761 WARN [sb-088]         TesseractOCR.java:335  | The collection of supported languages is empty
2026-06-06 01:51:32,761 INFO [sb-088]              OcrUtil.java:106  | Missing support for 'eng' language(s)
2026-06-06 01:51:32,762 INFO [sb-088]    RehearsalsBuilder.java:199  | No text found in rehearsal enclosure java.awt.Rectangle[x=60,y=218,width=65,height=66]
2026-06-06 01:51:32,764 WARN [sb-088]         TesseractOCR.java:335  | The collection of supported languages is empty
2026-06-06 01:51:32,764 INFO [sb-088]              OcrUtil.java:106  | Missing support for 'eng' language(s)
2026-06-06 01:51:32,764 INFO [sb-088]    RehearsalsBuilder.java:199  | No text found in rehearsal enclosure java.awt.Rectangle[x=2061,y=534,width=64,height=65]
2026-06-06 01:51:32,764 INFO [sb-088]       StepMonitoring.java:98   | SYMBOLS
2026-06-06 01:51:33,414 INFO [sb-088]       StepMonitoring.java:98   | LINKS
2026-06-06 01:51:33,415 INFO [sb-088]        SymbolsLinker.java:258  | No chord linked to OctaveShiftInter#5333{(0.193) staff:1 OTTAVA ALTA} at java.awt.Point[x=2511,y=211]
2026-06-06 01:51:33,427 INFO [sb-088]       StepMonitoring.java:98   | RHYTHMS
2026-06-06 01:51:33,430 INFO [sb-088]                Voice.java:257  | Measure{#21} Voice{#1 excess:3/8} too long
2026-06-06 01:51:33,430 INFO [sb-088]          StackRhythm.java:224  | S2 MeasureStack#21 no correct rhythm
2026-06-06 01:51:33,434 INFO [sb-088]                Voice.java:257  | Measure{#49} Voice{#1 excess:3/8} too long
2026-06-06 01:51:33,434 INFO [sb-088]          StackRhythm.java:224  | S4 MeasureStack#49 no correct rhythm
2026-06-06 01:51:33,434 INFO [sb-088]       StepMonitoring.java:98   | PAGE
2026-06-06 01:51:33,435 INFO [sb-088]                Voice.java:257  | Measure{#21} Voice{#1 excess:3/8} too long
2026-06-06 01:51:33,435 INFO [sb-088]                Voice.java:257  | Measure{#49} Voice{#1 excess:3/8} too long
2026-06-06 01:51:33,436 INFO [sb-088]                 Book.java:2584 | Book{sb-088} storing
2026-06-06 01:51:33,877 INFO [sb-088]                 Book.java:2565 | Stored /book.xml
2026-06-06 01:51:33,931 INFO [sb-088]           DataHolder.java:348  | Stored /sheet#1/BINARY.png
2026-06-06 01:51:34,162 INFO [sb-088]                Sheet.java:1583 | Stored /sheet#1/sheet#1.xml
2026-06-06 01:51:34,162 INFO [sb-088]                 Book.java:2525 | Book stored as omr/out/sb-088.omr
2026-06-06 01:51:34,163 INFO [sb-088]            SheetStub.java:1655 | Sheet disposed
2026-06-06 01:51:34,557 INFO [sb-088]                 Book.java:2050 | End of Stub#1
2026-06-06 01:51:34,558 INFO [sb-088]                 Book.java:2057 | End of Book{sb-088}
2026-06-06 01:51:34,708 INFO [sb-088]            SheetStub.java:1000 | Loaded /sheet#1/sheet#1.xml
2026-06-06 01:51:34,709 INFO [sb-088]      PartwiseBuilder.java:2706 | Exporting sheet(s): [#1]
2026-06-06 01:51:34,718 INFO [sb-088]        ScoreExporter.java:164  | Score sb-088 exported to omr/out/sb-088.mxl
2026-06-06 01:51:35,126 INFO [sb-088]                Score.java:181  | Closing {Score 1}
