2026-06-06 01:41:33,226 INFO [sb-040]                 Book.java:560  | 1 sheet in /home/runner/work/sambrass-tutor/sambrass-tutor/omr/input/sb-040.png
2026-06-06 01:41:33,415 INFO []                 Book.java:2565 | Stored /book.xml
2026-06-06 01:41:33,415 INFO []                 Book.java:2525 | Book stored as omr/out/sb-040.omr
2026-06-06 01:41:33,416 INFO []                 Book.java:1929 | Book reaching PAGE on sheets:[#1]
2026-06-06 01:41:33,416 INFO [sb-040]       StepMonitoring.java:98   | LOAD
2026-06-06 01:41:33,495 INFO [sb-040]            SheetStub.java:1278 | Loaded image #1 3175x1935 from /home/runner/work/sambrass-tutor/sambrass-tutor/omr/input/sb-040.png
2026-06-06 01:41:33,496 INFO [sb-040]            ImageUtil.java:124  | Converting max RGB to gray
2026-06-06 01:41:33,570 INFO [sb-040]       StepMonitoring.java:98   | BINARY
2026-06-06 01:41:33,815 INFO [sb-040]       StepMonitoring.java:98   | SCALE
2026-06-06 01:41:33,817 INFO [sb-040]         ScaleBuilder.java:255  | Beam  guessed height: 12 -- mid of [6..18]
2026-06-06 01:41:33,817 INFO [sb-040]         ScaleBuilder.java:271  | Beam measured height: 12 -- 0.50 of [6..18] range at 480% of needed quorum
2026-06-06 01:41:33,817 INFO [sb-040]         ScaleBuilder.java:401  | Normalized black jitter: 10.00 %
2026-06-06 01:41:33,817 INFO [sb-040]            ScaleStep.java:65   | Scale{ interline(19,20,20) line(4,4,6) beam(12)}
2026-06-06 01:41:33,818 INFO [sb-040]       StepMonitoring.java:98   | GRID
2026-06-06 01:41:33,932 INFO [sb-040]       LinesRetriever.java:1500 | Global slope: 0.00000
2026-06-06 01:41:33,939 INFO [sb-040]    ClustersRetriever.java:326  | Retrieved raw line clusters: 6 of sizes [5] with interline(19,20,20)
2026-06-06 01:41:33,995 INFO [sb-040]            PeakGraph.java:310  | Systems: #1[1] #2[2] #3[3] #4[4] #5[5] #6[6]
2026-06-06 01:41:34,163 INFO [sb-040]        SystemManager.java:134  | Indentation detected for system #1
2026-06-06 01:41:34,163 INFO [sb-040]        SystemManager.java:779  | 1 part along 6 systems
2026-06-06 01:41:34,163 INFO [sb-040]                 Book.java:543  | Created scores: [{Score 1}]
2026-06-06 01:41:34,163 INFO [sb-040]       StepMonitoring.java:98   | HEADERS
2026-06-06 01:41:34,254 INFO [sb-040]       StepMonitoring.java:98   | STEM_SEEDS
2026-06-06 01:41:34,286 INFO [sb-040]        StemSeedsStep.java:86   | stem(4 max:6)
2026-06-06 01:41:34,298 INFO [sb-040]       StepMonitoring.java:98   | BEAMS
2026-06-06 01:41:36,784 INFO [sb-040]       StepMonitoring.java:98   | LEDGERS
2026-06-06 01:41:36,982 INFO [sb-040]       StepMonitoring.java:98   | HEADS
2026-06-06 01:41:41,735 INFO [sb-040]        HeadSeedTally.java:235  | Scale information: HeadSeeds{NOTEHEAD_VOID[L:-0.8,R:-0.9] NOTEHEAD_BLACK[L:0.3,R:-0.4]}
2026-06-06 01:41:41,735 INFO [sb-040]       StepMonitoring.java:98   | STEMS
2026-06-06 01:41:42,499 INFO [sb-040]       StepMonitoring.java:98   | REDUCTION
2026-06-06 01:41:42,554 INFO [sb-040]        ReductionStep.java:105  | Stems free length median value: 68 pixels, 3.4 interlines
2026-06-06 01:41:42,556 INFO [sb-040]       StepMonitoring.java:98   | CUE_BEAMS
2026-06-06 01:41:42,557 INFO [sb-040]         CueBeamsStep.java:81   | Step CUE_BEAMS is skipped because small heads switch is off
2026-06-06 01:41:42,557 INFO [sb-040]       StepMonitoring.java:98   | TEXTS
2026-06-06 01:41:42,624 WARN [sb-040]         TesseractOCR.java:335  | The collection of supported languages is empty
2026-06-06 01:41:42,624 INFO [sb-040]              OcrUtil.java:106  | Missing support for 'eng' language(s)
2026-06-06 01:41:42,625 INFO [sb-040]       StepMonitoring.java:98   | MEASURES
2026-06-06 01:41:42,626 INFO [sb-040]                 Page.java:307  | 76 raw measures: [13 in system#1, 14 in system#2, 14 in system#3, 13 in system#4, 11 in system#5, 11 in system#6]
2026-06-06 01:41:42,626 INFO [sb-040]       StepMonitoring.java:98   | CHORDS
2026-06-06 01:41:42,629 INFO [sb-040]       StepMonitoring.java:98   | CURVES
2026-06-06 01:41:43,061 INFO [sb-040]         SlursBuilder.java:240  | Slurs: 52
2026-06-06 01:41:43,069 INFO [sb-040]      SegmentsBuilder.java:155  | Segments: 61
2026-06-06 01:41:43,072 WARN [sb-040]         TesseractOCR.java:335  | The collection of supported languages is empty
2026-06-06 01:41:43,072 INFO [sb-040]              OcrUtil.java:106  | Missing support for 'eng' language(s)
2026-06-06 01:41:43,072 INFO [sb-040]    RehearsalsBuilder.java:199  | No text found in rehearsal enclosure java.awt.Rectangle[x=238,y=125,width=58,height=55]
2026-06-06 01:41:43,074 WARN [sb-040]         TesseractOCR.java:335  | The collection of supported languages is empty
2026-06-06 01:41:43,074 INFO [sb-040]              OcrUtil.java:106  | Missing support for 'eng' language(s)
2026-06-06 01:41:43,074 INFO [sb-040]    RehearsalsBuilder.java:199  | No text found in rehearsal enclosure java.awt.Rectangle[x=1035,y=1028,width=55,height=54]
2026-06-06 01:41:43,075 INFO [sb-040]       StepMonitoring.java:98   | SYMBOLS
2026-06-06 01:41:44,229 INFO [sb-040]       StepMonitoring.java:98   | LINKS
2026-06-06 01:41:44,235 INFO [sb-040]        SymbolsLinker.java:258  | No chord linked to OctaveShiftInter#10110{(0.738) staff:2 OTTAVA BASSA} at java.awt.Point[x=71,y=778]
2026-06-06 01:41:44,235 INFO [sb-040]        SymbolsLinker.java:258  | No chord linked to OctaveShiftInter#10112{(0.305) staff:2 VENTIDUESIMA BASSA} at java.awt.Point[x=62,y=778]
2026-06-06 01:41:44,240 INFO [sb-040]        SymbolsLinker.java:258  | No chord linked to OctaveShiftInter#10164{(0.738) staff:3 OTTAVA ALTA} at java.awt.Point[x=71,y=778]
2026-06-06 01:41:44,240 INFO [sb-040]        SymbolsLinker.java:258  | No chord linked to OctaveShiftInter#10165{(0.305) staff:3 VENTIDUESIMA ALTA} at java.awt.Point[x=62,y=778]
2026-06-06 01:41:44,258 INFO [sb-040]       StepMonitoring.java:98   | RHYTHMS
2026-06-06 01:41:44,260 INFO [sb-040]                Voice.java:257  | Measure{#1} Voice{#1 excess:3/16} too long
2026-06-06 01:41:44,260 INFO [sb-040]          StackRhythm.java:224  | S1 MeasureStack#1 no correct rhythm
2026-06-06 01:41:44,260 INFO [sb-040]                Voice.java:257  | Measure{#3} Voice{#1 excess:3/16} too long
2026-06-06 01:41:44,260 INFO [sb-040]          StackRhythm.java:224  | S1 MeasureStack#3 no correct rhythm
2026-06-06 01:41:44,261 INFO [sb-040]                Voice.java:257  | Measure{#5} Voice{#1 excess:3/16} too long
2026-06-06 01:41:44,261 INFO [sb-040]          StackRhythm.java:224  | S1 MeasureStack#5 no correct rhythm
2026-06-06 01:41:44,264 INFO [sb-040]                Voice.java:257  | Measure{#28} Voice{#1 excess:3/16} too long
2026-06-06 01:41:44,264 INFO [sb-040]          StackRhythm.java:224  | S3 MeasureStack#28 no correct rhythm
2026-06-06 01:41:44,265 INFO [sb-040]        MeasureRhythm.java:1044 | Measure{#36} No timeOffset for HeadChordInter#8541{(0.771/0.771) staff:3 slot#4 dur:1/4}
2026-06-06 01:41:44,265 INFO [sb-040]          StackRhythm.java:224  | S3 MeasureStack#36 no correct rhythm
2026-06-06 01:41:44,266 INFO [sb-040]        MeasureRhythm.java:1044 | Measure{#46} No timeOffset for HeadChordInter#8574{(0.944/0.944) staff:4 slot#4 dur:1/4}
2026-06-06 01:41:44,266 INFO [sb-040]   AbstractChordInter.java:627  | Measure{#46} No timeOffset for HeadChordInter#8574{(0.944/0.944) staff:4 slot#4 dur:1/4}
2026-06-06 01:41:44,266 INFO [sb-040]                Voice.java:257  | Measure{#46} Voice{#1 excess:1/16} too long
2026-06-06 01:41:44,266 INFO [sb-040]          StackRhythm.java:224  | S4 MeasureStack#46 no correct rhythm
2026-06-06 01:41:44,267 INFO [sb-040]        MeasureRhythm.java:1044 | Measure{#47} No timeOffset for HeadChordInter#8575{(0.851/0.851) staff:4 slot#2 dur:1/2}
2026-06-06 01:41:44,267 INFO [sb-040]          StackRhythm.java:224  | S4 MeasureStack#47 no correct rhythm
2026-06-06 01:41:44,267 INFO [sb-040]                Voice.java:257  | Measure{#51} Voice{#1 excess:1/16} too long
2026-06-06 01:41:44,268 INFO [sb-040]          StackRhythm.java:224  | S4 MeasureStack#51 no correct rhythm
2026-06-06 01:41:44,268 INFO [sb-040]                Voice.java:257  | Measure{#53} Voice{#1 excess:1/16} too long
2026-06-06 01:41:44,268 INFO [sb-040]          StackRhythm.java:224  | S4 MeasureStack#53 no correct rhythm
2026-06-06 01:41:44,271 INFO [sb-040]       StepMonitoring.java:98   | PAGE
2026-06-06 01:41:44,272 INFO [sb-040]       SheetReduction.java:154  | Gutter. Different glyphs 5/6 ArticulationInter#10421{(0.800/0.884) STACCATO} vs EndingInter#9158{(0.800/0.956) staff:6 ENDING_WRL}
2026-06-06 01:41:44,272 INFO [sb-040]       SheetReduction.java:154  | Gutter. Different glyphs 5/6 ArticulationInter#10426{(0.800/0.890) STACCATO} vs EndingInter#9160{(0.800/0.953) staff:6 ENDING_WRL}
2026-06-06 01:41:44,272 INFO [sb-040]                Voice.java:257  | Measure{#1} Voice{#1 excess:3/16} too long
2026-06-06 01:41:44,272 INFO [sb-040]                Voice.java:257  | Measure{#3} Voice{#1 excess:3/16} too long
2026-06-06 01:41:44,272 INFO [sb-040]                Voice.java:257  | Measure{#5} Voice{#1 excess:3/16} too long
2026-06-06 01:41:44,272 INFO [sb-040]                Voice.java:257  | Measure{#28} Voice{#1 excess:3/16} too long
2026-06-06 01:41:44,272 INFO [sb-040]                Voice.java:257  | Measure{#46} Voice{#1 excess:1/16} too long
2026-06-06 01:41:44,272 INFO [sb-040]                Voice.java:257  | Measure{#51} Voice{#1 excess:1/16} too long
2026-06-06 01:41:44,272 INFO [sb-040]                Voice.java:257  | Measure{#53} Voice{#1 excess:1/16} too long
2026-06-06 01:41:44,273 INFO [sb-040]                 Book.java:2584 | Book{sb-040} storing
2026-06-06 01:41:44,504 INFO [sb-040]                 Book.java:2565 | Stored /book.xml
2026-06-06 01:41:44,557 INFO [sb-040]           DataHolder.java:348  | Stored /sheet#1/BINARY.png
2026-06-06 01:41:44,898 INFO [sb-040]                Sheet.java:1583 | Stored /sheet#1/sheet#1.xml
2026-06-06 01:41:44,898 INFO [sb-040]                 Book.java:2525 | Book stored as omr/out/sb-040.omr
2026-06-06 01:41:44,899 INFO [sb-040]            SheetStub.java:1655 | Sheet disposed
2026-06-06 01:41:45,091 INFO [sb-040]                 Book.java:2050 | End of Stub#1
2026-06-06 01:41:45,092 INFO [sb-040]                 Book.java:2057 | End of Book{sb-040}
2026-06-06 01:41:45,307 INFO [sb-040]            SheetStub.java:1000 | Loaded /sheet#1/sheet#1.xml
2026-06-06 01:41:45,308 INFO [sb-040]      PartwiseBuilder.java:2706 | Exporting sheet(s): [#1]
2026-06-06 01:41:45,321 INFO [sb-040]        ScoreExporter.java:164  | Score sb-040 exported to omr/out/sb-040.mxl
2026-06-06 01:41:45,529 INFO [sb-040]                Score.java:181  | Closing {Score 1}
