2026-06-06 01:53:47,594 INFO [sb-099]                 Book.java:560  | 1 sheet in /home/runner/work/sambrass-tutor/sambrass-tutor/omr/input/sb-099.png
2026-06-06 01:53:48,040 INFO []                 Book.java:2565 | Stored /book.xml
2026-06-06 01:53:48,041 INFO []                 Book.java:2525 | Book stored as omr/out/sb-099.omr
2026-06-06 01:53:48,041 INFO []                 Book.java:1929 | Book reaching PAGE on sheets:[#1]
2026-06-06 01:53:48,041 INFO [sb-099]       StepMonitoring.java:98   | LOAD
2026-06-06 01:53:48,112 INFO [sb-099]            SheetStub.java:1278 | Loaded image #1 3175x1935 from /home/runner/work/sambrass-tutor/sambrass-tutor/omr/input/sb-099.png
2026-06-06 01:53:48,112 INFO [sb-099]            ImageUtil.java:124  | Converting max RGB to gray
2026-06-06 01:53:48,186 INFO [sb-099]       StepMonitoring.java:98   | BINARY
2026-06-06 01:53:48,426 INFO [sb-099]       StepMonitoring.java:98   | SCALE
2026-06-06 01:53:48,427 INFO [sb-099]         ScaleBuilder.java:255  | Beam  guessed height: 16 -- mid of [7..25]
2026-06-06 01:53:48,427 INFO [sb-099]         ScaleBuilder.java:271  | Beam measured height: 15 -- 0.44 of [7..25] range at 551% of needed quorum
2026-06-06 01:53:48,427 INFO [sb-099]         ScaleBuilder.java:401  | Normalized black jitter: 7.41 %
2026-06-06 01:53:48,427 INFO [sb-099]            ScaleStep.java:65   | Scale{ interline(27,27,28) line(4,5,6) beam(15)}
2026-06-06 01:53:48,428 INFO [sb-099]       StepMonitoring.java:98   | GRID
2026-06-06 01:53:48,494 INFO [sb-099]       LinesRetriever.java:1500 | Global slope: 0.00000
2026-06-06 01:53:48,497 INFO [sb-099]    ClustersRetriever.java:326  | Retrieved raw line clusters: 4 of sizes [5] with interline(27,27,28)
2026-06-06 01:53:48,524 INFO [sb-099]            PeakGraph.java:310  | Systems: #1[1] #2[2] #3[3] #4[4]
2026-06-06 01:53:48,631 INFO [sb-099]        SystemManager.java:134  | Indentation detected for system #1
2026-06-06 01:53:48,631 INFO [sb-099]        SystemManager.java:779  | 1 part along 4 systems
2026-06-06 01:53:48,631 INFO [sb-099]                 Book.java:543  | Created scores: [{Score 1}]
2026-06-06 01:53:48,631 INFO [sb-099]       StepMonitoring.java:98   | HEADERS
2026-06-06 01:53:48,796 INFO [sb-099]       StepMonitoring.java:98   | STEM_SEEDS
2026-06-06 01:53:48,827 INFO [sb-099]        StemSeedsStep.java:86   | stem(5 max:6)
2026-06-06 01:53:48,835 INFO [sb-099]       StepMonitoring.java:98   | BEAMS
2026-06-06 01:53:52,648 INFO [sb-099]       StepMonitoring.java:98   | LEDGERS
2026-06-06 01:53:52,763 INFO [sb-099]       StepMonitoring.java:98   | HEADS
2026-06-06 01:53:57,990 INFO [sb-099]        HeadSeedTally.java:235  | Scale information: HeadSeeds{NOTEHEAD_BLACK[L:-0.6,R:-0.8]}
2026-06-06 01:53:57,990 INFO [sb-099]       StepMonitoring.java:98   | STEMS
2026-06-06 01:53:58,302 INFO [sb-099]       StepMonitoring.java:98   | REDUCTION
2026-06-06 01:53:58,319 INFO [sb-099]        ReductionStep.java:105  | Stems free length median value: 96 pixels, 3.6 interlines
2026-06-06 01:53:58,321 INFO [sb-099]       StepMonitoring.java:98   | CUE_BEAMS
2026-06-06 01:53:58,321 INFO [sb-099]         CueBeamsStep.java:81   | Step CUE_BEAMS is skipped because small heads switch is off
2026-06-06 01:53:58,321 INFO [sb-099]       StepMonitoring.java:98   | TEXTS
2026-06-06 01:53:58,392 WARN [sb-099]         TesseractOCR.java:335  | The collection of supported languages is empty
2026-06-06 01:53:58,392 INFO [sb-099]              OcrUtil.java:106  | Missing support for 'eng' language(s)
2026-06-06 01:53:58,393 INFO [sb-099]       StepMonitoring.java:98   | MEASURES
2026-06-06 01:53:58,393 INFO [sb-099]                 Page.java:307  | 29 raw measures: [8 in system#1, 9 in system#2, 6 in system#3, 6 in system#4]
2026-06-06 01:53:58,393 INFO [sb-099]       StepMonitoring.java:98   | CHORDS
2026-06-06 01:53:58,394 INFO [sb-099]       StepMonitoring.java:98   | CURVES
2026-06-06 01:53:58,708 INFO [sb-099]         SlursBuilder.java:240  | Slurs: 28
2026-06-06 01:53:58,710 INFO [sb-099]      SegmentsBuilder.java:155  | Segments: 35
2026-06-06 01:53:58,715 WARN [sb-099]         TesseractOCR.java:335  | The collection of supported languages is empty
2026-06-06 01:53:58,715 INFO [sb-099]              OcrUtil.java:106  | Missing support for 'eng' language(s)
2026-06-06 01:53:58,715 INFO [sb-099]    RehearsalsBuilder.java:199  | No text found in rehearsal enclosure java.awt.Rectangle[x=1059,y=899,width=87,height=87]
2026-06-06 01:53:58,716 INFO [sb-099]       StepMonitoring.java:98   | SYMBOLS
2026-06-06 01:53:59,690 INFO [sb-099]       StepMonitoring.java:98   | LINKS
2026-06-06 01:53:59,705 INFO [sb-099]       StepMonitoring.java:98   | RHYTHMS
2026-06-06 01:53:59,710 INFO [sb-099]       StepMonitoring.java:98   | PAGE
2026-06-06 01:53:59,710 INFO [sb-099]       SheetReduction.java:154  | Gutter. Different glyphs 3/4 ArticulationInter#4674{(0.774/0.895) STACCATO} vs EndingInter#4061{(0.800/0.956) staff:4 ENDING_WRL}
2026-06-06 01:53:59,711 INFO [sb-099]                 Book.java:2584 | Book{sb-099} storing
2026-06-06 01:54:00,199 INFO [sb-099]                 Book.java:2565 | Stored /book.xml
2026-06-06 01:54:00,250 INFO [sb-099]           DataHolder.java:348  | Stored /sheet#1/BINARY.png
2026-06-06 01:54:00,479 INFO [sb-099]                Sheet.java:1583 | Stored /sheet#1/sheet#1.xml
2026-06-06 01:54:00,479 INFO [sb-099]                 Book.java:2525 | Book stored as omr/out/sb-099.omr
2026-06-06 01:54:00,480 INFO [sb-099]            SheetStub.java:1655 | Sheet disposed
2026-06-06 01:54:00,926 INFO [sb-099]                 Book.java:2050 | End of Stub#1
2026-06-06 01:54:00,927 INFO [sb-099]                 Book.java:2057 | End of Book{sb-099}
2026-06-06 01:54:01,081 INFO [sb-099]            SheetStub.java:1000 | Loaded /sheet#1/sheet#1.xml
2026-06-06 01:54:01,083 INFO [sb-099]      PartwiseBuilder.java:2706 | Exporting sheet(s): [#1]
2026-06-06 01:54:01,090 INFO [sb-099]        ScoreExporter.java:164  | Score sb-099 exported to omr/out/sb-099.mxl
2026-06-06 01:54:01,550 INFO [sb-099]                Score.java:181  | Closing {Score 1}
