2026-06-06 01:45:35,278 INFO [sb-060]                 Book.java:560  | 1 sheet in /home/runner/work/sambrass-tutor/sambrass-tutor/omr/input/sb-060.png
2026-06-06 01:45:35,564 INFO []                 Book.java:2565 | Stored /book.xml
2026-06-06 01:45:35,564 INFO []                 Book.java:2525 | Book stored as omr/out/sb-060.omr
2026-06-06 01:45:35,565 INFO []                 Book.java:1929 | Book reaching PAGE on sheets:[#1]
2026-06-06 01:45:35,565 INFO [sb-060]       StepMonitoring.java:98   | LOAD
2026-06-06 01:45:35,630 INFO [sb-060]            SheetStub.java:1278 | Loaded image #1 3175x1935 from /home/runner/work/sambrass-tutor/sambrass-tutor/omr/input/sb-060.png
2026-06-06 01:45:35,630 INFO [sb-060]            ImageUtil.java:124  | Converting max RGB to gray
2026-06-06 01:45:35,707 INFO [sb-060]       StepMonitoring.java:98   | BINARY
2026-06-06 01:45:35,942 INFO [sb-060]       StepMonitoring.java:98   | SCALE
2026-06-06 01:45:35,944 INFO [sb-060]         ScaleBuilder.java:255  | Beam  guessed height: 15 -- mid of [7..23]
2026-06-06 01:45:35,944 INFO [sb-060]         ScaleBuilder.java:271  | Beam measured height: 15 -- 0.50 of [7..23] range at 362% of needed quorum
2026-06-06 01:45:35,944 INFO [sb-060]         ScaleBuilder.java:401  | Normalized black jitter: 8.00 %
2026-06-06 01:45:35,944 INFO [sb-060]            ScaleStep.java:65   | Scale{ interline(24,25,26) line(4,5,6) beam(15)}
2026-06-06 01:45:35,944 INFO [sb-060]       StepMonitoring.java:98   | GRID
2026-06-06 01:45:36,022 INFO [sb-060]       LinesRetriever.java:1500 | Global slope: 0.00000
2026-06-06 01:45:36,026 INFO [sb-060]    ClustersRetriever.java:326  | Retrieved raw line clusters: 4 of sizes [5] with interline(24,25,26)
2026-06-06 01:45:36,058 INFO [sb-060]            PeakGraph.java:310  | Systems: #1[1] #2[2] #3[3] #4[4]
2026-06-06 01:45:36,182 INFO [sb-060]        SystemManager.java:134  | Indentation detected for system #1
2026-06-06 01:45:36,182 INFO [sb-060]        SystemManager.java:779  | 1 part along 4 systems
2026-06-06 01:45:36,182 INFO [sb-060]                 Book.java:543  | Created scores: [{Score 1}]
2026-06-06 01:45:36,183 INFO [sb-060]       StepMonitoring.java:98   | HEADERS
2026-06-06 01:45:36,283 INFO [sb-060]       StepMonitoring.java:98   | STEM_SEEDS
2026-06-06 01:45:36,314 INFO [sb-060]        StemSeedsStep.java:86   | stem(5 max:6)
2026-06-06 01:45:36,322 INFO [sb-060]       StepMonitoring.java:98   | BEAMS
2026-06-06 01:45:39,916 INFO [sb-060]       StepMonitoring.java:98   | LEDGERS
2026-06-06 01:45:40,059 INFO [sb-060]       StepMonitoring.java:98   | HEADS
2026-06-06 01:45:44,248 INFO [sb-060]        HeadSeedTally.java:235  | Scale information: HeadSeeds{NOTEHEAD_BLACK[L:0.0]}
2026-06-06 01:45:44,248 INFO [sb-060]       StepMonitoring.java:98   | STEMS
2026-06-06 01:45:44,550 INFO [sb-060]       StepMonitoring.java:98   | REDUCTION
2026-06-06 01:45:44,561 INFO [sb-060]        ReductionStep.java:105  | Stems free length median value: 76 pixels, 3.0 interlines
2026-06-06 01:45:44,563 INFO [sb-060]       StepMonitoring.java:98   | CUE_BEAMS
2026-06-06 01:45:44,563 INFO [sb-060]         CueBeamsStep.java:81   | Step CUE_BEAMS is skipped because small heads switch is off
2026-06-06 01:45:44,563 INFO [sb-060]       StepMonitoring.java:98   | TEXTS
2026-06-06 01:45:44,624 WARN [sb-060]         TesseractOCR.java:335  | The collection of supported languages is empty
2026-06-06 01:45:44,624 INFO [sb-060]              OcrUtil.java:106  | Missing support for 'eng' language(s)
2026-06-06 01:45:44,625 INFO [sb-060]       StepMonitoring.java:98   | MEASURES
2026-06-06 01:45:44,625 INFO [sb-060]                 Page.java:307  | 27 raw measures: [9 in system#1, 8 in system#2, 4 in system#3, 6 in system#4]
2026-06-06 01:45:44,626 INFO [sb-060]       StepMonitoring.java:98   | CHORDS
2026-06-06 01:45:44,627 INFO [sb-060]       StepMonitoring.java:98   | CURVES
2026-06-06 01:45:44,921 INFO [sb-060]         SlursBuilder.java:240  | Slurs: 4
2026-06-06 01:45:44,922 INFO [sb-060]      SegmentsBuilder.java:155  | Segments: 18
2026-06-06 01:45:44,926 WARN [sb-060]         TesseractOCR.java:335  | The collection of supported languages is empty
2026-06-06 01:45:44,926 INFO [sb-060]              OcrUtil.java:106  | Missing support for 'eng' language(s)
2026-06-06 01:45:44,926 INFO [sb-060]    RehearsalsBuilder.java:199  | No text found in rehearsal enclosure java.awt.Rectangle[x=150,y=134,width=85,height=80]
2026-06-06 01:45:44,928 WARN [sb-060]         TesseractOCR.java:335  | The collection of supported languages is empty
2026-06-06 01:45:44,928 INFO [sb-060]              OcrUtil.java:106  | Missing support for 'eng' language(s)
2026-06-06 01:45:44,928 INFO [sb-060]    RehearsalsBuilder.java:199  | No text found in rehearsal enclosure java.awt.Rectangle[x=1021,y=980,width=80,height=80]
2026-06-06 01:45:44,928 INFO [sb-060]       StepMonitoring.java:98   | SYMBOLS
2026-06-06 01:45:45,951 INFO [sb-060]       StepMonitoring.java:98   | LINKS
2026-06-06 01:45:45,952 INFO [sb-060]        SymbolsLinker.java:258  | No chord linked to OctaveShiftInter#4653{(0.154) staff:1 VENTIDUESIMA BASSA} at java.awt.Point[x=1304,y=654]
2026-06-06 01:45:45,954 INFO [sb-060]        SymbolsLinker.java:258  | No chord linked to OctaveShiftInter#4735{(0.255) staff:2 VENTIDUESIMA ALTA} at java.awt.Point[x=886,y=649]
2026-06-06 01:45:45,959 INFO [sb-060]       StepMonitoring.java:98   | RHYTHMS
2026-06-06 01:45:45,965 INFO [sb-060]       StepMonitoring.java:98   | PAGE
2026-06-06 01:45:45,965 INFO [sb-060]                 Book.java:2584 | Book{sb-060} storing
2026-06-06 01:45:46,285 INFO [sb-060]                 Book.java:2565 | Stored /book.xml
2026-06-06 01:45:46,335 INFO [sb-060]           DataHolder.java:348  | Stored /sheet#1/BINARY.png
2026-06-06 01:45:46,528 INFO [sb-060]                Sheet.java:1583 | Stored /sheet#1/sheet#1.xml
2026-06-06 01:45:46,528 INFO [sb-060]                 Book.java:2525 | Book stored as omr/out/sb-060.omr
2026-06-06 01:45:46,529 INFO [sb-060]            SheetStub.java:1655 | Sheet disposed
2026-06-06 01:45:46,812 INFO [sb-060]                 Book.java:2050 | End of Stub#1
2026-06-06 01:45:46,812 INFO [sb-060]                 Book.java:2057 | End of Book{sb-060}
2026-06-06 01:45:46,969 INFO [sb-060]            SheetStub.java:1000 | Loaded /sheet#1/sheet#1.xml
2026-06-06 01:45:46,970 INFO [sb-060]      PartwiseBuilder.java:2706 | Exporting sheet(s): [#1]
2026-06-06 01:45:46,977 INFO [sb-060]        ScoreExporter.java:164  | Score sb-060 exported to omr/out/sb-060.mxl
2026-06-06 01:45:47,274 INFO [sb-060]                Score.java:181  | Closing {Score 1}
