2026-06-06 01:40:47,088 INFO [sb-036]                 Book.java:560  | 1 sheet in /home/runner/work/sambrass-tutor/sambrass-tutor/omr/input/sb-036.png
2026-06-06 01:40:47,265 INFO []                 Book.java:2565 | Stored /book.xml
2026-06-06 01:40:47,265 INFO []                 Book.java:2525 | Book stored as omr/out/sb-036.omr
2026-06-06 01:40:47,266 INFO []                 Book.java:1929 | Book reaching PAGE on sheets:[#1]
2026-06-06 01:40:47,266 INFO [sb-036]       StepMonitoring.java:98   | LOAD
2026-06-06 01:40:47,333 INFO [sb-036]            SheetStub.java:1278 | Loaded image #1 3175x1935 from /home/runner/work/sambrass-tutor/sambrass-tutor/omr/input/sb-036.png
2026-06-06 01:40:47,333 INFO [sb-036]            ImageUtil.java:124  | Converting max RGB to gray
2026-06-06 01:40:47,407 INFO [sb-036]       StepMonitoring.java:98   | BINARY
2026-06-06 01:40:47,644 INFO [sb-036]       StepMonitoring.java:98   | SCALE
2026-06-06 01:40:47,646 INFO [sb-036]         ScaleBuilder.java:255  | Beam  guessed height: 14 -- mid of [7..22]
2026-06-06 01:40:47,646 INFO [sb-036]         ScaleBuilder.java:271  | Beam measured height:  8 -- 0.07 of [7..22] range at 287% of needed quorum
2026-06-06 01:40:47,646 INFO [sb-036]         ScaleBuilder.java:401  | Normalized black jitter: 8.33 %
2026-06-06 01:40:47,646 INFO [sb-036]            ScaleStep.java:65   | Scale{ interline(23,24,24) line(4,5,6) beam(8)}
2026-06-06 01:40:47,646 INFO [sb-036]       StepMonitoring.java:98   | GRID
2026-06-06 01:40:47,718 INFO [sb-036]       LinesRetriever.java:1500 | Global slope: 0.00000
2026-06-06 01:40:47,722 INFO [sb-036]    ClustersRetriever.java:326  | Retrieved raw line clusters: 4 of sizes [5] with interline(23,24,24)
2026-06-06 01:40:47,753 INFO [sb-036]            PeakGraph.java:310  | Systems: #1[1] #2[2] #3[3] #4[4]
2026-06-06 01:40:47,860 INFO [sb-036]        SystemManager.java:134  | Indentation detected for system #1
2026-06-06 01:40:47,860 INFO [sb-036]        SystemManager.java:779  | 1 part along 4 systems
2026-06-06 01:40:47,861 INFO [sb-036]                 Book.java:543  | Created scores: [{Score 1}]
2026-06-06 01:40:47,861 INFO [sb-036]       StepMonitoring.java:98   | HEADERS
2026-06-06 01:40:47,931 INFO [sb-036]       StepMonitoring.java:98   | STEM_SEEDS
2026-06-06 01:40:47,962 INFO [sb-036]        StemSeedsStep.java:86   | stem(6 max:7)
2026-06-06 01:40:47,971 INFO [sb-036]       StepMonitoring.java:98   | BEAMS
2026-06-06 01:40:49,470 INFO [sb-036]       StepMonitoring.java:98   | LEDGERS
2026-06-06 01:40:49,567 INFO [sb-036]       StepMonitoring.java:98   | HEADS
2026-06-06 01:40:54,263 INFO [sb-036]        HeadSeedTally.java:235  | Scale information: HeadSeeds{NOTEHEAD_VOID[R:-1.5] NOTEHEAD_BLACK[L:-0.9,R:-1.5]}
2026-06-06 01:40:54,264 INFO [sb-036]       StepMonitoring.java:98   | STEMS
2026-06-06 01:40:54,547 INFO [sb-036]       StepMonitoring.java:98   | REDUCTION
2026-06-06 01:40:54,559 INFO [sb-036]        ReductionStep.java:105  | Stems free length median value: 84 pixels, 3.5 interlines
2026-06-06 01:40:54,561 INFO [sb-036]       StepMonitoring.java:98   | CUE_BEAMS
2026-06-06 01:40:54,561 INFO [sb-036]         CueBeamsStep.java:81   | Step CUE_BEAMS is skipped because small heads switch is off
2026-06-06 01:40:54,561 INFO [sb-036]       StepMonitoring.java:98   | TEXTS
2026-06-06 01:40:54,620 WARN [sb-036]         TesseractOCR.java:335  | The collection of supported languages is empty
2026-06-06 01:40:54,620 INFO [sb-036]              OcrUtil.java:106  | Missing support for 'eng' language(s)
2026-06-06 01:40:54,621 INFO [sb-036]       StepMonitoring.java:98   | MEASURES
2026-06-06 01:40:54,621 INFO [sb-036]                 Page.java:307  | 61 raw measures: [18 in system#1, 17 in system#2, 14 in system#3, 12 in system#4]
2026-06-06 01:40:54,621 INFO [sb-036]       StepMonitoring.java:98   | CHORDS
2026-06-06 01:40:54,623 INFO [sb-036]       StepMonitoring.java:98   | CURVES
2026-06-06 01:40:54,954 INFO [sb-036]         SlursBuilder.java:240  | Slurs: 29
2026-06-06 01:40:55,004 INFO [sb-036]      SegmentsBuilder.java:155  | Segments: 22
2026-06-06 01:40:55,007 WARN [sb-036]         TesseractOCR.java:335  | The collection of supported languages is empty
2026-06-06 01:40:55,007 INFO [sb-036]              OcrUtil.java:106  | Missing support for 'eng' language(s)
2026-06-06 01:40:55,007 INFO [sb-036]    RehearsalsBuilder.java:199  | No text found in rehearsal enclosure java.awt.Rectangle[x=208,y=207,width=79,height=77]
2026-06-06 01:40:55,009 WARN [sb-036]         TesseractOCR.java:335  | The collection of supported languages is empty
2026-06-06 01:40:55,009 INFO [sb-036]              OcrUtil.java:106  | Missing support for 'eng' language(s)
2026-06-06 01:40:55,009 INFO [sb-036]    RehearsalsBuilder.java:199  | No text found in rehearsal enclosure java.awt.Rectangle[x=197,y=562,width=75,height=76]
2026-06-06 01:40:55,011 WARN [sb-036]         TesseractOCR.java:335  | The collection of supported languages is empty
2026-06-06 01:40:55,011 INFO [sb-036]              OcrUtil.java:106  | Missing support for 'eng' language(s)
2026-06-06 01:40:55,011 INFO [sb-036]    RehearsalsBuilder.java:199  | No text found in rehearsal enclosure java.awt.Rectangle[x=2235,y=874,width=77,height=79]
2026-06-06 01:40:55,011 INFO [sb-036]       StepMonitoring.java:98   | SYMBOLS
2026-06-06 01:40:56,136 INFO [sb-036]       StepMonitoring.java:98   | LINKS
2026-06-06 01:40:56,136 INFO [sb-036]        SymbolsLinker.java:258  | No chord linked to OctaveShiftInter#5151{(0.172) staff:1 VENTIDUESIMA BASSA} at java.awt.Point[x=2559,y=665]
2026-06-06 01:40:56,139 INFO [sb-036]        SymbolsLinker.java:258  | No chord linked to OctaveShiftInter#5166{(0.660) staff:2 OTTAVA ALTA} at java.awt.Point[x=19,y=663]
2026-06-06 01:40:56,139 INFO [sb-036]        SymbolsLinker.java:258  | No chord linked to OctaveShiftInter#5200{(0.149) staff:2 VENTIDUESIMA BASSA} at java.awt.Point[x=823,y=999]
2026-06-06 01:40:56,139 INFO [sb-036]        SymbolsLinker.java:258  | No chord linked to OctaveShiftInter#5220{(0.124) staff:2 OTTAVA ALTA} at java.awt.Point[x=1322,y=653]
2026-06-06 01:40:56,140 INFO [sb-036]             KeyInter.java:1322 | Key built KeyInter#5360{(0.981) staff:2 KEY_SHARP_4 pitch:-2.8 fifths:4}
2026-06-06 01:40:56,142 INFO [sb-036]        SymbolsLinker.java:258  | No chord linked to OctaveShiftInter#5258{(0.154) staff:3 OTTAVA BASSA} at java.awt.Point[x=21,y=1556]
2026-06-06 01:40:56,145 INFO [sb-036]        SymbolsLinker.java:258  | No chord linked to OctaveShiftInter#5326{(0.154) staff:4 OTTAVA ALTA} at java.awt.Point[x=21,y=1556]
2026-06-06 01:40:56,147 INFO [sb-036]       StepMonitoring.java:98   | RHYTHMS
2026-06-06 01:40:56,148 INFO [sb-036]        MeasureRhythm.java:1044 | Measure{#5} No timeOffset for HeadChordInter#4310{(0.950/0.950) staff:1 slot#3 dur:1/4}
2026-06-06 01:40:56,148 INFO [sb-036]   AbstractChordInter.java:627  | Measure{#5} No timeOffset for HeadChordInter#4310{(0.950/0.950) staff:1 slot#3 dur:1/4}
2026-06-06 01:40:56,148 INFO [sb-036]          StackRhythm.java:224  | S1 MeasureStack#5 no correct rhythm
2026-06-06 01:40:56,148 INFO [sb-036]        MeasureRhythm.java:1044 | Measure{#9} No timeOffset for HeadChordInter#4316{(0.945/0.945) staff:1 slot#3 dur:1/4}
2026-06-06 01:40:56,148 INFO [sb-036]   AbstractChordInter.java:627  | Measure{#9} No timeOffset for HeadChordInter#4316{(0.945/0.945) staff:1 slot#3 dur:1/4}
2026-06-06 01:40:56,148 INFO [sb-036]          StackRhythm.java:224  | S1 MeasureStack#9 no correct rhythm
2026-06-06 01:40:56,149 INFO [sb-036]        MeasureRhythm.java:1044 | Measure{#13} No timeOffset for HeadChordInter#4324{(0.947/0.947) staff:1 slot#3 dur:1/4}
2026-06-06 01:40:56,149 INFO [sb-036]                Voice.java:257  | Measure{#13} Voice{#2 excess:1/4} too long
2026-06-06 01:40:56,149 INFO [sb-036]          StackRhythm.java:224  | S1 MeasureStack#13 no correct rhythm
2026-06-06 01:40:56,149 INFO [sb-036]        MeasureRhythm.java:1044 | Measure{#15} No timeOffset for HeadChordInter#4328{(0.939/0.939) staff:1 slot#3 dur:3/8}
2026-06-06 01:40:56,149 INFO [sb-036]   AbstractChordInter.java:627  | Measure{#15} No timeOffset for HeadChordInter#4328{(0.939/0.939) staff:1 slot#3 dur:3/8}
2026-06-06 01:40:56,149 INFO [sb-036]          StackRhythm.java:224  | S1 MeasureStack#15 no correct rhythm
2026-06-06 01:40:56,150 INFO [sb-036]        MeasureRhythm.java:1044 | Measure{#17} No timeOffset for HeadChordInter#4333{(0.938/0.938) staff:1 slot#3 dur:1/4}
2026-06-06 01:40:56,150 INFO [sb-036]   AbstractChordInter.java:627  | Measure{#17} No timeOffset for HeadChordInter#4333{(0.938/0.938) staff:1 slot#3 dur:1/4}
2026-06-06 01:40:56,150 INFO [sb-036]          StackRhythm.java:224  | S1 MeasureStack#17 no correct rhythm
2026-06-06 01:40:56,150 INFO [sb-036]        MeasureRhythm.java:1044 | Measure{#23} No timeOffset for HeadChordInter#4342{(0.956/0.956) staff:2 slot#4 dur:1/4}
2026-06-06 01:40:56,150 INFO [sb-036]                Voice.java:257  | Measure{#23} Voice{#1 excess:1/8} too long
2026-06-06 01:40:56,151 INFO [sb-036]          StackRhythm.java:224  | S2 MeasureStack#23 no correct rhythm
2026-06-06 01:40:56,151 INFO [sb-036]        MeasureRhythm.java:1044 | Measure{#27} No timeOffset for HeadChordInter#4348{(0.938/0.938) staff:2 slot#3 dur:1/4}
2026-06-06 01:40:56,151 INFO [sb-036]   AbstractChordInter.java:627  | Measure{#27} No timeOffset for HeadChordInter#4348{(0.938/0.938) staff:2 slot#3 dur:1/4}
2026-06-06 01:40:56,151 INFO [sb-036]          StackRhythm.java:224  | S2 MeasureStack#27 no correct rhythm
2026-06-06 01:40:56,152 INFO [sb-036]        MeasureRhythm.java:1044 | Measure{#31} No timeOffset for HeadChordInter#4356{(0.954/0.954) staff:2 slot#4 dur:1/4}
2026-06-06 01:40:56,152 INFO [sb-036]                Voice.java:257  | Measure{#31} Voice{#1 excess:1/8} too long
2026-06-06 01:40:56,152 INFO [sb-036]          StackRhythm.java:224  | S2 MeasureStack#31 no correct rhythm
2026-06-06 01:40:56,152 INFO [sb-036]        MeasureRhythm.java:1044 | Measure{#39} No timeOffset for HeadChordInter#4367{(0.892/0.892) staff:3 slot#3 dur:1/4}
2026-06-06 01:40:56,153 INFO [sb-036]                Voice.java:257  | Measure{#39} Voice{#1 excess:1/8} too long
2026-06-06 01:40:56,153 INFO [sb-036]          StackRhythm.java:224  | S3 MeasureStack#39 no correct rhythm
2026-06-06 01:40:56,153 INFO [sb-036]        MeasureRhythm.java:1044 | Measure{#41} No timeOffset for HeadChordInter#4372{(0.959/0.959) staff:3 slot#3 dur:1/4}
2026-06-06 01:40:56,153 INFO [sb-036]   AbstractChordInter.java:627  | Measure{#41} No timeOffset for HeadChordInter#4372{(0.959/0.959) staff:3 slot#3 dur:1/4}
2026-06-06 01:40:56,153 INFO [sb-036]          StackRhythm.java:224  | S3 MeasureStack#41 no correct rhythm
2026-06-06 01:40:56,153 INFO [sb-036]        MeasureRhythm.java:1044 | Measure{#42} No timeOffset for HeadChordInter#4376{(0.947/0.947) staff:3 slot#3 dur:1/4}
2026-06-06 01:40:56,153 INFO [sb-036]          StackRhythm.java:224  | S3 MeasureStack#42 no correct rhythm
2026-06-06 01:40:56,154 INFO [sb-036]        MeasureRhythm.java:1044 | Measure{#45} No timeOffset for HeadChordInter#4383{(0.946/0.946) staff:3 slot#4 dur:1/6}
2026-06-06 01:40:56,154 INFO [sb-036]                Voice.java:257  | Measure{#45} Voice{#1 excess:1/12} too long
2026-06-06 01:40:56,154 INFO [sb-036]          StackRhythm.java:224  | S3 MeasureStack#45 no correct rhythm
2026-06-06 01:40:56,154 INFO [sb-036]        MeasureRhythm.java:1044 | Measure{#46} No timeOffset for HeadChordInter#4386{(0.575/0.575) staff:3 slot#3 dur:1/2}
2026-06-06 01:40:56,154 INFO [sb-036]   AbstractChordInter.java:627  | Measure{#46} No timeOffset for HeadChordInter#4386{(0.575/0.575) staff:3 slot#3 dur:1/2}
2026-06-06 01:40:56,154 INFO [sb-036]   AbstractChordInter.java:627  | Measure{#46} No timeOffset for HeadChordInter#4387{(0.951/0.951) staff:3 slot#4 dur:1/4}
2026-06-06 01:40:56,154 INFO [sb-036]          StackRhythm.java:224  | S3 MeasureStack#46 no correct rhythm
2026-06-06 01:40:56,154 INFO [sb-036]        MeasureRhythm.java:1044 | Measure{#48} No timeOffset for HeadChordInter#4393{(0.941/0.941) staff:3 slot#3 dur:1/4}
2026-06-06 01:40:56,154 INFO [sb-036]                Voice.java:257  | Measure{#48} Voice{#1 excess:1/8} too long
2026-06-06 01:40:56,155 INFO [sb-036]          StackRhythm.java:224  | S3 MeasureStack#48 no correct rhythm
2026-06-06 01:40:56,155 INFO [sb-036]        MeasureRhythm.java:1044 | Measure{#51} No timeOffset for HeadChordInter#4399{(0.936/0.936) staff:4 slot#3 dur:1/4}
2026-06-06 01:40:56,155 INFO [sb-036]          StackRhythm.java:224  | S4 MeasureStack#51 no correct rhythm
2026-06-06 01:40:56,155 INFO [sb-036]        MeasureRhythm.java:1044 | Measure{#52} No timeOffset for HeadChordInter#4402{(0.949/0.949) staff:4 slot#3 dur:1/4}
2026-06-06 01:40:56,155 INFO [sb-036]   AbstractChordInter.java:627  | Measure{#52} No timeOffset for HeadChordInter#4402{(0.949/0.949) staff:4 slot#3 dur:1/4}
2026-06-06 01:40:56,155 INFO [sb-036]          StackRhythm.java:224  | S4 MeasureStack#52 no correct rhythm
2026-06-06 01:40:56,156 INFO [sb-036]        MeasureRhythm.java:1044 | Measure{#56} No timeOffset for HeadChordInter#4412{(0.937/0.937) staff:4 slot#3 dur:1/4}
2026-06-06 01:40:56,156 INFO [sb-036]                Voice.java:257  | Measure{#56} Voice{#1 excess:1/8} too long
2026-06-06 01:40:56,156 INFO [sb-036]          StackRhythm.java:224  | S4 MeasureStack#56 no correct rhythm
2026-06-06 01:40:56,156 INFO [sb-036]        MeasureRhythm.java:1044 | Measure{#57} No timeOffset for HeadChordInter#4413{(0.938/0.938) staff:4 slot#2 dur:1/4}
2026-06-06 01:40:56,156 INFO [sb-036]   AbstractChordInter.java:627  | Measure{#57} No timeOffset for HeadChordInter#4413{(0.938/0.938) staff:4 slot#2 dur:1/4}
2026-06-06 01:40:56,156 INFO [sb-036]          StackRhythm.java:224  | S4 MeasureStack#57 no correct rhythm
2026-06-06 01:40:56,156 INFO [sb-036]        MeasureRhythm.java:1044 | Measure{#59} No timeOffset for HeadChordInter#4418{(0.935/0.935) staff:4 slot#3 dur:1/4}
2026-06-06 01:40:56,156 INFO [sb-036]          StackRhythm.java:224  | S4 MeasureStack#59 no correct rhythm
2026-06-06 01:40:56,156 INFO [sb-036]        MeasureRhythm.java:1044 | Measure{#60} No timeOffset for HeadChordInter#4421{(0.949/0.949) staff:4 slot#3 dur:1/4}
2026-06-06 01:40:56,157 INFO [sb-036]   AbstractChordInter.java:627  | Measure{#60} No timeOffset for HeadChordInter#4421{(0.949/0.949) staff:4 slot#3 dur:1/4}
2026-06-06 01:40:56,157 INFO [sb-036]          StackRhythm.java:224  | S4 MeasureStack#60 no correct rhythm
2026-06-06 01:40:56,157 INFO [sb-036]       StepMonitoring.java:98   | PAGE
2026-06-06 01:40:56,157 INFO [sb-036]                Voice.java:257  | Measure{#13} Voice{#2 excess:1/4} too long
2026-06-06 01:40:56,158 INFO [sb-036]                Voice.java:257  | Measure{#23} Voice{#1 excess:1/8} too long
2026-06-06 01:40:56,158 INFO [sb-036]                Voice.java:257  | Measure{#31} Voice{#1 excess:1/8} too long
2026-06-06 01:40:56,158 INFO [sb-036]                Voice.java:257  | Measure{#39} Voice{#1 excess:1/8} too long
2026-06-06 01:40:56,158 INFO [sb-036]                Voice.java:257  | Measure{#45} Voice{#1 excess:1/12} too long
2026-06-06 01:40:56,158 INFO [sb-036]                Voice.java:257  | Measure{#48} Voice{#1 excess:1/8} too long
2026-06-06 01:40:56,158 INFO [sb-036]                Voice.java:257  | Measure{#56} Voice{#1 excess:1/8} too long
2026-06-06 01:40:56,158 INFO [sb-036]                 Book.java:2584 | Book{sb-036} storing
2026-06-06 01:40:56,354 INFO [sb-036]                 Book.java:2565 | Stored /book.xml
2026-06-06 01:40:56,403 INFO [sb-036]           DataHolder.java:348  | Stored /sheet#1/BINARY.png
2026-06-06 01:40:56,575 INFO [sb-036]                Sheet.java:1583 | Stored /sheet#1/sheet#1.xml
2026-06-06 01:40:56,575 INFO [sb-036]                 Book.java:2525 | Book stored as omr/out/sb-036.omr
2026-06-06 01:40:56,576 INFO [sb-036]            SheetStub.java:1655 | Sheet disposed
2026-06-06 01:40:56,748 INFO [sb-036]                 Book.java:2050 | End of Stub#1
2026-06-06 01:40:56,748 INFO [sb-036]                 Book.java:2057 | End of Book{sb-036}
2026-06-06 01:40:56,893 INFO [sb-036]            SheetStub.java:1000 | Loaded /sheet#1/sheet#1.xml
2026-06-06 01:40:56,894 INFO [sb-036]      PartwiseBuilder.java:2706 | Exporting sheet(s): [#1]
2026-06-06 01:40:56,903 INFO [sb-036]        ScoreExporter.java:164  | Score sb-036 exported to omr/out/sb-036.mxl
2026-06-06 01:40:57,088 INFO [sb-036]                Score.java:181  | Closing {Score 1}
