2026-06-06 01:45:20,564 INFO [sb-059]                 Book.java:560  | 1 sheet in /home/runner/work/sambrass-tutor/sambrass-tutor/omr/input/sb-059.png
2026-06-06 01:45:20,845 INFO []                 Book.java:2565 | Stored /book.xml
2026-06-06 01:45:20,845 INFO []                 Book.java:2525 | Book stored as omr/out/sb-059.omr
2026-06-06 01:45:20,846 INFO []                 Book.java:1929 | Book reaching PAGE on sheets:[#1]
2026-06-06 01:45:20,846 INFO [sb-059]       StepMonitoring.java:98   | LOAD
2026-06-06 01:45:20,909 INFO [sb-059]            SheetStub.java:1278 | Loaded image #1 3175x1935 from /home/runner/work/sambrass-tutor/sambrass-tutor/omr/input/sb-059.png
2026-06-06 01:45:20,910 INFO [sb-059]            ImageUtil.java:124  | Converting max RGB to gray
2026-06-06 01:45:20,984 INFO [sb-059]       StepMonitoring.java:98   | BINARY
2026-06-06 01:45:21,224 INFO [sb-059]       StepMonitoring.java:98   | SCALE
2026-06-06 01:45:21,226 INFO [sb-059]         ScaleBuilder.java:255  | Beam  guessed height: 18 -- mid of [8..28]
2026-06-06 01:45:21,226 INFO [sb-059]         ScaleBuilder.java:271  | Beam measured height: 16 -- 0.40 of [8..28] range at 617% of needed quorum
2026-06-06 01:45:21,226 INFO [sb-059]         ScaleBuilder.java:401  | Normalized black jitter: 10.34 %
2026-06-06 01:45:21,226 INFO [sb-059]            ScaleStep.java:65   | Scale{ interline(28,29,29) line(3,4,6) beam(16)}
2026-06-06 01:45:21,226 INFO [sb-059]       StepMonitoring.java:98   | GRID
2026-06-06 01:45:21,306 INFO [sb-059]       LinesRetriever.java:1500 | Global slope: 0.00000
2026-06-06 01:45:21,309 INFO [sb-059]    ClustersRetriever.java:326  | Retrieved raw line clusters: 4 of sizes [5] with interline(28,29,29)
2026-06-06 01:45:21,339 INFO [sb-059]            PeakGraph.java:310  | Systems: #1[1] #2[2] #3[3] #4[4]
2026-06-06 01:45:21,340 WARN [sb-059]       StaffProjector.java:341  | Staff#1 no clear end on LEFT
2026-06-06 01:45:21,340 WARN [sb-059]       StaffProjector.java:341  | Staff#2 no clear end on LEFT
2026-06-06 01:45:21,340 WARN [sb-059]       StaffProjector.java:341  | Staff#3 no clear end on LEFT
2026-06-06 01:45:21,340 WARN [sb-059]       StaffProjector.java:341  | Staff#4 no clear end on LEFT
2026-06-06 01:45:21,461 INFO [sb-059]        SystemManager.java:779  | 1 part along 4 systems
2026-06-06 01:45:21,461 INFO [sb-059]                 Book.java:543  | Created scores: [{Score 1}]
2026-06-06 01:45:21,461 INFO [sb-059]       StepMonitoring.java:98   | HEADERS
2026-06-06 01:45:21,552 INFO [sb-059]       StepMonitoring.java:98   | STEM_SEEDS
2026-06-06 01:45:21,584 INFO [sb-059]        StemSeedsStep.java:86   | stem(6 max:7)
2026-06-06 01:45:21,591 INFO [sb-059]       StepMonitoring.java:98   | BEAMS
2026-06-06 01:45:25,751 INFO [sb-059]       StepMonitoring.java:98   | LEDGERS
2026-06-06 01:45:25,872 INFO [sb-059]       StepMonitoring.java:98   | HEADS
2026-06-06 01:45:31,985 INFO [sb-059]        HeadSeedTally.java:235  | Scale information: HeadSeeds{NOTEHEAD_BLACK[L:-1.0,R:-1.2]}
2026-06-06 01:45:31,986 INFO [sb-059]       StepMonitoring.java:98   | STEMS
2026-06-06 01:45:32,273 INFO [sb-059]       StepMonitoring.java:98   | REDUCTION
2026-06-06 01:45:32,292 INFO [sb-059]        ReductionStep.java:105  | Stems free length median value: 102 pixels, 3.5 interlines
2026-06-06 01:45:32,294 INFO [sb-059]       StepMonitoring.java:98   | CUE_BEAMS
2026-06-06 01:45:32,294 INFO [sb-059]         CueBeamsStep.java:81   | Step CUE_BEAMS is skipped because small heads switch is off
2026-06-06 01:45:32,294 INFO [sb-059]       StepMonitoring.java:98   | TEXTS
2026-06-06 01:45:32,363 WARN [sb-059]         TesseractOCR.java:335  | The collection of supported languages is empty
2026-06-06 01:45:32,363 INFO [sb-059]              OcrUtil.java:106  | Missing support for 'eng' language(s)
2026-06-06 01:45:32,364 INFO [sb-059]       StepMonitoring.java:98   | MEASURES
2026-06-06 01:45:32,365 INFO [sb-059]                 Page.java:307  | 28 raw measures: [9 in system#1, 8 in system#2, 5 in system#3, 6 in system#4]
2026-06-06 01:45:32,365 INFO [sb-059]       StepMonitoring.java:98   | CHORDS
2026-06-06 01:45:32,366 INFO [sb-059]       StepMonitoring.java:98   | CURVES
2026-06-06 01:45:32,665 INFO [sb-059]         SlursBuilder.java:240  | Slurs: 33
2026-06-06 01:45:32,667 INFO [sb-059]      SegmentsBuilder.java:155  | Segments: 23
2026-06-06 01:45:32,671 WARN [sb-059]         TesseractOCR.java:335  | The collection of supported languages is empty
2026-06-06 01:45:32,671 INFO [sb-059]              OcrUtil.java:106  | Missing support for 'eng' language(s)
2026-06-06 01:45:32,672 INFO [sb-059]    RehearsalsBuilder.java:199  | No text found in rehearsal enclosure java.awt.Rectangle[x=687,y=690,width=88,height=85]
2026-06-06 01:45:32,672 INFO [sb-059]       StepMonitoring.java:98   | SYMBOLS
2026-06-06 01:45:33,613 INFO [sb-059]       StepMonitoring.java:98   | LINKS
2026-06-06 01:45:33,621 INFO [sb-059]        SymbolsLinker.java:258  | No chord linked to OctaveShiftInter#4036{(0.148) staff:3 OTTAVA ALTA} at java.awt.Point[x=834,y=1018]
2026-06-06 01:45:33,625 INFO [sb-059]       StepMonitoring.java:98   | RHYTHMS
2026-06-06 01:45:33,629 INFO [sb-059]       StepMonitoring.java:98   | PAGE
2026-06-06 01:45:33,630 INFO [sb-059]       SheetReduction.java:154  | Gutter. Different glyphs 2/3 DynamicsInter#4017{(0.257/0.540) DYNAMICS_P} vs EndingInter#3497{(0.780/0.950) staff:3 ENDING_WRL}
2026-06-06 01:45:33,631 INFO [sb-059]                 Book.java:2584 | Book{sb-059} storing
2026-06-06 01:45:33,948 INFO [sb-059]                 Book.java:2565 | Stored /book.xml
2026-06-06 01:45:33,999 INFO [sb-059]           DataHolder.java:348  | Stored /sheet#1/BINARY.png
2026-06-06 01:45:34,221 INFO [sb-059]                Sheet.java:1583 | Stored /sheet#1/sheet#1.xml
2026-06-06 01:45:34,221 INFO [sb-059]                 Book.java:2525 | Book stored as omr/out/sb-059.omr
2026-06-06 01:45:34,222 INFO [sb-059]            SheetStub.java:1655 | Sheet disposed
2026-06-06 01:45:34,502 INFO [sb-059]                 Book.java:2050 | End of Stub#1
2026-06-06 01:45:34,502 INFO [sb-059]                 Book.java:2057 | End of Book{sb-059}
2026-06-06 01:45:34,665 INFO [sb-059]            SheetStub.java:1000 | Loaded /sheet#1/sheet#1.xml
2026-06-06 01:45:34,667 INFO [sb-059]      PartwiseBuilder.java:2706 | Exporting sheet(s): [#1]
2026-06-06 01:45:34,677 INFO [sb-059]        ScoreExporter.java:164  | Score sb-059 exported to omr/out/sb-059.mxl
2026-06-06 01:45:34,994 INFO [sb-059]                Score.java:181  | Closing {Score 1}
