2026-06-06 01:34:37,764 INFO [sb-004]                 Book.java:560  | 1 sheet in /home/runner/work/sambrass-tutor/sambrass-tutor/omr/input/sb-004.png
2026-06-06 01:34:37,806 INFO []                 Book.java:2565 | Stored /book.xml
2026-06-06 01:34:37,806 INFO []                 Book.java:2525 | Book stored as omr/out/sb-004.omr
2026-06-06 01:34:37,807 INFO []                 Book.java:1929 | Book reaching PAGE on sheets:[#1]
2026-06-06 01:34:37,807 INFO [sb-004]       StepMonitoring.java:98   | LOAD
2026-06-06 01:34:37,881 INFO [sb-004]            SheetStub.java:1278 | Loaded image #1 3175x1935 from /home/runner/work/sambrass-tutor/sambrass-tutor/omr/input/sb-004.png
2026-06-06 01:34:37,881 INFO [sb-004]            ImageUtil.java:124  | Converting max RGB to gray
2026-06-06 01:34:38,025 INFO [sb-004]       StepMonitoring.java:98   | BINARY
2026-06-06 01:34:38,255 INFO [sb-004]       StepMonitoring.java:98   | SCALE
2026-06-06 01:34:38,256 INFO [sb-004]         ScaleBuilder.java:255  | Beam  guessed height: 16 -- mid of [7..25]
2026-06-06 01:34:38,257 INFO [sb-004]         ScaleBuilder.java:271  | Beam measured height: 16 -- 0.50 of [7..25] range at 372% of needed quorum
2026-06-06 01:34:38,257 INFO [sb-004]         ScaleBuilder.java:401  | Normalized black jitter: 3.70 %
2026-06-06 01:34:38,257 INFO [sb-004]            ScaleStep.java:65   | Scale{ interline(26,27,28) line(4,4,5) beam(16)}
2026-06-06 01:34:38,257 INFO [sb-004]       StepMonitoring.java:98   | GRID
2026-06-06 01:34:38,317 INFO [sb-004]       LinesRetriever.java:1500 | Global slope: 0.00000
2026-06-06 01:34:38,323 INFO [sb-004]    ClustersRetriever.java:326  | Retrieved raw line clusters: 4 of sizes [5] with interline(26,27,28)
2026-06-06 01:34:38,349 INFO [sb-004]            PeakGraph.java:310  | Systems: #1[1] #2[2] #3[3] #4[4]
2026-06-06 01:34:38,441 INFO [sb-004]        SystemManager.java:779  | 1 part along 4 systems
2026-06-06 01:34:38,442 INFO [sb-004]                 Book.java:543  | Created scores: [{Score 1}]
2026-06-06 01:34:38,442 INFO [sb-004]       StepMonitoring.java:98   | HEADERS
2026-06-06 01:34:38,518 INFO [sb-004]       StepMonitoring.java:98   | STEM_SEEDS
2026-06-06 01:34:38,549 INFO [sb-004]        StemSeedsStep.java:86   | stem(6 max:7)
2026-06-06 01:34:38,557 INFO [sb-004]       StepMonitoring.java:98   | BEAMS
2026-06-06 01:34:42,493 INFO [sb-004]       StepMonitoring.java:98   | LEDGERS
2026-06-06 01:34:42,572 INFO [sb-004]       StepMonitoring.java:98   | HEADS
2026-06-06 01:34:47,052 INFO [sb-004]        HeadSeedTally.java:235  | Scale information: HeadSeeds{NOTEHEAD_BLACK[L:-1.2]}
2026-06-06 01:34:47,052 INFO [sb-004]       StepMonitoring.java:98   | STEMS
2026-06-06 01:34:47,269 INFO [sb-004]       StepMonitoring.java:98   | REDUCTION
2026-06-06 01:34:47,308 INFO [sb-004]        ReductionStep.java:105  | Stems free length median value: 93 pixels, 3.4 interlines
2026-06-06 01:34:47,310 INFO [sb-004]       StepMonitoring.java:98   | CUE_BEAMS
2026-06-06 01:34:47,310 INFO [sb-004]         CueBeamsStep.java:81   | Step CUE_BEAMS is skipped because small heads switch is off
2026-06-06 01:34:47,310 INFO [sb-004]       StepMonitoring.java:98   | TEXTS
2026-06-06 01:34:47,374 WARN [sb-004]         TesseractOCR.java:335  | The collection of supported languages is empty
2026-06-06 01:34:47,374 INFO [sb-004]              OcrUtil.java:106  | Missing support for 'eng' language(s)
2026-06-06 01:34:47,375 INFO [sb-004]       StepMonitoring.java:98   | MEASURES
2026-06-06 01:34:47,376 INFO [sb-004]                 Page.java:307  | 25 raw measures: [7 in system#1, 9 in system#2, 4 in system#3, 5 in system#4]
2026-06-06 01:34:47,376 INFO [sb-004]       StepMonitoring.java:98   | CHORDS
2026-06-06 01:34:47,379 INFO [sb-004]       StepMonitoring.java:98   | CURVES
2026-06-06 01:34:47,744 INFO [sb-004]         SlursBuilder.java:240  | Slurs: 13
2026-06-06 01:34:47,745 INFO [sb-004]      SegmentsBuilder.java:155  | Segments: 12
2026-06-06 01:34:47,750 WARN [sb-004]         TesseractOCR.java:335  | The collection of supported languages is empty
2026-06-06 01:34:47,750 INFO [sb-004]              OcrUtil.java:106  | Missing support for 'eng' language(s)
2026-06-06 01:34:47,751 INFO [sb-004]    RehearsalsBuilder.java:199  | No text found in rehearsal enclosure java.awt.Rectangle[x=579,y=541,width=83,height=82]
2026-06-06 01:34:47,751 INFO [sb-004]       StepMonitoring.java:98   | SYMBOLS
2026-06-06 01:34:48,417 INFO [sb-004]       StepMonitoring.java:98   | LINKS
2026-06-06 01:34:48,417 INFO [sb-004]        SymbolsLinker.java:258  | No chord linked to OctaveShiftInter#3069{(0.142) staff:1 OTTAVA BASSA} at java.awt.Point[x=17,y=689]
2026-06-06 01:34:48,420 INFO [sb-004]        SymbolsLinker.java:258  | No chord linked to OctaveShiftInter#3102{(0.142) staff:2 OTTAVA ALTA} at java.awt.Point[x=17,y=689]
2026-06-06 01:34:48,431 INFO [sb-004]       StepMonitoring.java:98   | RHYTHMS
2026-06-06 01:34:48,439 INFO [sb-004]                Voice.java:257  | Measure{#17} Voice{#1 excess:1/8} too long
2026-06-06 01:34:48,439 INFO [sb-004]          StackRhythm.java:224  | S3 MeasureStack#17 no correct rhythm
2026-06-06 01:34:48,445 INFO [sb-004]       StepMonitoring.java:98   | PAGE
2026-06-06 01:34:48,446 INFO [sb-004]                Voice.java:257  | Measure{#17} Voice{#1 excess:1/8} too long
2026-06-06 01:34:48,446 INFO [sb-004]                 Book.java:2584 | Book{sb-004} storing
2026-06-06 01:34:48,505 INFO [sb-004]                 Book.java:2565 | Stored /book.xml
2026-06-06 01:34:48,553 INFO [sb-004]           DataHolder.java:348  | Stored /sheet#1/BINARY.png
2026-06-06 01:34:48,718 INFO [sb-004]                Sheet.java:1583 | Stored /sheet#1/sheet#1.xml
2026-06-06 01:34:48,718 INFO [sb-004]                 Book.java:2525 | Book stored as omr/out/sb-004.omr
2026-06-06 01:34:48,719 INFO [sb-004]            SheetStub.java:1655 | Sheet disposed
2026-06-06 01:34:48,762 INFO [sb-004]                 Book.java:2050 | End of Stub#1
2026-06-06 01:34:48,763 INFO [sb-004]                 Book.java:2057 | End of Book{sb-004}
2026-06-06 01:34:48,945 INFO [sb-004]            SheetStub.java:1000 | Loaded /sheet#1/sheet#1.xml
2026-06-06 01:34:48,946 INFO [sb-004]      PartwiseBuilder.java:2706 | Exporting sheet(s): [#1]
2026-06-06 01:34:48,964 INFO [sb-004]        ScoreExporter.java:164  | Score sb-004 exported to omr/out/sb-004.mxl
2026-06-06 01:34:49,012 INFO [sb-004]                Score.java:181  | Closing {Score 1}
