2026-06-06 01:48:30,107 INFO [sb-074]                 Book.java:560  | 1 sheet in /home/runner/work/sambrass-tutor/sambrass-tutor/omr/input/sb-074.png
2026-06-06 01:48:30,451 INFO []                 Book.java:2565 | Stored /book.xml
2026-06-06 01:48:30,451 INFO []                 Book.java:2525 | Book stored as omr/out/sb-074.omr
2026-06-06 01:48:30,451 INFO []                 Book.java:1929 | Book reaching PAGE on sheets:[#1]
2026-06-06 01:48:30,452 INFO [sb-074]       StepMonitoring.java:98   | LOAD
2026-06-06 01:48:30,517 INFO [sb-074]            SheetStub.java:1278 | Loaded image #1 3175x1935 from /home/runner/work/sambrass-tutor/sambrass-tutor/omr/input/sb-074.png
2026-06-06 01:48:30,517 INFO [sb-074]            ImageUtil.java:124  | Converting max RGB to gray
2026-06-06 01:48:30,595 INFO [sb-074]       StepMonitoring.java:98   | BINARY
2026-06-06 01:48:30,838 INFO [sb-074]       StepMonitoring.java:98   | SCALE
2026-06-06 01:48:30,839 INFO [sb-074]         ScaleBuilder.java:255  | Beam  guessed height: 16 -- mid of [7..25]
2026-06-06 01:48:30,839 INFO [sb-074]         ScaleBuilder.java:271  | Beam measured height: 15 -- 0.44 of [7..25] range at 515% of needed quorum
2026-06-06 01:48:30,839 INFO [sb-074]         ScaleBuilder.java:401  | Normalized black jitter: 11.54 %
2026-06-06 01:48:30,839 INFO [sb-074]            ScaleStep.java:65   | Scale{ interline(26,26,27) line(3,4,6) beam(15)}
2026-06-06 01:48:30,840 INFO [sb-074]       StepMonitoring.java:98   | GRID
2026-06-06 01:48:30,922 INFO [sb-074]       LinesRetriever.java:1500 | Global slope: 0.00000
2026-06-06 01:48:30,925 INFO [sb-074]    ClustersRetriever.java:326  | Retrieved raw line clusters: 4 of sizes [5] with interline(26,26,27)
2026-06-06 01:48:30,958 INFO [sb-074]            PeakGraph.java:310  | Systems: #1[1] #2[2] #3[3] #4[4]
2026-06-06 01:48:31,085 INFO [sb-074]        SystemManager.java:779  | 1 part along 4 systems
2026-06-06 01:48:31,085 INFO [sb-074]                 Book.java:543  | Created scores: [{Score 1}]
2026-06-06 01:48:31,085 INFO [sb-074]       StepMonitoring.java:98   | HEADERS
2026-06-06 01:48:31,185 INFO [sb-074]       StepMonitoring.java:98   | STEM_SEEDS
2026-06-06 01:48:31,216 INFO [sb-074]        StemSeedsStep.java:86   | stem(5 max:7)
2026-06-06 01:48:31,224 INFO [sb-074]       StepMonitoring.java:98   | BEAMS
2026-06-06 01:48:34,899 INFO [sb-074]       StepMonitoring.java:98   | LEDGERS
2026-06-06 01:48:35,042 INFO [sb-074]       StepMonitoring.java:98   | HEADS
2026-06-06 01:48:40,035 INFO [sb-074]        HeadSeedTally.java:235  | Scale information: HeadSeeds{NOTEHEAD_BLACK[L:-1.2,R:-1.6]}
2026-06-06 01:48:40,036 INFO [sb-074]       StepMonitoring.java:98   | STEMS
2026-06-06 01:48:40,342 INFO [sb-074]       StepMonitoring.java:98   | REDUCTION
2026-06-06 01:48:40,357 INFO [sb-074]        ReductionStep.java:105  | Stems free length median value: 90 pixels, 3.5 interlines
2026-06-06 01:48:40,359 INFO [sb-074]       StepMonitoring.java:98   | CUE_BEAMS
2026-06-06 01:48:40,359 INFO [sb-074]         CueBeamsStep.java:81   | Step CUE_BEAMS is skipped because small heads switch is off
2026-06-06 01:48:40,359 INFO [sb-074]       StepMonitoring.java:98   | TEXTS
2026-06-06 01:48:40,425 WARN [sb-074]         TesseractOCR.java:335  | The collection of supported languages is empty
2026-06-06 01:48:40,425 INFO [sb-074]              OcrUtil.java:106  | Missing support for 'eng' language(s)
2026-06-06 01:48:40,426 INFO [sb-074]       StepMonitoring.java:98   | MEASURES
2026-06-06 01:48:40,426 INFO [sb-074]                 Page.java:307  | 16 raw measures: [6 in system#1, 3 in system#2, 4 in system#3, 3 in system#4]
2026-06-06 01:48:40,426 INFO [sb-074]       StepMonitoring.java:98   | CHORDS
2026-06-06 01:48:40,428 INFO [sb-074]       StepMonitoring.java:98   | CURVES
2026-06-06 01:48:40,754 INFO [sb-074]         SlursBuilder.java:240  | Slurs: 26
2026-06-06 01:48:40,756 INFO [sb-074]      SegmentsBuilder.java:155  | Segments: 25
2026-06-06 01:48:40,756 INFO [sb-074]       StepMonitoring.java:98   | SYMBOLS
2026-06-06 01:48:41,700 INFO [sb-074]       StepMonitoring.java:98   | LINKS
2026-06-06 01:48:41,704 INFO [sb-074]        SymbolsLinker.java:258  | No chord linked to OctaveShiftInter#4163{(0.145) staff:2 QUINDICESIMA ALTA} at java.awt.Point[x=666,y=471]
2026-06-06 01:48:41,712 INFO [sb-074]       StepMonitoring.java:98   | RHYTHMS
2026-06-06 01:48:41,715 INFO [sb-074]        MeasureRhythm.java:1044 | Measure{#9} No timeOffset for HeadChordInter#3219{(0.651/0.651) staff:2 slot#7 dur:1/2}
2026-06-06 01:48:41,715 INFO [sb-074]   AbstractChordInter.java:627  | Measure{#9} No timeOffset for HeadChordInter#3219{(0.651/0.651) staff:2 slot#7 dur:1/2}
2026-06-06 01:48:41,716 INFO [sb-074]   AbstractChordInter.java:627  | Measure{#9} No timeOffset for HeadChordInter#3220{(0.946/0.946) staff:2 slot#8 dur:1/4}
2026-06-06 01:48:41,716 INFO [sb-074]   AbstractChordInter.java:627  | Measure{#9} No timeOffset for RestChordInter#4256{(0.789/0.789) staff:2 slot#9 dur:1/8}
2026-06-06 01:48:41,716 INFO [sb-074]   AbstractChordInter.java:627  | Measure{#9} No timeOffset for HeadChordInter#3221{(0.948/0.948) staff:2 slot#10 dur:1/8}
2026-06-06 01:48:41,716 INFO [sb-074]   AbstractChordInter.java:627  | Measure{#9} No timeOffset for HeadChordInter#3225{(0.964/0.964) staff:2 slot#14 dur:1/16}
2026-06-06 01:48:41,716 INFO [sb-074]          StackRhythm.java:224  | S2 MeasureStack#9 no correct rhythm
2026-06-06 01:48:41,719 INFO [sb-074]       StepMonitoring.java:98   | PAGE
2026-06-06 01:48:41,720 INFO [sb-074]                 Book.java:2584 | Book{sb-074} storing
2026-06-06 01:48:42,096 INFO [sb-074]                 Book.java:2565 | Stored /book.xml
2026-06-06 01:48:42,146 INFO [sb-074]           DataHolder.java:348  | Stored /sheet#1/BINARY.png
2026-06-06 01:48:42,354 INFO [sb-074]                Sheet.java:1583 | Stored /sheet#1/sheet#1.xml
2026-06-06 01:48:42,354 INFO [sb-074]                 Book.java:2525 | Book stored as omr/out/sb-074.omr
2026-06-06 01:48:42,355 INFO [sb-074]            SheetStub.java:1655 | Sheet disposed
2026-06-06 01:48:42,698 INFO [sb-074]                 Book.java:2050 | End of Stub#1
2026-06-06 01:48:42,698 INFO [sb-074]                 Book.java:2057 | End of Book{sb-074}
2026-06-06 01:48:42,851 INFO [sb-074]            SheetStub.java:1000 | Loaded /sheet#1/sheet#1.xml
2026-06-06 01:48:42,852 INFO [sb-074]      PartwiseBuilder.java:2706 | Exporting sheet(s): [#1]
2026-06-06 01:48:42,860 INFO [sb-074]        ScoreExporter.java:164  | Score sb-074 exported to omr/out/sb-074.mxl
2026-06-06 01:48:43,211 INFO [sb-074]                Score.java:181  | Closing {Score 1}
