2026-06-06 01:38:15,629 INFO [sb-023]                 Book.java:560  | 1 sheet in /home/runner/work/sambrass-tutor/sambrass-tutor/omr/input/sb-023.png
2026-06-06 01:38:15,740 INFO []                 Book.java:2565 | Stored /book.xml
2026-06-06 01:38:15,741 INFO []                 Book.java:2525 | Book stored as omr/out/sb-023.omr
2026-06-06 01:38:15,741 INFO []                 Book.java:1929 | Book reaching PAGE on sheets:[#1]
2026-06-06 01:38:15,742 INFO [sb-023]       StepMonitoring.java:98   | LOAD
2026-06-06 01:38:15,810 INFO [sb-023]            SheetStub.java:1278 | Loaded image #1 3175x1935 from /home/runner/work/sambrass-tutor/sambrass-tutor/omr/input/sb-023.png
2026-06-06 01:38:15,810 INFO [sb-023]            ImageUtil.java:124  | Converting max RGB to gray
2026-06-06 01:38:15,885 INFO [sb-023]       StepMonitoring.java:98   | BINARY
2026-06-06 01:38:16,144 INFO [sb-023]       StepMonitoring.java:98   | SCALE
2026-06-06 01:38:16,146 INFO [sb-023]         ScaleBuilder.java:255  | Beam  guessed height: 11 -- mid of [6..16]
2026-06-06 01:38:16,146 INFO [sb-023]         ScaleBuilder.java:271  | Beam measured height: 11 -- 0.50 of [6..16] range at 577% of needed quorum
2026-06-06 01:38:16,146 INFO [sb-023]         ScaleBuilder.java:401  | Normalized black jitter: 17.65 %
2026-06-06 01:38:16,147 INFO [sb-023]            ScaleStep.java:65   | Scale{ interline(17,17,18) line(3,4,6) beam(11)}
2026-06-06 01:38:16,147 INFO [sb-023]       StepMonitoring.java:98   | GRID
2026-06-06 01:38:16,294 INFO [sb-023]       LinesRetriever.java:1500 | Global slope: 0.00000
2026-06-06 01:38:16,305 INFO [sb-023]    ClustersRetriever.java:326  | Retrieved raw line clusters: 7 of sizes [5] with interline(17,17,18)
2026-06-06 01:38:16,409 INFO [sb-023]            PeakGraph.java:310  | Systems: #1[1] #2[2] #3[3] #4[4] #5[5] #6[6] #7[7]
2026-06-06 01:38:16,716 INFO [sb-023]        SystemManager.java:134  | Indentation detected for system #1
2026-06-06 01:38:16,716 INFO [sb-023]        SystemManager.java:779  | 1 part along 7 systems
2026-06-06 01:38:16,716 INFO [sb-023]                 Book.java:543  | Created scores: [{Score 1}]
2026-06-06 01:38:16,716 INFO [sb-023]       StepMonitoring.java:98   | HEADERS
2026-06-06 01:38:16,802 INFO [sb-023]       StepMonitoring.java:98   | STEM_SEEDS
2026-06-06 01:38:16,836 INFO [sb-023]        StemSeedsStep.java:86   | stem(4 max:5)
2026-06-06 01:38:16,850 INFO [sb-023]       StepMonitoring.java:98   | BEAMS
2026-06-06 01:38:18,991 INFO [sb-023]       StepMonitoring.java:98   | LEDGERS
2026-06-06 01:38:19,360 INFO [sb-023]       StepMonitoring.java:98   | HEADS
2026-06-06 01:38:23,903 INFO [sb-023]        HeadSeedTally.java:235  | Scale information: HeadSeeds{NOTEHEAD_VOID[L:-1.5,R:-1.3] NOTEHEAD_BLACK[L:-0.6,R:-1.3]}
2026-06-06 01:38:23,903 INFO [sb-023]       StepMonitoring.java:98   | STEMS
2026-06-06 01:38:25,136 INFO [sb-023]       StepMonitoring.java:98   | REDUCTION
2026-06-06 01:38:25,250 INFO [sb-023]        ReductionStep.java:105  | Stems free length median value: 61 pixels, 3.6 interlines
2026-06-06 01:38:25,254 INFO [sb-023]       StepMonitoring.java:98   | CUE_BEAMS
2026-06-06 01:38:25,255 INFO [sb-023]         CueBeamsStep.java:81   | Step CUE_BEAMS is skipped because small heads switch is off
2026-06-06 01:38:25,255 INFO [sb-023]       StepMonitoring.java:98   | TEXTS
2026-06-06 01:38:25,397 WARN [sb-023]         TesseractOCR.java:335  | The collection of supported languages is empty
2026-06-06 01:38:25,397 INFO [sb-023]              OcrUtil.java:106  | Missing support for 'eng' language(s)
2026-06-06 01:38:25,400 INFO [sb-023]       StepMonitoring.java:98   | MEASURES
2026-06-06 01:38:25,401 INFO [sb-023]                 Page.java:307  | 44 raw measures: [8 in system#1, 7 in system#2, 5 in system#3, 6 in system#4, 6 in system#5, 6 in system#6, 6 in system#7]
2026-06-06 01:38:25,402 INFO [sb-023]       StepMonitoring.java:98   | CHORDS
2026-06-06 01:38:25,407 INFO [sb-023]       StepMonitoring.java:98   | CURVES
2026-06-06 01:38:26,009 INFO [sb-023]         SlursBuilder.java:240  | Slurs: 29
2026-06-06 01:38:26,031 INFO [sb-023]      SegmentsBuilder.java:155  | Segments: 72
2026-06-06 01:38:26,038 WARN [sb-023]         TesseractOCR.java:335  | The collection of supported languages is empty
2026-06-06 01:38:26,038 INFO [sb-023]              OcrUtil.java:106  | Missing support for 'eng' language(s)
2026-06-06 01:38:26,039 INFO [sb-023]    RehearsalsBuilder.java:199  | No text found in rehearsal enclosure java.awt.Rectangle[x=1899,y=121,width=54,height=51]
2026-06-06 01:38:26,042 WARN [sb-023]         TesseractOCR.java:335  | The collection of supported languages is empty
2026-06-06 01:38:26,042 INFO [sb-023]              OcrUtil.java:106  | Missing support for 'eng' language(s)
2026-06-06 01:38:26,043 INFO [sb-023]    RehearsalsBuilder.java:199  | No text found in rehearsal enclosure java.awt.Rectangle[x=138,y=891,width=52,height=50]
2026-06-06 01:38:26,046 WARN [sb-023]         TesseractOCR.java:335  | The collection of supported languages is empty
2026-06-06 01:38:26,046 INFO [sb-023]              OcrUtil.java:106  | Missing support for 'eng' language(s)
2026-06-06 01:38:26,046 INFO [sb-023]    RehearsalsBuilder.java:199  | No text found in rehearsal enclosure java.awt.Rectangle[x=132,y=1633,width=52,height=52]
2026-06-06 01:38:26,046 INFO [sb-023]       StepMonitoring.java:98   | SYMBOLS
2026-06-06 01:38:27,391 INFO [sb-023]       StepMonitoring.java:98   | LINKS
2026-06-06 01:38:27,409 INFO [sb-023]        SymbolsLinker.java:258  | No chord linked to OctaveShiftInter#13982{(0.729) staff:4 OTTAVA BASSA} at java.awt.Point[x=82,y=1202]
2026-06-06 01:38:27,409 INFO [sb-023]        SymbolsLinker.java:258  | No chord linked to OctaveShiftInter#13984{(0.445) staff:4 VENTIDUESIMA BASSA} at java.awt.Point[x=73,y=1202]
2026-06-06 01:38:27,416 INFO [sb-023]        SymbolsLinker.java:258  | No chord linked to OctaveShiftInter#14080{(0.729) staff:5 OTTAVA ALTA} at java.awt.Point[x=82,y=1202]
2026-06-06 01:38:27,416 INFO [sb-023]        SymbolsLinker.java:258  | No chord linked to OctaveShiftInter#14081{(0.445) staff:5 VENTIDUESIMA ALTA} at java.awt.Point[x=73,y=1202]
2026-06-06 01:38:27,422 INFO [sb-023]        SymbolsLinker.java:258  | No chord linked to OctaveShiftInter#14141{(0.153) staff:6 QUINDICESIMA ALTA} at java.awt.Point[x=1314,y=1467]
2026-06-06 01:38:27,444 INFO [sb-023]       StepMonitoring.java:98   | RHYTHMS
2026-06-06 01:38:27,447 INFO [sb-023]        MeasureRhythm.java:1044 | Measure{#3} No timeOffset for HeadChordInter#11623{(0.916/0.916) staff:1 slot#7 dur:1/16}
2026-06-06 01:38:27,447 INFO [sb-023]                Voice.java:257  | Measure{#3} Voice{#1 excess:3/32} too long
2026-06-06 01:38:27,447 INFO [sb-023]                Voice.java:257  | Measure{#3} Voice{#2 excess:3/32} too long
2026-06-06 01:38:27,447 INFO [sb-023]          StackRhythm.java:224  | S1 MeasureStack#3 no correct rhythm
2026-06-06 01:38:27,447 INFO [sb-023]        MeasureRhythm.java:1044 | Measure{#4} No timeOffset for RestChordInter#13744{(0.798/0.798) staff:1 slot#4 dur:1/2}
2026-06-06 01:38:27,447 INFO [sb-023]          StackRhythm.java:224  | S1 MeasureStack#4 no correct rhythm
2026-06-06 01:38:27,449 INFO [sb-023]        MeasureRhythm.java:1044 | Measure{#7} No timeOffset for RestChordInter#13749{(0.800/0.800) staff:1 slot#9 dur:1/16}
2026-06-06 01:38:27,449 INFO [sb-023]   AbstractChordInter.java:627  | Measure{#7} No timeOffset for RestChordInter#13749{(0.800/0.800) staff:1 slot#9 dur:1/16}
2026-06-06 01:38:27,449 INFO [sb-023]          StackRhythm.java:224  | S1 MeasureStack#7 no correct rhythm
2026-06-06 01:38:27,449 INFO [sb-023]        MeasureRhythm.java:1044 | Measure{#8} No timeOffset for RestChordInter#13751{(0.800/0.800) staff:1 slot#8 dur:1/16}
2026-06-06 01:38:27,450 INFO [sb-023]   AbstractChordInter.java:627  | Measure{#8} No timeOffset for RestChordInter#13751{(0.800/0.800) staff:1 slot#8 dur:1/16}
2026-06-06 01:38:27,450 INFO [sb-023]          StackRhythm.java:224  | S1 MeasureStack#8 no correct rhythm
2026-06-06 01:38:27,451 INFO [sb-023]        MeasureRhythm.java:1044 | Measure{#10} No timeOffset for RestChordInter#13837{(0.620/0.620) staff:2 slot#12 dur:1/2}
2026-06-06 01:38:27,451 INFO [sb-023]          StackRhythm.java:224  | S2 MeasureStack#10 no correct rhythm
2026-06-06 01:38:27,452 INFO [sb-023]        MeasureRhythm.java:1044 | Measure{#11} No timeOffset for HeadChordInter#11687{(0.893/0.893) staff:2 slot#12 dur:1/4}
2026-06-06 01:38:27,452 INFO [sb-023]                Voice.java:257  | Measure{#11} Voice{#1 excess:1/16} too long
2026-06-06 01:38:27,452 INFO [sb-023]          StackRhythm.java:224  | S2 MeasureStack#11 no correct rhythm
2026-06-06 01:38:27,453 INFO [sb-023]                Voice.java:257  | Measure{#12} Voice{#1 excess:1/16} too long
2026-06-06 01:38:27,453 INFO [sb-023]          StackRhythm.java:224  | S2 MeasureStack#12 no correct rhythm
2026-06-06 01:38:27,453 INFO [sb-023]        MeasureRhythm.java:1044 | Measure{#13} No timeOffset for HeadChordInter#11698{(0.949/0.949) staff:2 slot#4 dur:1/8}
2026-06-06 01:38:27,453 INFO [sb-023]          StackRhythm.java:224  | S2 MeasureStack#13 no correct rhythm
2026-06-06 01:38:27,454 INFO [sb-023]                Voice.java:257  | Measure{#14} Voice{#1 excess:3/16} too long
2026-06-06 01:38:27,454 INFO [sb-023]          StackRhythm.java:224  | S2 MeasureStack#14 no correct rhythm
2026-06-06 01:38:27,455 INFO [sb-023]                Voice.java:257  | Measure{#17} Voice{#1 excess:1/8} too long
2026-06-06 01:38:27,455 INFO [sb-023]          StackRhythm.java:224  | S3 MeasureStack#17 no correct rhythm
2026-06-06 01:38:27,456 INFO [sb-023]        MeasureRhythm.java:1044 | Measure{#19} No timeOffset for HeadChordInter#11747{(0.944/0.944) staff:3 slot#10 dur:1/4}
2026-06-06 01:38:27,456 INFO [sb-023]                Voice.java:257  | Measure{#19} Voice{#1 excess:1/8} too long
2026-06-06 01:38:27,457 INFO [sb-023]          StackRhythm.java:224  | S3 MeasureStack#19 no correct rhythm
2026-06-06 01:38:27,457 INFO [sb-023]        MeasureRhythm.java:1044 | Measure{#21} No timeOffset for RestChordInter#14066{(0.793/0.793) staff:4 slot#6 dur:1/16}
2026-06-06 01:38:27,458 INFO [sb-023]   AbstractChordInter.java:627  | Measure{#21} No timeOffset for RestChordInter#14066{(0.793/0.793) staff:4 slot#6 dur:1/16}
2026-06-06 01:38:27,458 INFO [sb-023]                Voice.java:257  | Measure{#21} Voice{#1 excess:1/8} too long
2026-06-06 01:38:27,458 INFO [sb-023]          StackRhythm.java:224  | S4 MeasureStack#21 no correct rhythm
2026-06-06 01:38:27,459 INFO [sb-023]        MeasureRhythm.java:1044 | Measure{#22} No timeOffset for HeadChordInter#11767{(0.520/0.520) staff:4 slot#12 dur:1/2}
2026-06-06 01:38:27,459 INFO [sb-023]   AbstractChordInter.java:627  | Measure{#22} No timeOffset for HeadChordInter#11767{(0.520/0.520) staff:4 slot#12 dur:1/2}
2026-06-06 01:38:27,460 INFO [sb-023]   AbstractChordInter.java:627  | Measure{#22} No timeOffset for HeadChordInter#11773{(0.951/0.951) staff:4 slot#18 dur:1/16}
2026-06-06 01:38:27,460 INFO [sb-023]   AbstractChordInter.java:627  | Measure{#22} No timeOffset for RestChordInter#14070{(0.756/0.756) staff:4 slot#19 dur:1/16}
2026-06-06 01:38:27,460 INFO [sb-023]   AbstractChordInter.java:627  | Measure{#22} No timeOffset for HeadChordInter#11775{(0.957/0.957) staff:4 slot#21 dur:1/16}
2026-06-06 01:38:27,460 INFO [sb-023]          StackRhythm.java:224  | S4 MeasureStack#22 no correct rhythm
2026-06-06 01:38:27,463 INFO [sb-023]        MeasureRhythm.java:1044 | Measure{#28} No timeOffset for HeadChordInter#11823{(0.532/0.532) staff:5 slot#11 dur:1/2}
2026-06-06 01:38:27,463 INFO [sb-023]   AbstractChordInter.java:627  | Measure{#28} No timeOffset for HeadChordInter#11823{(0.532/0.532) staff:5 slot#11 dur:1/2}
2026-06-06 01:38:27,463 INFO [sb-023]   AbstractChordInter.java:627  | Measure{#28} No timeOffset for HeadChordInter#11824{(0.936/0.936) staff:5 slot#12 dur:1/4}
2026-06-06 01:38:27,463 INFO [sb-023]   AbstractChordInter.java:627  | Measure{#28} No timeOffset for RestChordInter#14123{(0.787/0.787) staff:5 slot#13 dur:1/8}
2026-06-06 01:38:27,464 INFO [sb-023]   AbstractChordInter.java:627  | Measure{#28} No timeOffset for HeadChordInter#11825{(0.943/0.943) staff:5 slot#14 dur:1/8}
2026-06-06 01:38:27,464 INFO [sb-023]   AbstractChordInter.java:627  | Measure{#28} No timeOffset for HeadChordInter#11828{(0.958/0.958) staff:5 slot#17 dur:1/16}
2026-06-06 01:38:27,464 INFO [sb-023]          StackRhythm.java:224  | S5 MeasureStack#28 no correct rhythm
2026-06-06 01:38:27,464 INFO [sb-023]        MeasureRhythm.java:1044 | Measure{#29} No timeOffset for HeadChordInter#11839{(0.955/0.955) staff:5 slot#8 dur:1/16}
2026-06-06 01:38:27,464 INFO [sb-023]                Voice.java:257  | Measure{#29} Voice{#1 excess:1/8} too long
2026-06-06 01:38:27,465 INFO [sb-023]          StackRhythm.java:224  | S5 MeasureStack#29 no correct rhythm
2026-06-06 01:38:27,467 INFO [sb-023]        MeasureRhythm.java:1044 | Measure{#35} No timeOffset for HeadChordInter#11882{(0.947/0.947) staff:6 slot#6 dur:1/4}
2026-06-06 01:38:27,467 INFO [sb-023]          StackRhythm.java:224  | S6 MeasureStack#35 no correct rhythm
2026-06-06 01:38:27,467 INFO [sb-023]        MeasureRhythm.java:1044 | Measure{#36} No timeOffset for HeadChordInter#11890{(0.892/0.892) staff:6 slot#7 dur:1/4}
2026-06-06 01:38:27,467 INFO [sb-023]                Voice.java:257  | Measure{#36} Voice{#1 excess:1/16} too long
2026-06-06 01:38:27,467 INFO [sb-023]          StackRhythm.java:224  | S6 MeasureStack#36 no correct rhythm
2026-06-06 01:38:27,470 INFO [sb-023]        MeasureRhythm.java:1044 | Measure{#43} No timeOffset for HeadChordInter#11933{(0.951/0.951) staff:7 slot#9 dur:1/4}
2026-06-06 01:38:27,470 INFO [sb-023]   AbstractChordInter.java:627  | Measure{#43} No timeOffset for HeadChordInter#11933{(0.951/0.951) staff:7 slot#9 dur:1/4}
2026-06-06 01:38:27,470 INFO [sb-023]          StackRhythm.java:224  | S7 MeasureStack#43 no correct rhythm
2026-06-06 01:38:27,471 INFO [sb-023]        MeasureRhythm.java:1044 | Measure{#44} No timeOffset for HeadChordInter#11937{(0.945/0.945) staff:7 slot#6 dur:1/16}
2026-06-06 01:38:27,471 INFO [sb-023]   AbstractChordInter.java:627  | Measure{#44} No timeOffset for HeadChordInter#11939{(0.962/0.962) staff:7 slot#8 dur:1/16}
2026-06-06 01:38:27,471 INFO [sb-023]   AbstractChordInter.java:627  | Measure{#44} No timeOffset for HeadChordInter#11941{(0.967/0.967) staff:7 slot#10 dur:1/8}
2026-06-06 01:38:27,471 INFO [sb-023]                Voice.java:257  | Measure{#44} Voice{#1 excess:3/16} too long
2026-06-06 01:38:27,471 INFO [sb-023]          StackRhythm.java:224  | S7 MeasureStack#44 no correct rhythm
2026-06-06 01:38:27,471 INFO [sb-023]       StepMonitoring.java:98   | PAGE
2026-06-06 01:38:27,472 INFO [sb-023]                Voice.java:257  | Measure{#3} Voice{#1 excess:3/32} too long
2026-06-06 01:38:27,472 INFO [sb-023]                Voice.java:257  | Measure{#3} Voice{#2 excess:3/32} too long
2026-06-06 01:38:27,473 INFO [sb-023]                Voice.java:257  | Measure{#11} Voice{#1 excess:1/16} too long
2026-06-06 01:38:27,473 INFO [sb-023]                Voice.java:257  | Measure{#12} Voice{#1 excess:1/16} too long
2026-06-06 01:38:27,473 INFO [sb-023]                Voice.java:257  | Measure{#14} Voice{#1 excess:3/16} too long
2026-06-06 01:38:27,473 INFO [sb-023]                Voice.java:257  | Measure{#17} Voice{#1 excess:1/8} too long
2026-06-06 01:38:27,473 INFO [sb-023]                Voice.java:257  | Measure{#19} Voice{#1 excess:1/8} too long
2026-06-06 01:38:27,473 INFO [sb-023]                Voice.java:257  | Measure{#21} Voice{#1 excess:1/8} too long
2026-06-06 01:38:27,473 INFO [sb-023]                Voice.java:257  | Measure{#29} Voice{#1 excess:1/8} too long
2026-06-06 01:38:27,473 INFO [sb-023]                Voice.java:257  | Measure{#36} Voice{#2 excess:1/16} too long
2026-06-06 01:38:27,473 INFO [sb-023]                Voice.java:257  | Measure{#44} Voice{#1 excess:3/16} too long
2026-06-06 01:38:27,474 INFO [sb-023]                 Book.java:2584 | Book{sb-023} storing
2026-06-06 01:38:27,628 INFO [sb-023]                 Book.java:2565 | Stored /book.xml
2026-06-06 01:38:27,688 INFO [sb-023]           DataHolder.java:348  | Stored /sheet#1/BINARY.png
2026-06-06 01:38:28,103 INFO [sb-023]                Sheet.java:1583 | Stored /sheet#1/sheet#1.xml
2026-06-06 01:38:28,103 INFO [sb-023]                 Book.java:2525 | Book stored as omr/out/sb-023.omr
2026-06-06 01:38:28,104 INFO [sb-023]            SheetStub.java:1655 | Sheet disposed
2026-06-06 01:38:28,211 INFO [sb-023]                 Book.java:2050 | End of Stub#1
2026-06-06 01:38:28,211 INFO [sb-023]                 Book.java:2057 | End of Book{sb-023}
2026-06-06 01:38:28,536 INFO [sb-023]            SheetStub.java:1000 | Loaded /sheet#1/sheet#1.xml
2026-06-06 01:38:28,537 INFO [sb-023]      PartwiseBuilder.java:2706 | Exporting sheet(s): [#1]
2026-06-06 01:38:28,560 INFO [sb-023]        ScoreExporter.java:164  | Score sb-023 exported to omr/out/sb-023.mxl
2026-06-06 01:38:28,695 INFO [sb-023]                Score.java:181  | Closing {Score 1}
