2026-06-06 01:47:37,666 INFO [sb-070]                 Book.java:560  | 1 sheet in /home/runner/work/sambrass-tutor/sambrass-tutor/omr/input/sb-070.png
2026-06-06 01:47:37,994 INFO []                 Book.java:2565 | Stored /book.xml
2026-06-06 01:47:37,994 INFO []                 Book.java:2525 | Book stored as omr/out/sb-070.omr
2026-06-06 01:47:37,995 INFO []                 Book.java:1929 | Book reaching PAGE on sheets:[#1]
2026-06-06 01:47:37,995 INFO [sb-070]       StepMonitoring.java:98   | LOAD
2026-06-06 01:47:38,062 INFO [sb-070]            SheetStub.java:1278 | Loaded image #1 3175x1935 from /home/runner/work/sambrass-tutor/sambrass-tutor/omr/input/sb-070.png
2026-06-06 01:47:38,062 INFO [sb-070]            ImageUtil.java:124  | Converting max RGB to gray
2026-06-06 01:47:38,139 INFO [sb-070]       StepMonitoring.java:98   | BINARY
2026-06-06 01:47:38,373 INFO [sb-070]       StepMonitoring.java:98   | SCALE
2026-06-06 01:47:38,374 INFO [sb-070]         ScaleBuilder.java:255  | Beam  guessed height: 15 -- mid of [7..23]
2026-06-06 01:47:38,375 INFO [sb-070]         ScaleBuilder.java:271  | Beam measured height: 14 -- 0.44 of [7..23] range at 466% of needed quorum
2026-06-06 01:47:38,375 INFO [sb-070]         ScaleBuilder.java:401  | Normalized black jitter: 8.33 %
2026-06-06 01:47:38,375 INFO [sb-070]            ScaleStep.java:65   | Scale{ interline(23,24,25) line(3,4,5) beam(14)}
2026-06-06 01:47:38,375 INFO [sb-070]       StepMonitoring.java:98   | GRID
2026-06-06 01:47:38,464 INFO [sb-070]       LinesRetriever.java:1500 | Global slope: 0.00000
2026-06-06 01:47:38,469 INFO [sb-070]    ClustersRetriever.java:326  | Retrieved raw line clusters: 4 of sizes [5] with interline(23,24,25)
2026-06-06 01:47:38,509 INFO [sb-070]            PeakGraph.java:310  | Systems: #1[1] #2[2] #3[3] #4[4]
2026-06-06 01:47:38,510 WARN [sb-070]       StaffProjector.java:341  | Staff#1 no clear end on LEFT
2026-06-06 01:47:38,510 WARN [sb-070]       StaffProjector.java:341  | Staff#2 no clear end on LEFT
2026-06-06 01:47:38,510 WARN [sb-070]       StaffProjector.java:341  | Staff#3 no clear end on LEFT
2026-06-06 01:47:38,510 WARN [sb-070]       StaffProjector.java:341  | Staff#4 no clear end on LEFT
2026-06-06 01:47:38,646 INFO [sb-070]        SystemManager.java:779  | 1 part along 4 systems
2026-06-06 01:47:38,646 INFO [sb-070]                 Book.java:543  | Created scores: [{Score 1}]
2026-06-06 01:47:38,646 INFO [sb-070]       StepMonitoring.java:98   | HEADERS
2026-06-06 01:47:38,751 INFO [sb-070]       StepMonitoring.java:98   | STEM_SEEDS
2026-06-06 01:47:38,783 INFO [sb-070]        StemSeedsStep.java:86   | stem(5 max:6)
2026-06-06 01:47:38,792 INFO [sb-070]       StepMonitoring.java:98   | BEAMS
2026-06-06 01:47:42,128 INFO [sb-070]       StepMonitoring.java:98   | LEDGERS
2026-06-06 01:47:42,298 INFO [sb-070]       StepMonitoring.java:98   | HEADS
2026-06-06 01:47:47,135 INFO [sb-070]        HeadSeedTally.java:235  | Scale information: HeadSeeds{NOTEHEAD_BLACK[L:-0.7,R:-1.5]}
2026-06-06 01:47:47,135 INFO [sb-070]       StepMonitoring.java:98   | STEMS
2026-06-06 01:47:47,560 INFO [sb-070]       StepMonitoring.java:98   | REDUCTION
2026-06-06 01:47:47,585 INFO [sb-070]        ReductionStep.java:105  | Stems free length median value: 82 pixels, 3.4 interlines
2026-06-06 01:47:47,587 INFO [sb-070]       StepMonitoring.java:98   | CUE_BEAMS
2026-06-06 01:47:47,587 INFO [sb-070]         CueBeamsStep.java:81   | Step CUE_BEAMS is skipped because small heads switch is off
2026-06-06 01:47:47,587 INFO [sb-070]       StepMonitoring.java:98   | TEXTS
2026-06-06 01:47:47,657 WARN [sb-070]         TesseractOCR.java:335  | The collection of supported languages is empty
2026-06-06 01:47:47,657 INFO [sb-070]              OcrUtil.java:106  | Missing support for 'eng' language(s)
2026-06-06 01:47:47,658 INFO [sb-070]       StepMonitoring.java:98   | MEASURES
2026-06-06 01:47:47,659 INFO [sb-070]                 Page.java:307  | 39 raw measures: [10 in system#1, 11 in system#2, 9 in system#3, 9 in system#4]
2026-06-06 01:47:47,659 INFO [sb-070]       StepMonitoring.java:98   | CHORDS
2026-06-06 01:47:47,660 INFO [sb-070]       StepMonitoring.java:98   | CURVES
2026-06-06 01:47:48,024 INFO [sb-070]         SlursBuilder.java:240  | Slurs: 42
2026-06-06 01:47:48,028 INFO [sb-070]      SegmentsBuilder.java:155  | Segments: 39
2026-06-06 01:47:48,031 WARN [sb-070]         TesseractOCR.java:335  | The collection of supported languages is empty
2026-06-06 01:47:48,031 INFO [sb-070]              OcrUtil.java:106  | Missing support for 'eng' language(s)
2026-06-06 01:47:48,031 INFO [sb-070]    RehearsalsBuilder.java:199  | No text found in rehearsal enclosure java.awt.Rectangle[x=117,y=151,width=76,height=73]
2026-06-06 01:47:48,031 INFO [sb-070]       StepMonitoring.java:98   | SYMBOLS
2026-06-06 01:47:49,031 INFO [sb-070]       StepMonitoring.java:98   | LINKS
2026-06-06 01:47:49,046 INFO [sb-070]       StepMonitoring.java:98   | RHYTHMS
2026-06-06 01:47:49,048 INFO [sb-070]                Voice.java:257  | Measure{#11} Voice{#1 excess:1/4} too long
2026-06-06 01:47:49,048 INFO [sb-070]          StackRhythm.java:224  | S2 MeasureStack#11 no correct rhythm
2026-06-06 01:47:49,048 INFO [sb-070]                Voice.java:257  | Measure{#13} Voice{#1 excess:1/4} too long
2026-06-06 01:47:49,048 INFO [sb-070]          StackRhythm.java:224  | S2 MeasureStack#13 no correct rhythm
2026-06-06 01:47:49,050 INFO [sb-070]        MeasureRhythm.java:1044 | Measure{#25} No timeOffset for HeadChordInter#4290{(0.569/0.569) staff:3 slot#5 dur:1/2}
2026-06-06 01:47:49,050 INFO [sb-070]   AbstractChordInter.java:627  | Measure{#25} No timeOffset for HeadChordInter#4290{(0.569/0.569) staff:3 slot#5 dur:1/2}
2026-06-06 01:47:49,050 INFO [sb-070]          StackRhythm.java:224  | S3 MeasureStack#25 no correct rhythm
2026-06-06 01:47:49,052 INFO [sb-070]       StepMonitoring.java:98   | PAGE
2026-06-06 01:47:49,053 INFO [sb-070]                Voice.java:257  | Measure{#11} Voice{#1 excess:1/4} too long
2026-06-06 01:47:49,053 INFO [sb-070]                Voice.java:257  | Measure{#13} Voice{#1 excess:1/4} too long
2026-06-06 01:47:49,053 INFO [sb-070]                 Book.java:2584 | Book{sb-070} storing
2026-06-06 01:47:49,424 INFO [sb-070]                 Book.java:2565 | Stored /book.xml
2026-06-06 01:47:49,475 INFO [sb-070]           DataHolder.java:348  | Stored /sheet#1/BINARY.png
2026-06-06 01:47:49,708 INFO [sb-070]                Sheet.java:1583 | Stored /sheet#1/sheet#1.xml
2026-06-06 01:47:49,708 INFO [sb-070]                 Book.java:2525 | Book stored as omr/out/sb-070.omr
2026-06-06 01:47:49,709 INFO [sb-070]            SheetStub.java:1655 | Sheet disposed
2026-06-06 01:47:50,035 INFO [sb-070]                 Book.java:2050 | End of Stub#1
2026-06-06 01:47:50,036 INFO [sb-070]                 Book.java:2057 | End of Book{sb-070}
2026-06-06 01:47:50,201 INFO [sb-070]            SheetStub.java:1000 | Loaded /sheet#1/sheet#1.xml
2026-06-06 01:47:50,202 INFO [sb-070]      PartwiseBuilder.java:2706 | Exporting sheet(s): [#1]
2026-06-06 01:47:50,213 INFO [sb-070]        ScoreExporter.java:164  | Score sb-070 exported to omr/out/sb-070.mxl
2026-06-06 01:47:50,553 INFO [sb-070]                Score.java:181  | Closing {Score 1}
