2026-06-06 01:47:14,610 INFO [sb-068]                 Book.java:560  | 1 sheet in /home/runner/work/sambrass-tutor/sambrass-tutor/omr/input/sb-068.png
2026-06-06 01:47:14,931 INFO []                 Book.java:2565 | Stored /book.xml
2026-06-06 01:47:14,931 INFO []                 Book.java:2525 | Book stored as omr/out/sb-068.omr
2026-06-06 01:47:14,932 INFO []                 Book.java:1929 | Book reaching PAGE on sheets:[#1]
2026-06-06 01:47:14,932 INFO [sb-068]       StepMonitoring.java:98   | LOAD
2026-06-06 01:47:14,997 INFO [sb-068]            SheetStub.java:1278 | Loaded image #1 3175x1935 from /home/runner/work/sambrass-tutor/sambrass-tutor/omr/input/sb-068.png
2026-06-06 01:47:14,998 INFO [sb-068]            ImageUtil.java:124  | Converting max RGB to gray
2026-06-06 01:47:15,072 INFO [sb-068]       StepMonitoring.java:98   | BINARY
2026-06-06 01:47:15,307 INFO [sb-068]       StepMonitoring.java:98   | SCALE
2026-06-06 01:47:15,308 INFO [sb-068]         ScaleBuilder.java:255  | Beam  guessed height: 15 -- mid of [7..23]
2026-06-06 01:47:15,309 INFO [sb-068]         ScaleBuilder.java:271  | Beam measured height: 14 -- 0.44 of [7..23] range at 464% of needed quorum
2026-06-06 01:47:15,309 INFO [sb-068]         ScaleBuilder.java:401  | Normalized black jitter: 12.50 %
2026-06-06 01:47:15,309 INFO [sb-068]            ScaleStep.java:65   | Scale{ interline(23,24,24) line(3,4,6) beam(14)}
2026-06-06 01:47:15,309 INFO [sb-068]       StepMonitoring.java:98   | GRID
2026-06-06 01:47:15,399 INFO [sb-068]       LinesRetriever.java:1500 | Global slope: 0.00000
2026-06-06 01:47:15,403 INFO [sb-068]    ClustersRetriever.java:326  | Retrieved raw line clusters: 4 of sizes [5] with interline(23,24,24)
2026-06-06 01:47:15,433 INFO [sb-068]            PeakGraph.java:310  | Systems: #1[1] #2[2] #3[3] #4[4]
2026-06-06 01:47:15,552 INFO [sb-068]        SystemManager.java:779  | 1 part along 4 systems
2026-06-06 01:47:15,552 INFO [sb-068]                 Book.java:543  | Created scores: [{Score 1}]
2026-06-06 01:47:15,552 INFO [sb-068]       StepMonitoring.java:98   | HEADERS
2026-06-06 01:47:15,627 INFO [sb-068]       StepMonitoring.java:98   | STEM_SEEDS
2026-06-06 01:47:15,659 INFO [sb-068]        StemSeedsStep.java:86   | stem(5 max:7)
2026-06-06 01:47:15,667 INFO [sb-068]       StepMonitoring.java:98   | BEAMS
2026-06-06 01:47:18,957 INFO [sb-068]       StepMonitoring.java:98   | LEDGERS
2026-06-06 01:47:19,071 INFO [sb-068]       StepMonitoring.java:98   | HEADS
2026-06-06 01:47:23,375 INFO [sb-068]        HeadSeedTally.java:235  | Scale information: HeadSeeds{NOTEHEAD_BLACK[L:-0.7,R:-1.5]}
2026-06-06 01:47:23,375 INFO [sb-068]       StepMonitoring.java:98   | STEMS
2026-06-06 01:47:23,660 INFO [sb-068]       StepMonitoring.java:98   | REDUCTION
2026-06-06 01:47:23,677 INFO [sb-068]        ReductionStep.java:105  | Stems free length median value: 83 pixels, 3.5 interlines
2026-06-06 01:47:23,679 INFO [sb-068]       StepMonitoring.java:98   | CUE_BEAMS
2026-06-06 01:47:23,679 INFO [sb-068]         CueBeamsStep.java:81   | Step CUE_BEAMS is skipped because small heads switch is off
2026-06-06 01:47:23,679 INFO [sb-068]       StepMonitoring.java:98   | TEXTS
2026-06-06 01:47:23,756 WARN [sb-068]         TesseractOCR.java:335  | The collection of supported languages is empty
2026-06-06 01:47:23,756 INFO [sb-068]              OcrUtil.java:106  | Missing support for 'eng' language(s)
2026-06-06 01:47:23,757 INFO [sb-068]       StepMonitoring.java:98   | MEASURES
2026-06-06 01:47:23,757 INFO [sb-068]                 Page.java:307  | 36 raw measures: [11 in system#1, 8 in system#2, 7 in system#3, 10 in system#4]
2026-06-06 01:47:23,758 INFO [sb-068]       StepMonitoring.java:98   | CHORDS
2026-06-06 01:47:23,759 INFO [sb-068]       StepMonitoring.java:98   | CURVES
2026-06-06 01:47:24,073 INFO [sb-068]         SlursBuilder.java:240  | Slurs: 42
2026-06-06 01:47:24,075 INFO [sb-068]      SegmentsBuilder.java:155  | Segments: 31
2026-06-06 01:47:24,079 WARN [sb-068]         TesseractOCR.java:335  | The collection of supported languages is empty
2026-06-06 01:47:24,079 INFO [sb-068]              OcrUtil.java:106  | Missing support for 'eng' language(s)
2026-06-06 01:47:24,079 INFO [sb-068]    RehearsalsBuilder.java:199  | No text found in rehearsal enclosure java.awt.Rectangle[x=199,y=188,width=76,height=72]
2026-06-06 01:47:24,081 WARN [sb-068]         TesseractOCR.java:335  | The collection of supported languages is empty
2026-06-06 01:47:24,081 INFO [sb-068]              OcrUtil.java:106  | Missing support for 'eng' language(s)
2026-06-06 01:47:24,081 INFO [sb-068]    RehearsalsBuilder.java:199  | No text found in rehearsal enclosure java.awt.Rectangle[x=200,y=612,width=75,height=71]
2026-06-06 01:47:24,083 WARN [sb-068]         TesseractOCR.java:335  | The collection of supported languages is empty
2026-06-06 01:47:24,083 INFO [sb-068]              OcrUtil.java:106  | Missing support for 'eng' language(s)
2026-06-06 01:47:24,083 INFO [sb-068]    RehearsalsBuilder.java:199  | No text found in rehearsal enclosure java.awt.Rectangle[x=153,y=1460,width=78,height=73]
2026-06-06 01:47:24,083 INFO [sb-068]       StepMonitoring.java:98   | SYMBOLS
2026-06-06 01:47:24,741 INFO [sb-068]       StepMonitoring.java:98   | LINKS
2026-06-06 01:47:24,752 INFO [sb-068]       StepMonitoring.java:98   | RHYTHMS
2026-06-06 01:47:24,754 INFO [sb-068]        MeasureRhythm.java:1044 | Measure{#11} No timeOffset for HeadChordInter#3457{(0.511/0.511) staff:1 slot#2 dur:1/2}
2026-06-06 01:47:24,754 INFO [sb-068]   AbstractChordInter.java:627  | Measure{#11} No timeOffset for HeadChordInter#3457{(0.511/0.511) staff:1 slot#2 dur:1/2}
2026-06-06 01:47:24,754 INFO [sb-068]          StackRhythm.java:224  | S1 MeasureStack#11 no correct rhythm
2026-06-06 01:47:24,755 INFO [sb-068]                Voice.java:257  | Measure{#12} Voice{#1 excess:1/32} too long
2026-06-06 01:47:24,755 INFO [sb-068]          StackRhythm.java:224  | S2 MeasureStack#12 no correct rhythm
2026-06-06 01:47:24,755 INFO [sb-068]                Voice.java:257  | Measure{#15} Voice{#1 excess:1/16} too long
2026-06-06 01:47:24,755 INFO [sb-068]          StackRhythm.java:224  | S2 MeasureStack#15 no correct rhythm
2026-06-06 01:47:24,758 INFO [sb-068]                Voice.java:257  | Measure{#33} Voice{#1 excess:1/16} too long
2026-06-06 01:47:24,758 INFO [sb-068]          StackRhythm.java:224  | S4 MeasureStack#33 no correct rhythm
2026-06-06 01:47:24,758 INFO [sb-068]       StepMonitoring.java:98   | PAGE
2026-06-06 01:47:24,758 INFO [sb-068]       SheetReduction.java:154  | Gutter. Different glyphs 3/4 ArticulationInter#4351{(0.798/0.887) STACCATO} vs EndingInter#3837{(0.334/0.713) staff:4 ENDING_WRL}
2026-06-06 01:47:24,759 INFO [sb-068]                Voice.java:257  | Measure{#12} Voice{#1 excess:1/32} too long
2026-06-06 01:47:24,759 INFO [sb-068]                Voice.java:257  | Measure{#15} Voice{#1 excess:1/16} too long
2026-06-06 01:47:24,759 INFO [sb-068]                Voice.java:257  | Measure{#33} Voice{#1 excess:1/16} too long
2026-06-06 01:47:24,759 INFO [sb-068]                 Book.java:2584 | Book{sb-068} storing
2026-06-06 01:47:25,117 INFO [sb-068]                 Book.java:2565 | Stored /book.xml
2026-06-06 01:47:25,167 INFO [sb-068]           DataHolder.java:348  | Stored /sheet#1/BINARY.png
2026-06-06 01:47:25,380 INFO [sb-068]                Sheet.java:1583 | Stored /sheet#1/sheet#1.xml
2026-06-06 01:47:25,380 INFO [sb-068]                 Book.java:2525 | Book stored as omr/out/sb-068.omr
2026-06-06 01:47:25,381 INFO [sb-068]            SheetStub.java:1655 | Sheet disposed
2026-06-06 01:47:25,699 INFO [sb-068]                 Book.java:2050 | End of Stub#1
2026-06-06 01:47:25,699 INFO [sb-068]                 Book.java:2057 | End of Book{sb-068}
2026-06-06 01:47:25,850 INFO [sb-068]            SheetStub.java:1000 | Loaded /sheet#1/sheet#1.xml
2026-06-06 01:47:25,851 INFO [sb-068]      PartwiseBuilder.java:2706 | Exporting sheet(s): [#1]
2026-06-06 01:47:25,859 INFO [sb-068]        ScoreExporter.java:164  | Score sb-068 exported to omr/out/sb-068.mxl
2026-06-06 01:47:26,188 INFO [sb-068]                Score.java:181  | Closing {Score 1}
