2026-06-06 01:37:05,596 INFO [sb-017]                 Book.java:560  | 1 sheet in /home/runner/work/sambrass-tutor/sambrass-tutor/omr/input/sb-017.png
2026-06-06 01:37:05,683 INFO []                 Book.java:2565 | Stored /book.xml
2026-06-06 01:37:05,684 INFO []                 Book.java:2525 | Book stored as omr/out/sb-017.omr
2026-06-06 01:37:05,684 INFO []                 Book.java:1929 | Book reaching PAGE on sheets:[#1]
2026-06-06 01:37:05,684 INFO [sb-017]       StepMonitoring.java:98   | LOAD
2026-06-06 01:37:05,748 INFO [sb-017]            SheetStub.java:1278 | Loaded image #1 3175x1935 from /home/runner/work/sambrass-tutor/sambrass-tutor/omr/input/sb-017.png
2026-06-06 01:37:05,749 INFO [sb-017]            ImageUtil.java:124  | Converting max RGB to gray
2026-06-06 01:37:05,823 INFO [sb-017]       StepMonitoring.java:98   | BINARY
2026-06-06 01:37:06,067 INFO [sb-017]       StepMonitoring.java:98   | SCALE
2026-06-06 01:37:06,069 INFO [sb-017]         ScaleBuilder.java:255  | Beam  guessed height: 14 -- mid of [7..22]
2026-06-06 01:37:06,069 INFO [sb-017]         ScaleBuilder.java:271  | Beam measured height: 16 -- 0.60 of [7..22] range at 63% of needed quorum
2026-06-06 01:37:06,069 INFO [sb-017]         ScaleBuilder.java:401  | Normalized black jitter: 8.33 %
2026-06-06 01:37:06,069 INFO [sb-017]            ScaleStep.java:65   | Scale{ interline(24,24,25) line(4,5,6) beam(16)}
2026-06-06 01:37:06,069 INFO [sb-017]       StepMonitoring.java:98   | GRID
2026-06-06 01:37:06,138 INFO [sb-017]       LinesRetriever.java:1500 | Global slope: 0.00000
2026-06-06 01:37:06,142 INFO [sb-017]    ClustersRetriever.java:326  | Retrieved raw line clusters: 4 of sizes [5] with interline(24,24,25)
2026-06-06 01:37:06,171 INFO [sb-017]            PeakGraph.java:310  | Systems: #1[1] #2[2] #3[3] #4[4]
2026-06-06 01:37:06,281 INFO [sb-017]        SystemManager.java:134  | Indentation detected for system #1
2026-06-06 01:37:06,281 INFO [sb-017]        SystemManager.java:779  | 1 part along 4 systems
2026-06-06 01:37:06,281 INFO [sb-017]                 Book.java:543  | Created scores: [{Score 1}]
2026-06-06 01:37:06,281 INFO [sb-017]       StepMonitoring.java:98   | HEADERS
2026-06-06 01:37:06,386 INFO [sb-017]       StepMonitoring.java:98   | STEM_SEEDS
2026-06-06 01:37:06,420 INFO [sb-017]        StemSeedsStep.java:86   | stem(5 max:7)
2026-06-06 01:37:06,429 INFO [sb-017]       StepMonitoring.java:98   | BEAMS
2026-06-06 01:37:10,134 INFO [sb-017]       StepMonitoring.java:98   | LEDGERS
2026-06-06 01:37:10,231 INFO [sb-017]       StepMonitoring.java:98   | HEADS
2026-06-06 01:37:14,363 INFO [sb-017]        HeadSeedTally.java:235  | Scale information: HeadSeeds{NOTEHEAD_VOID[L:-0.9,R:-1.3] NOTEHEAD_BLACK[L:-0.7,R:-1.3]}
2026-06-06 01:37:14,364 INFO [sb-017]       StepMonitoring.java:98   | STEMS
2026-06-06 01:37:14,534 INFO [sb-017]       StepMonitoring.java:98   | REDUCTION
2026-06-06 01:37:14,542 INFO [sb-017]        ReductionStep.java:105  | Stems free length median value: 83 pixels, 3.5 interlines
2026-06-06 01:37:14,543 INFO [sb-017]       StepMonitoring.java:98   | CUE_BEAMS
2026-06-06 01:37:14,543 INFO [sb-017]         CueBeamsStep.java:81   | Step CUE_BEAMS is skipped because small heads switch is off
2026-06-06 01:37:14,544 INFO [sb-017]       StepMonitoring.java:98   | TEXTS
2026-06-06 01:37:14,605 WARN [sb-017]         TesseractOCR.java:335  | The collection of supported languages is empty
2026-06-06 01:37:14,606 INFO [sb-017]              OcrUtil.java:106  | Missing support for 'eng' language(s)
2026-06-06 01:37:14,606 INFO [sb-017]       StepMonitoring.java:98   | MEASURES
2026-06-06 01:37:14,607 INFO [sb-017]                 Page.java:307  | 45 raw measures: [11 in system#1, 12 in system#2, 11 in system#3, 11 in system#4]
2026-06-06 01:37:14,607 INFO [sb-017]       StepMonitoring.java:98   | CHORDS
2026-06-06 01:37:14,608 INFO [sb-017]       StepMonitoring.java:98   | CURVES
2026-06-06 01:37:14,947 INFO [sb-017]         SlursBuilder.java:240  | Slurs: 0
2026-06-06 01:37:14,949 INFO [sb-017]      SegmentsBuilder.java:155  | Segments: 33
2026-06-06 01:37:14,954 WARN [sb-017]         TesseractOCR.java:335  | The collection of supported languages is empty
2026-06-06 01:37:14,954 INFO [sb-017]              OcrUtil.java:106  | Missing support for 'eng' language(s)
2026-06-06 01:37:14,954 INFO [sb-017]    RehearsalsBuilder.java:199  | No text found in rehearsal enclosure java.awt.Rectangle[x=2246,y=119,width=84,height=79]
2026-06-06 01:37:14,957 WARN [sb-017]         TesseractOCR.java:335  | The collection of supported languages is empty
2026-06-06 01:37:14,957 INFO [sb-017]              OcrUtil.java:106  | Missing support for 'eng' language(s)
2026-06-06 01:37:14,957 INFO [sb-017]    RehearsalsBuilder.java:199  | No text found in rehearsal enclosure java.awt.Rectangle[x=161,y=131,width=204,height=81]
2026-06-06 01:37:14,959 WARN [sb-017]         TesseractOCR.java:335  | The collection of supported languages is empty
2026-06-06 01:37:14,959 INFO [sb-017]              OcrUtil.java:106  | Missing support for 'eng' language(s)
2026-06-06 01:37:14,959 INFO [sb-017]    RehearsalsBuilder.java:199  | No text found in rehearsal enclosure java.awt.Rectangle[x=2004,y=909,width=78,height=78]
2026-06-06 01:37:14,959 INFO [sb-017]       StepMonitoring.java:98   | SYMBOLS
2026-06-06 01:37:15,876 INFO [sb-017]       StepMonitoring.java:98   | LINKS
2026-06-06 01:37:15,882 INFO [sb-017]       StepMonitoring.java:98   | RHYTHMS
2026-06-06 01:37:15,886 INFO [sb-017]       StepMonitoring.java:98   | PAGE
2026-06-06 01:37:15,886 INFO [sb-017]                 Book.java:2584 | Book{sb-017} storing
2026-06-06 01:37:15,987 INFO [sb-017]                 Book.java:2565 | Stored /book.xml
2026-06-06 01:37:16,037 INFO [sb-017]           DataHolder.java:348  | Stored /sheet#1/BINARY.png
2026-06-06 01:37:16,195 INFO [sb-017]                Sheet.java:1583 | Stored /sheet#1/sheet#1.xml
2026-06-06 01:37:16,195 INFO [sb-017]                 Book.java:2525 | Book stored as omr/out/sb-017.omr
2026-06-06 01:37:16,196 INFO [sb-017]            SheetStub.java:1655 | Sheet disposed
2026-06-06 01:37:16,282 INFO [sb-017]                 Book.java:2050 | End of Stub#1
2026-06-06 01:37:16,283 INFO [sb-017]                 Book.java:2057 | End of Book{sb-017}
2026-06-06 01:37:16,435 INFO [sb-017]            SheetStub.java:1000 | Loaded /sheet#1/sheet#1.xml
2026-06-06 01:37:16,436 INFO [sb-017]      PartwiseBuilder.java:2706 | Exporting sheet(s): [#1]
2026-06-06 01:37:16,443 INFO [sb-017]        ScoreExporter.java:164  | Score sb-017 exported to omr/out/sb-017.mxl
2026-06-06 01:37:16,536 INFO [sb-017]                Score.java:181  | Closing {Score 1}
