2026-06-06 01:49:31,852 INFO [sb-079]                 Book.java:560  | 1 sheet in /home/runner/work/sambrass-tutor/sambrass-tutor/omr/input/sb-079.png
2026-06-06 01:49:32,213 INFO []                 Book.java:2565 | Stored /book.xml
2026-06-06 01:49:32,213 INFO []                 Book.java:2525 | Book stored as omr/out/sb-079.omr
2026-06-06 01:49:32,214 INFO []                 Book.java:1929 | Book reaching PAGE on sheets:[#1]
2026-06-06 01:49:32,214 INFO [sb-079]       StepMonitoring.java:98   | LOAD
2026-06-06 01:49:32,284 INFO [sb-079]            SheetStub.java:1278 | Loaded image #1 3175x1935 from /home/runner/work/sambrass-tutor/sambrass-tutor/omr/input/sb-079.png
2026-06-06 01:49:32,284 INFO [sb-079]            ImageUtil.java:124  | Converting max RGB to gray
2026-06-06 01:49:32,358 INFO [sb-079]       StepMonitoring.java:98   | BINARY
2026-06-06 01:49:32,588 INFO [sb-079]       StepMonitoring.java:98   | SCALE
2026-06-06 01:49:32,589 INFO [sb-079]         ScaleBuilder.java:255  | Beam  guessed height: 18 -- mid of [8..28]
2026-06-06 01:49:32,589 INFO [sb-079]         ScaleBuilder.java:271  | Beam measured height: 16 -- 0.40 of [8..28] range at 557% of needed quorum
2026-06-06 01:49:32,589 INFO [sb-079]         ScaleBuilder.java:401  | Normalized black jitter: 6.67 %
2026-06-06 01:49:32,589 INFO [sb-079]            ScaleStep.java:65   | Scale{ interline(29,30,30) line(4,5,6) beam(16)}
2026-06-06 01:49:32,590 INFO [sb-079]       StepMonitoring.java:98   | GRID
2026-06-06 01:49:32,644 INFO [sb-079]       LinesRetriever.java:1500 | Global slope: 0.00000
2026-06-06 01:49:32,646 INFO [sb-079]    ClustersRetriever.java:326  | Retrieved raw line clusters: 3 of sizes [5] with interline(29,30,30)
2026-06-06 01:49:32,661 INFO [sb-079]            PeakGraph.java:310  | Systems: #1[1] #2[2] #3[3]
2026-06-06 01:49:32,743 INFO [sb-079]        SystemManager.java:779  | 1 part along 3 systems
2026-06-06 01:49:32,743 INFO [sb-079]                 Book.java:543  | Created scores: [{Score 1}]
2026-06-06 01:49:32,743 INFO [sb-079]       StepMonitoring.java:98   | HEADERS
2026-06-06 01:49:32,811 INFO [sb-079]       StepMonitoring.java:98   | STEM_SEEDS
2026-06-06 01:49:32,841 INFO [sb-079]        StemSeedsStep.java:86   | stem(6 max:7)
2026-06-06 01:49:32,845 INFO [sb-079]       StepMonitoring.java:98   | BEAMS
2026-06-06 01:49:36,814 INFO [sb-079]       StepMonitoring.java:98   | LEDGERS
2026-06-06 01:49:36,880 INFO [sb-079]       StepMonitoring.java:98   | HEADS
2026-06-06 01:49:41,239 INFO [sb-079]        HeadSeedTally.java:235  | Scale information: HeadSeeds{NOTEHEAD_BLACK[L:-1.7,R:-2.3]}
2026-06-06 01:49:41,239 INFO [sb-079]       StepMonitoring.java:98   | STEMS
2026-06-06 01:49:41,332 INFO [sb-079]       StepMonitoring.java:98   | REDUCTION
2026-06-06 01:49:41,341 INFO [sb-079]        ReductionStep.java:105  | Stems free length median value: 102 pixels, 3.4 interlines
2026-06-06 01:49:41,341 INFO [sb-079]       StepMonitoring.java:98   | CUE_BEAMS
2026-06-06 01:49:41,341 INFO [sb-079]         CueBeamsStep.java:81   | Step CUE_BEAMS is skipped because small heads switch is off
2026-06-06 01:49:41,341 INFO [sb-079]       StepMonitoring.java:98   | TEXTS
2026-06-06 01:49:41,401 WARN [sb-079]         TesseractOCR.java:335  | The collection of supported languages is empty
2026-06-06 01:49:41,402 INFO [sb-079]              OcrUtil.java:106  | Missing support for 'eng' language(s)
2026-06-06 01:49:41,402 INFO [sb-079]       StepMonitoring.java:98   | MEASURES
2026-06-06 01:49:41,402 INFO [sb-079]                 Page.java:307  | 17 raw measures: [7 in system#1, 6 in system#2, 4 in system#3]
2026-06-06 01:49:41,403 INFO [sb-079]       StepMonitoring.java:98   | CHORDS
2026-06-06 01:49:41,403 INFO [sb-079]       StepMonitoring.java:98   | CURVES
2026-06-06 01:49:41,667 INFO [sb-079]         SlursBuilder.java:240  | Slurs: 7
2026-06-06 01:49:41,668 INFO [sb-079]      SegmentsBuilder.java:155  | Segments: 9
2026-06-06 01:49:41,668 INFO [sb-079]       StepMonitoring.java:98   | SYMBOLS
2026-06-06 01:49:42,130 INFO [sb-079]       StepMonitoring.java:98   | LINKS
2026-06-06 01:49:42,136 INFO [sb-079]       StepMonitoring.java:98   | RHYTHMS
2026-06-06 01:49:42,139 INFO [sb-079]       StepMonitoring.java:98   | PAGE
2026-06-06 01:49:42,140 INFO [sb-079]                 Book.java:2584 | Book{sb-079} storing
2026-06-06 01:49:42,519 INFO [sb-079]                 Book.java:2565 | Stored /book.xml
2026-06-06 01:49:42,567 INFO [sb-079]           DataHolder.java:348  | Stored /sheet#1/BINARY.png
2026-06-06 01:49:42,704 INFO [sb-079]                Sheet.java:1583 | Stored /sheet#1/sheet#1.xml
2026-06-06 01:49:42,704 INFO [sb-079]                 Book.java:2525 | Book stored as omr/out/sb-079.omr
2026-06-06 01:49:42,705 INFO [sb-079]            SheetStub.java:1655 | Sheet disposed
2026-06-06 01:49:43,068 INFO [sb-079]                 Book.java:2050 | End of Stub#1
2026-06-06 01:49:43,069 INFO [sb-079]                 Book.java:2057 | End of Book{sb-079}
2026-06-06 01:49:43,189 INFO [sb-079]            SheetStub.java:1000 | Loaded /sheet#1/sheet#1.xml
2026-06-06 01:49:43,190 INFO [sb-079]      PartwiseBuilder.java:2706 | Exporting sheet(s): [#1]
2026-06-06 01:49:43,196 INFO [sb-079]        ScoreExporter.java:164  | Score sb-079 exported to omr/out/sb-079.mxl
2026-06-06 01:49:43,564 INFO [sb-079]                Score.java:181  | Closing {Score 1}
