2026-06-06 01:49:18,381 INFO [sb-078]                 Book.java:560  | 1 sheet in /home/runner/work/sambrass-tutor/sambrass-tutor/omr/input/sb-078.png
2026-06-06 01:49:18,740 INFO []                 Book.java:2565 | Stored /book.xml
2026-06-06 01:49:18,740 INFO []                 Book.java:2525 | Book stored as omr/out/sb-078.omr
2026-06-06 01:49:18,741 INFO []                 Book.java:1929 | Book reaching PAGE on sheets:[#1]
2026-06-06 01:49:18,741 INFO [sb-078]       StepMonitoring.java:98   | LOAD
2026-06-06 01:49:18,810 INFO [sb-078]            SheetStub.java:1278 | Loaded image #1 3175x1935 from /home/runner/work/sambrass-tutor/sambrass-tutor/omr/input/sb-078.png
2026-06-06 01:49:18,810 INFO [sb-078]            ImageUtil.java:124  | Converting max RGB to gray
2026-06-06 01:49:18,888 INFO [sb-078]       StepMonitoring.java:98   | BINARY
2026-06-06 01:49:19,123 INFO [sb-078]       StepMonitoring.java:98   | SCALE
2026-06-06 01:49:19,124 INFO [sb-078]         ScaleBuilder.java:255  | Beam  guessed height: 16 -- mid of [7..25]
2026-06-06 01:49:19,125 INFO [sb-078]         ScaleBuilder.java:271  | Beam measured height: 15 -- 0.44 of [7..25] range at 324% of needed quorum
2026-06-06 01:49:19,125 INFO [sb-078]         ScaleBuilder.java:401  | Normalized black jitter: 7.41 %
2026-06-06 01:49:19,125 INFO [sb-078]            ScaleStep.java:65   | Scale{ interline(26,27,28) line(4,5,6) beam(15)}
2026-06-06 01:49:19,125 INFO [sb-078]       StepMonitoring.java:98   | GRID
2026-06-06 01:49:19,196 INFO [sb-078]       LinesRetriever.java:1500 | Global slope: 0.00000
2026-06-06 01:49:19,199 INFO [sb-078]    ClustersRetriever.java:326  | Retrieved raw line clusters: 4 of sizes [5] with interline(26,27,28)
2026-06-06 01:49:19,225 INFO [sb-078]            PeakGraph.java:310  | Systems: #1[1] #2[2] #3[3] #4[4]
2026-06-06 01:49:19,325 INFO [sb-078]        SystemManager.java:134  | Indentation detected for system #1
2026-06-06 01:49:19,325 INFO [sb-078]        SystemManager.java:779  | 1 part along 4 systems
2026-06-06 01:49:19,325 INFO [sb-078]                 Book.java:543  | Created scores: [{Score 1}]
2026-06-06 01:49:19,326 INFO [sb-078]       StepMonitoring.java:98   | HEADERS
2026-06-06 01:49:19,460 INFO [sb-078]       StepMonitoring.java:98   | STEM_SEEDS
2026-06-06 01:49:19,493 INFO [sb-078]        StemSeedsStep.java:86   | stem(5 max:6)
2026-06-06 01:49:19,500 INFO [sb-078]       StepMonitoring.java:98   | BEAMS
2026-06-06 01:49:23,083 INFO [sb-078]       StepMonitoring.java:98   | LEDGERS
2026-06-06 01:49:23,182 INFO [sb-078]       StepMonitoring.java:98   | HEADS
2026-06-06 01:49:28,399 INFO [sb-078]        HeadSeedTally.java:235  | Scale information: HeadSeeds{NOTEHEAD_BLACK[L:-0.6,R:-1.2]}
2026-06-06 01:49:28,400 INFO [sb-078]       StepMonitoring.java:98   | STEMS
2026-06-06 01:49:28,602 INFO [sb-078]       StepMonitoring.java:98   | REDUCTION
2026-06-06 01:49:28,615 INFO [sb-078]        ReductionStep.java:105  | Stems free length median value: 96 pixels, 3.6 interlines
2026-06-06 01:49:28,617 INFO [sb-078]       StepMonitoring.java:98   | CUE_BEAMS
2026-06-06 01:49:28,617 INFO [sb-078]         CueBeamsStep.java:81   | Step CUE_BEAMS is skipped because small heads switch is off
2026-06-06 01:49:28,617 INFO [sb-078]       StepMonitoring.java:98   | TEXTS
2026-06-06 01:49:28,680 WARN [sb-078]         TesseractOCR.java:335  | The collection of supported languages is empty
2026-06-06 01:49:28,680 INFO [sb-078]              OcrUtil.java:106  | Missing support for 'eng' language(s)
2026-06-06 01:49:28,680 INFO [sb-078]       StepMonitoring.java:98   | MEASURES
2026-06-06 01:49:28,681 INFO [sb-078]                 Page.java:307  | 42 raw measures: [14 in system#1, 10 in system#2, 12 in system#3, 6 in system#4]
2026-06-06 01:49:28,681 INFO [sb-078]       StepMonitoring.java:98   | CHORDS
2026-06-06 01:49:28,682 INFO [sb-078]       StepMonitoring.java:98   | CURVES
2026-06-06 01:49:29,007 INFO [sb-078]         SlursBuilder.java:240  | Slurs: 9
2026-06-06 01:49:29,009 INFO [sb-078]      SegmentsBuilder.java:155  | Segments: 11
2026-06-06 01:49:29,015 WARN [sb-078]         TesseractOCR.java:335  | The collection of supported languages is empty
2026-06-06 01:49:29,015 INFO [sb-078]              OcrUtil.java:106  | Missing support for 'eng' language(s)
2026-06-06 01:49:29,015 INFO [sb-078]    RehearsalsBuilder.java:199  | No text found in rehearsal enclosure java.awt.Rectangle[x=229,y=142,width=93,height=88]
2026-06-06 01:49:29,015 INFO [sb-078]       StepMonitoring.java:98   | SYMBOLS
2026-06-06 01:49:29,982 INFO [sb-078]       StepMonitoring.java:98   | LINKS
2026-06-06 01:49:29,992 INFO [sb-078]       StepMonitoring.java:98   | RHYTHMS
2026-06-06 01:49:29,996 INFO [sb-078]        MeasureRhythm.java:1044 | Measure{#29} No timeOffset for HeadChordInter#3231{(0.948/0.948) staff:3 slot#3 dur:1/4}
2026-06-06 01:49:29,996 INFO [sb-078]          StackRhythm.java:224  | S3 MeasureStack#29 no correct rhythm
2026-06-06 01:49:29,998 INFO [sb-078]       StepMonitoring.java:98   | PAGE
2026-06-06 01:49:29,998 INFO [sb-078]       SheetReduction.java:154  | Gutter. Different glyphs 3/4 ArticulationInter#4027{(0.779/0.882) STACCATO} vs EndingInter#3548{(0.800/0.955) staff:4 ENDING_WRL}
2026-06-06 01:49:29,999 INFO [sb-078]                 Book.java:2584 | Book{sb-078} storing
2026-06-06 01:49:30,386 INFO [sb-078]                 Book.java:2565 | Stored /book.xml
2026-06-06 01:49:30,437 INFO [sb-078]           DataHolder.java:348  | Stored /sheet#1/BINARY.png
2026-06-06 01:49:30,618 INFO [sb-078]                Sheet.java:1583 | Stored /sheet#1/sheet#1.xml
2026-06-06 01:49:30,619 INFO [sb-078]                 Book.java:2525 | Book stored as omr/out/sb-078.omr
2026-06-06 01:49:30,620 INFO [sb-078]            SheetStub.java:1655 | Sheet disposed
2026-06-06 01:49:30,976 INFO [sb-078]                 Book.java:2050 | End of Stub#1
2026-06-06 01:49:30,977 INFO [sb-078]                 Book.java:2057 | End of Book{sb-078}
2026-06-06 01:49:31,116 INFO [sb-078]            SheetStub.java:1000 | Loaded /sheet#1/sheet#1.xml
2026-06-06 01:49:31,117 INFO [sb-078]      PartwiseBuilder.java:2706 | Exporting sheet(s): [#1]
2026-06-06 01:49:31,124 INFO [sb-078]        ScoreExporter.java:164  | Score sb-078 exported to omr/out/sb-078.mxl
2026-06-06 01:49:31,490 INFO [sb-078]                Score.java:181  | Closing {Score 1}
