2026-06-06 01:35:44,028 INFO [sb-010]                 Book.java:560  | 1 sheet in /home/runner/work/sambrass-tutor/sambrass-tutor/omr/input/sb-010.png
2026-06-06 01:35:44,099 INFO []                 Book.java:2565 | Stored /book.xml
2026-06-06 01:35:44,099 INFO []                 Book.java:2525 | Book stored as omr/out/sb-010.omr
2026-06-06 01:35:44,100 INFO []                 Book.java:1929 | Book reaching PAGE on sheets:[#1]
2026-06-06 01:35:44,100 INFO [sb-010]       StepMonitoring.java:98   | LOAD
2026-06-06 01:35:44,171 INFO [sb-010]            SheetStub.java:1278 | Loaded image #1 3175x1935 from /home/runner/work/sambrass-tutor/sambrass-tutor/omr/input/sb-010.png
2026-06-06 01:35:44,172 INFO [sb-010]            ImageUtil.java:124  | Converting max RGB to gray
2026-06-06 01:35:44,253 INFO [sb-010]       StepMonitoring.java:98   | BINARY
2026-06-06 01:35:44,495 INFO [sb-010]       StepMonitoring.java:98   | SCALE
2026-06-06 01:35:44,496 INFO [sb-010]         ScaleBuilder.java:255  | Beam  guessed height: 13 -- mid of [6..21]
2026-06-06 01:35:44,497 INFO [sb-010]         ScaleBuilder.java:271  | Beam measured height:  7 -- 0.07 of [6..21] range at 421% of needed quorum
2026-06-06 01:35:44,497 INFO [sb-010]         ScaleBuilder.java:401  | Normalized black jitter: 9.09 %
2026-06-06 01:35:44,497 INFO [sb-010]            ScaleStep.java:65   | Scale{ interline(21,22,23) line(3,4,5) beam(7)}
2026-06-06 01:35:44,497 INFO [sb-010]       StepMonitoring.java:98   | GRID
2026-06-06 01:35:44,610 INFO [sb-010]       LinesRetriever.java:1500 | Global slope: 0.00000
2026-06-06 01:35:44,615 INFO [sb-010]    ClustersRetriever.java:326  | Retrieved raw line clusters: 5 of sizes [5] with interline(21,22,23)
2026-06-06 01:35:44,677 INFO [sb-010]            PeakGraph.java:310  | Systems: #1[1] #2[2] #3[3] #4[4] #5[5]
2026-06-06 01:35:44,858 INFO [sb-010]        SystemManager.java:779  | 1 part along 5 systems
2026-06-06 01:35:44,859 INFO [sb-010]                 Book.java:543  | Created scores: [{Score 1}]
2026-06-06 01:35:44,859 INFO [sb-010]       StepMonitoring.java:98   | HEADERS
2026-06-06 01:35:44,978 INFO [sb-010]       StepMonitoring.java:98   | STEM_SEEDS
2026-06-06 01:35:45,011 INFO [sb-010]        StemSeedsStep.java:86   | stem(5 max:6)
2026-06-06 01:35:45,020 INFO [sb-010]       StepMonitoring.java:98   | BEAMS
2026-06-06 01:35:46,333 INFO [sb-010]       StepMonitoring.java:98   | LEDGERS
2026-06-06 01:35:46,647 INFO [sb-010]       StepMonitoring.java:98   | HEADS
2026-06-06 01:35:52,282 INFO [sb-010]        HeadSeedTally.java:235  | Scale information: HeadSeeds{NOTEHEAD_BLACK[L:-0.9,R:-1.2]}
2026-06-06 01:35:52,282 INFO [sb-010]       StepMonitoring.java:98   | STEMS
2026-06-06 01:35:52,947 INFO [sb-010]       StepMonitoring.java:98   | REDUCTION
2026-06-06 01:35:52,968 INFO [sb-010]        ReductionStep.java:105  | Stems free length median value: 73 pixels, 3.3 interlines
2026-06-06 01:35:52,971 INFO [sb-010]       StepMonitoring.java:98   | CUE_BEAMS
2026-06-06 01:35:52,971 INFO [sb-010]         CueBeamsStep.java:81   | Step CUE_BEAMS is skipped because small heads switch is off
2026-06-06 01:35:52,971 INFO [sb-010]       StepMonitoring.java:98   | TEXTS
2026-06-06 01:35:53,044 WARN [sb-010]         TesseractOCR.java:335  | The collection of supported languages is empty
2026-06-06 01:35:53,044 INFO [sb-010]              OcrUtil.java:106  | Missing support for 'eng' language(s)
2026-06-06 01:35:53,046 INFO [sb-010]       StepMonitoring.java:98   | MEASURES
2026-06-06 01:35:53,047 INFO [sb-010]                 Page.java:307  | 41 raw measures: [9 in system#1, 9 in system#2, 7 in system#3, 7 in system#4, 9 in system#5]
2026-06-06 01:35:53,047 INFO [sb-010]       StepMonitoring.java:98   | CHORDS
2026-06-06 01:35:53,050 INFO [sb-010]       StepMonitoring.java:98   | CURVES
2026-06-06 01:35:53,491 INFO [sb-010]         SlursBuilder.java:240  | Slurs: 24
2026-06-06 01:35:53,500 INFO [sb-010]      SegmentsBuilder.java:155  | Segments: 84
2026-06-06 01:35:53,504 WARN [sb-010]         TesseractOCR.java:335  | The collection of supported languages is empty
2026-06-06 01:35:53,505 INFO [sb-010]              OcrUtil.java:106  | Missing support for 'eng' language(s)
2026-06-06 01:35:53,505 INFO [sb-010]    RehearsalsBuilder.java:199  | No text found in rehearsal enclosure java.awt.Rectangle[x=64,y=154,width=153,height=68]
2026-06-06 01:35:53,507 WARN [sb-010]         TesseractOCR.java:335  | The collection of supported languages is empty
2026-06-06 01:35:53,507 INFO [sb-010]              OcrUtil.java:106  | Missing support for 'eng' language(s)
2026-06-06 01:35:53,507 INFO [sb-010]    RehearsalsBuilder.java:199  | No text found in rehearsal enclosure java.awt.Rectangle[x=59,y=493,width=69,height=66]
2026-06-06 01:35:53,510 WARN [sb-010]         TesseractOCR.java:335  | The collection of supported languages is empty
2026-06-06 01:35:53,510 INFO [sb-010]              OcrUtil.java:106  | Missing support for 'eng' language(s)
2026-06-06 01:35:53,510 INFO [sb-010]    RehearsalsBuilder.java:199  | No text found in rehearsal enclosure java.awt.Rectangle[x=22,y=1163,width=68,height=66]
2026-06-06 01:35:53,510 INFO [sb-010]       StepMonitoring.java:98   | SYMBOLS
2026-06-06 01:35:54,962 INFO [sb-010]       StepMonitoring.java:98   | LINKS
2026-06-06 01:35:54,982 INFO [sb-010]       StepMonitoring.java:98   | RHYTHMS
2026-06-06 01:35:54,984 INFO [sb-010]        MeasureRhythm.java:1044 | Measure{#3} No timeOffset for HeadChordInter#6913{(0.952/0.952) staff:1 slot#5 dur:1/4}
2026-06-06 01:35:54,985 INFO [sb-010]   AbstractChordInter.java:627  | Measure{#3} No timeOffset for HeadChordInter#6913{(0.952/0.952) staff:1 slot#5 dur:1/4}
2026-06-06 01:35:54,985 INFO [sb-010]   AbstractChordInter.java:627  | Measure{#3} No timeOffset for HeadChordInter#6914{(0.949/0.949) staff:1 slot#6 dur:1/4}
2026-06-06 01:35:54,985 INFO [sb-010]                Voice.java:257  | Measure{#3} Voice{#1 excess:1/8} too long
2026-06-06 01:35:54,985 INFO [sb-010]          StackRhythm.java:224  | S1 MeasureStack#3 no correct rhythm
2026-06-06 01:35:54,986 INFO [sb-010]        MeasureRhythm.java:1044 | Measure{#5} No timeOffset for HeadChordInter#6925{(0.948/0.948) staff:1 slot#4 dur:1/4}
2026-06-06 01:35:54,986 INFO [sb-010]          StackRhythm.java:224  | S1 MeasureStack#5 no correct rhythm
2026-06-06 01:35:54,987 INFO [sb-010]        MeasureRhythm.java:1044 | Measure{#10} No timeOffset for HeadChordInter#6950{(0.941/0.941) slot#6 dur:1/4}
2026-06-06 01:35:54,987 INFO [sb-010]   AbstractChordInter.java:627  | Measure{#10} No timeOffset for HeadChordInter#6950{(0.941/0.941) slot#6 dur:1/4}
2026-06-06 01:35:54,987 INFO [sb-010]          StackRhythm.java:224  | S2 MeasureStack#10 no correct rhythm
2026-06-06 01:35:54,987 INFO [sb-010]        MeasureRhythm.java:1044 | Measure{#11} No timeOffset for HeadChordInter#6955{(0.946/0.946) slot#4 dur:1/4}
2026-06-06 01:35:54,987 INFO [sb-010]   AbstractChordInter.java:627  | Measure{#11} No timeOffset for HeadChordInter#6955{(0.946/0.946) slot#4 dur:1/4}
2026-06-06 01:35:54,988 INFO [sb-010]   AbstractChordInter.java:627  | Measure{#11} No timeOffset for HeadChordInter#6956{(0.943/0.943) staff:2 slot#5 dur:1/6}
2026-06-06 01:35:54,988 INFO [sb-010]   AbstractChordInter.java:627  | Measure{#11} No timeOffset for HeadChordInter#6957{(0.958/0.958) slot#6 dur:1/6}
2026-06-06 01:35:54,988 INFO [sb-010]          StackRhythm.java:224  | S2 MeasureStack#11 no correct rhythm
2026-06-06 01:35:54,989 INFO [sb-010]        MeasureRhythm.java:1044 | Measure{#15} No timeOffset for HeadChordInter#6969{(0.955/0.955) slot#5 dur:1/4}
2026-06-06 01:35:54,989 INFO [sb-010]   AbstractChordInter.java:627  | Measure{#15} No timeOffset for HeadChordInter#6970{(0.962/0.962) slot#6 dur:1/8}
2026-06-06 01:35:54,989 INFO [sb-010]          StackRhythm.java:224  | S2 MeasureStack#15 no correct rhythm
2026-06-06 01:35:54,990 INFO [sb-010]        MeasureRhythm.java:1044 | Measure{#19} No timeOffset for HeadChordInter#6990{(0.952/0.952) staff:3 slot#6 dur:1/6}
2026-06-06 01:35:54,990 INFO [sb-010]   AbstractChordInter.java:627  | Measure{#19} No timeOffset for HeadChordInter#6990{(0.952/0.952) staff:3 slot#6 dur:1/6}
2026-06-06 01:35:54,990 INFO [sb-010]   AbstractChordInter.java:627  | Measure{#19} No timeOffset for HeadChordInter#6991{(0.947/0.947) slot#7 dur:1/6}
2026-06-06 01:35:54,990 INFO [sb-010]          StackRhythm.java:224  | S3 MeasureStack#19 no correct rhythm
2026-06-06 01:35:54,992 INFO [sb-010]        MeasureRhythm.java:1044 | Measure{#23} No timeOffset for HeadChordInter#7015{(0.943/0.943) slot#6 dur:1/4}
2026-06-06 01:35:54,992 INFO [sb-010]   AbstractChordInter.java:627  | Measure{#23} No timeOffset for HeadChordInter#7015{(0.943/0.943) slot#6 dur:1/4}
2026-06-06 01:35:54,992 INFO [sb-010]          StackRhythm.java:224  | S3 MeasureStack#23 no correct rhythm
2026-06-06 01:35:54,992 INFO [sb-010]        MeasureRhythm.java:1044 | Measure{#24} No timeOffset for HeadChordInter#7021{(0.944/0.944) slot#5 dur:1/4}
2026-06-06 01:35:54,993 INFO [sb-010]   AbstractChordInter.java:627  | Measure{#24} No timeOffset for HeadChordInter#7021{(0.944/0.944) slot#5 dur:1/4}
2026-06-06 01:35:54,993 INFO [sb-010]   AbstractChordInter.java:627  | Measure{#24} No timeOffset for HeadChordInter#7022{(0.951/0.951) slot#6 dur:1/4}
2026-06-06 01:35:54,993 INFO [sb-010]          StackRhythm.java:224  | S3 MeasureStack#24 no correct rhythm
2026-06-06 01:35:54,993 INFO [sb-010]        MeasureRhythm.java:1044 | Measure{#26} No timeOffset for HeadChordInter#7030{(0.942/0.942) staff:4 slot#7 dur:1/6}
2026-06-06 01:35:54,994 INFO [sb-010]   AbstractChordInter.java:627  | Measure{#26} No timeOffset for HeadChordInter#7030{(0.942/0.942) staff:4 slot#7 dur:1/6}
2026-06-06 01:35:54,994 INFO [sb-010]   AbstractChordInter.java:627  | Measure{#26} No timeOffset for HeadChordInter#7031{(0.937/0.937) staff:4 slot#8 dur:1/6}
2026-06-06 01:35:54,994 INFO [sb-010]          StackRhythm.java:224  | S4 MeasureStack#26 no correct rhythm
2026-06-06 01:35:54,994 INFO [sb-010]        MeasureRhythm.java:1044 | Measure{#27} No timeOffset for HeadChordInter#7037{(0.943/0.943) staff:4 slot#5 dur:1/6}
2026-06-06 01:35:54,994 INFO [sb-010]   AbstractChordInter.java:627  | Measure{#27} No timeOffset for HeadChordInter#7037{(0.943/0.943) staff:4 slot#5 dur:1/6}
2026-06-06 01:35:54,994 INFO [sb-010]   AbstractChordInter.java:627  | Measure{#27} No timeOffset for HeadChordInter#7038{(0.944/0.944) staff:4 slot#6 dur:1/6}
2026-06-06 01:35:54,994 INFO [sb-010]          StackRhythm.java:224  | S4 MeasureStack#27 no correct rhythm
2026-06-06 01:35:54,995 INFO [sb-010]        MeasureRhythm.java:1044 | Measure{#31} No timeOffset for HeadChordInter#7050{(0.943/0.943) staff:4 slot#5 dur:1/4}
2026-06-06 01:35:54,995 INFO [sb-010]   AbstractChordInter.java:627  | Measure{#31} No timeOffset for HeadChordInter#7051{(0.952/0.952) staff:4 slot#6 dur:1/4}
2026-06-06 01:35:54,996 INFO [sb-010]   AbstractChordInter.java:627  | Measure{#31} No timeOffset for HeadChordInter#7052{(0.877/0.877) staff:4 slot#7 dur:1/4}
2026-06-06 01:35:54,996 INFO [sb-010]          StackRhythm.java:224  | S4 MeasureStack#31 no correct rhythm
2026-06-06 01:35:54,996 INFO [sb-010]        MeasureRhythm.java:1044 | Measure{#35} No timeOffset for HeadChordInter#7072{(0.948/0.948) staff:5 slot#6 dur:1/6}
2026-06-06 01:35:54,997 INFO [sb-010]   AbstractChordInter.java:627  | Measure{#35} No timeOffset for HeadChordInter#7072{(0.948/0.948) staff:5 slot#6 dur:1/6}
2026-06-06 01:35:54,997 INFO [sb-010]   AbstractChordInter.java:627  | Measure{#35} No timeOffset for HeadChordInter#7073{(0.944/0.944) slot#7 dur:1/6}
2026-06-06 01:35:54,997 INFO [sb-010]          StackRhythm.java:224  | S5 MeasureStack#35 no correct rhythm
2026-06-06 01:35:54,997 INFO [sb-010]        MeasureRhythm.java:1044 | Measure{#37} No timeOffset for HeadChordInter#7084{(0.946/0.946) slot#4 dur:1/4}
2026-06-06 01:35:54,997 INFO [sb-010]          StackRhythm.java:224  | S5 MeasureStack#37 no correct rhythm
2026-06-06 01:35:54,998 INFO [sb-010]        MeasureRhythm.java:1044 | Measure{#38} No timeOffset for HeadChordInter#7089{(0.942/0.942) slot#5 dur:1/4}
2026-06-06 01:35:54,998 INFO [sb-010]   AbstractChordInter.java:627  | Measure{#38} No timeOffset for HeadChordInter#7089{(0.942/0.942) slot#5 dur:1/4}
2026-06-06 01:35:54,998 INFO [sb-010]          StackRhythm.java:224  | S5 MeasureStack#38 no correct rhythm
2026-06-06 01:35:54,998 INFO [sb-010]        MeasureRhythm.java:1044 | Measure{#39} No timeOffset for HeadChordInter#7096{(0.949/0.949) slot#6 dur:1/6}
2026-06-06 01:35:54,998 INFO [sb-010]                Voice.java:257  | Measure{#39} Voice{#1 excess:1/12} too long
2026-06-06 01:35:54,998 INFO [sb-010]          StackRhythm.java:224  | S5 MeasureStack#39 no correct rhythm
2026-06-06 01:35:54,999 INFO [sb-010]       StepMonitoring.java:98   | PAGE
2026-06-06 01:35:54,999 INFO [sb-010]                Voice.java:257  | Measure{#3} Voice{#1 excess:1/8} too long
2026-06-06 01:35:55,000 INFO [sb-010]                Voice.java:257  | Measure{#39} Voice{#1 excess:1/12} too long
2026-06-06 01:35:55,000 INFO [sb-010]                 Book.java:2584 | Book{sb-010} storing
2026-06-06 01:35:55,096 INFO [sb-010]                 Book.java:2565 | Stored /book.xml
2026-06-06 01:35:55,155 INFO [sb-010]           DataHolder.java:348  | Stored /sheet#1/BINARY.png
2026-06-06 01:35:55,395 INFO [sb-010]                Sheet.java:1583 | Stored /sheet#1/sheet#1.xml
2026-06-06 01:35:55,396 INFO [sb-010]                 Book.java:2525 | Book stored as omr/out/sb-010.omr
2026-06-06 01:35:55,397 INFO [sb-010]            SheetStub.java:1655 | Sheet disposed
2026-06-06 01:35:55,460 INFO [sb-010]                 Book.java:2050 | End of Stub#1
2026-06-06 01:35:55,461 INFO [sb-010]                 Book.java:2057 | End of Book{sb-010}
2026-06-06 01:35:55,683 INFO [sb-010]            SheetStub.java:1000 | Loaded /sheet#1/sheet#1.xml
2026-06-06 01:35:55,684 INFO [sb-010]      PartwiseBuilder.java:2706 | Exporting sheet(s): [#1]
2026-06-06 01:35:55,704 INFO [sb-010]        ScoreExporter.java:164  | Score sb-010 exported to omr/out/sb-010.mxl
2026-06-06 01:35:55,787 INFO [sb-010]                Score.java:181  | Closing {Score 1}
