2026-06-06 01:50:20,889 INFO [sb-083]                 Book.java:560  | 1 sheet in /home/runner/work/sambrass-tutor/sambrass-tutor/omr/input/sb-083.png
2026-06-06 01:50:21,264 INFO []                 Book.java:2565 | Stored /book.xml
2026-06-06 01:50:21,264 INFO []                 Book.java:2525 | Book stored as omr/out/sb-083.omr
2026-06-06 01:50:21,265 INFO []                 Book.java:1929 | Book reaching PAGE on sheets:[#1]
2026-06-06 01:50:21,265 INFO [sb-083]       StepMonitoring.java:98   | LOAD
2026-06-06 01:50:21,331 INFO [sb-083]            SheetStub.java:1278 | Loaded image #1 3175x1935 from /home/runner/work/sambrass-tutor/sambrass-tutor/omr/input/sb-083.png
2026-06-06 01:50:21,332 INFO [sb-083]            ImageUtil.java:124  | Converting max RGB to gray
2026-06-06 01:50:21,406 INFO [sb-083]       StepMonitoring.java:98   | BINARY
2026-06-06 01:50:21,643 INFO [sb-083]       StepMonitoring.java:98   | SCALE
2026-06-06 01:50:21,644 INFO [sb-083]         ScaleBuilder.java:255  | Beam  guessed height: 16 -- mid of [7..25]
2026-06-06 01:50:21,645 INFO [sb-083]         ScaleBuilder.java:271  | Beam measured height: 15 -- 0.44 of [7..25] range at 545% of needed quorum
2026-06-06 01:50:21,645 INFO [sb-083]         ScaleBuilder.java:401  | Normalized black jitter: 7.41 %
2026-06-06 01:50:21,645 INFO [sb-083]            ScaleStep.java:65   | Scale{ interline(27,27,28) line(4,5,6) beam(15)}
2026-06-06 01:50:21,645 INFO [sb-083]       StepMonitoring.java:98   | GRID
2026-06-06 01:50:21,721 INFO [sb-083]       LinesRetriever.java:1500 | Global slope: 0.00000
2026-06-06 01:50:21,723 INFO [sb-083]    ClustersRetriever.java:326  | Retrieved raw line clusters: 4 of sizes [5] with interline(27,27,28)
2026-06-06 01:50:21,749 INFO [sb-083]            PeakGraph.java:310  | Systems: #1[1] #2[2] #3[3] #4[4]
2026-06-06 01:50:21,855 INFO [sb-083]        SystemManager.java:134  | Indentation detected for system #1
2026-06-06 01:50:21,856 INFO [sb-083]        SystemManager.java:779  | 1 part along 4 systems
2026-06-06 01:50:21,856 INFO [sb-083]                 Book.java:543  | Created scores: [{Score 1}]
2026-06-06 01:50:21,856 INFO [sb-083]       StepMonitoring.java:98   | HEADERS
2026-06-06 01:50:21,980 INFO [sb-083]       StepMonitoring.java:98   | STEM_SEEDS
2026-06-06 01:50:22,010 INFO [sb-083]        StemSeedsStep.java:86   | stem(5 max:6)
2026-06-06 01:50:22,019 INFO [sb-083]       StepMonitoring.java:98   | BEAMS
2026-06-06 01:50:25,777 INFO [sb-083]       StepMonitoring.java:98   | LEDGERS
2026-06-06 01:50:25,943 INFO [sb-083]       StepMonitoring.java:98   | HEADS
2026-06-06 01:50:31,095 INFO [sb-083]        HeadSeedTally.java:235  | Scale information: HeadSeeds{NOTEHEAD_BLACK[L:-0.6,R:-1.2]}
2026-06-06 01:50:31,095 INFO [sb-083]       StepMonitoring.java:98   | STEMS
2026-06-06 01:50:31,406 INFO [sb-083]       StepMonitoring.java:98   | REDUCTION
2026-06-06 01:50:31,420 INFO [sb-083]        ReductionStep.java:105  | Stems free length median value: 90 pixels, 3.3 interlines
2026-06-06 01:50:31,421 INFO [sb-083]       StepMonitoring.java:98   | CUE_BEAMS
2026-06-06 01:50:31,422 INFO [sb-083]         CueBeamsStep.java:81   | Step CUE_BEAMS is skipped because small heads switch is off
2026-06-06 01:50:31,422 INFO [sb-083]       StepMonitoring.java:98   | TEXTS
2026-06-06 01:50:31,492 WARN [sb-083]         TesseractOCR.java:335  | The collection of supported languages is empty
2026-06-06 01:50:31,492 INFO [sb-083]              OcrUtil.java:106  | Missing support for 'eng' language(s)
2026-06-06 01:50:31,493 INFO [sb-083]       StepMonitoring.java:98   | MEASURES
2026-06-06 01:50:31,493 INFO [sb-083]                 Page.java:307  | 14 raw measures: [3 in system#1, 3 in system#2, 4 in system#3, 4 in system#4]
2026-06-06 01:50:31,494 INFO [sb-083]       StepMonitoring.java:98   | CHORDS
2026-06-06 01:50:31,495 INFO [sb-083]       StepMonitoring.java:98   | CURVES
2026-06-06 01:50:31,806 INFO [sb-083]         SlursBuilder.java:240  | Slurs: 12
2026-06-06 01:50:31,808 INFO [sb-083]      SegmentsBuilder.java:155  | Segments: 34
2026-06-06 01:50:31,811 INFO [sb-083]       StepMonitoring.java:98   | SYMBOLS
2026-06-06 01:50:32,723 INFO [sb-083]       StepMonitoring.java:98   | LINKS
2026-06-06 01:50:32,735 INFO [sb-083]       StepMonitoring.java:98   | RHYTHMS
2026-06-06 01:50:32,742 INFO [sb-083]                Voice.java:257  | Measure{#9} Voice{#1 excess:1/8} too long
2026-06-06 01:50:32,742 INFO [sb-083]          StackRhythm.java:224  | S3 MeasureStack#9 no correct rhythm
2026-06-06 01:50:32,743 INFO [sb-083]                Voice.java:257  | Measure{#10} Voice{#1 excess:1/8} too long
2026-06-06 01:50:32,743 INFO [sb-083]          StackRhythm.java:224  | S3 MeasureStack#10 no correct rhythm
2026-06-06 01:50:32,744 INFO [sb-083]                Voice.java:257  | Measure{#11} Voice{#1 excess:1/32} too long
2026-06-06 01:50:32,744 INFO [sb-083]          StackRhythm.java:224  | S4 MeasureStack#11 no correct rhythm
2026-06-06 01:50:32,746 INFO [sb-083]       StepMonitoring.java:98   | PAGE
2026-06-06 01:50:32,747 INFO [sb-083]                Voice.java:257  | Measure{#9} Voice{#1 excess:1/8} too long
2026-06-06 01:50:32,747 INFO [sb-083]                Voice.java:257  | Measure{#10} Voice{#1 excess:1/8} too long
2026-06-06 01:50:32,747 INFO [sb-083]                Voice.java:257  | Measure{#11} Voice{#1 excess:1/32} too long
2026-06-06 01:50:32,747 INFO [sb-083]                 Book.java:2584 | Book{sb-083} storing
2026-06-06 01:50:33,157 INFO [sb-083]                 Book.java:2565 | Stored /book.xml
2026-06-06 01:50:33,208 INFO [sb-083]           DataHolder.java:348  | Stored /sheet#1/BINARY.png
2026-06-06 01:50:33,431 INFO [sb-083]                Sheet.java:1583 | Stored /sheet#1/sheet#1.xml
2026-06-06 01:50:33,431 INFO [sb-083]                 Book.java:2525 | Book stored as omr/out/sb-083.omr
2026-06-06 01:50:33,432 INFO [sb-083]            SheetStub.java:1655 | Sheet disposed
2026-06-06 01:50:33,806 INFO [sb-083]                 Book.java:2050 | End of Stub#1
2026-06-06 01:50:33,806 INFO [sb-083]                 Book.java:2057 | End of Book{sb-083}
2026-06-06 01:50:33,961 INFO [sb-083]            SheetStub.java:1000 | Loaded /sheet#1/sheet#1.xml
2026-06-06 01:50:33,962 INFO [sb-083]      PartwiseBuilder.java:2706 | Exporting sheet(s): [#1]
2026-06-06 01:50:33,971 INFO [sb-083]        ScoreExporter.java:164  | Score sb-083 exported to omr/out/sb-083.mxl
2026-06-06 01:50:34,357 INFO [sb-083]                Score.java:181  | Closing {Score 1}
