2026-06-06 01:49:43,930 INFO [sb-080]                 Book.java:560  | 1 sheet in /home/runner/work/sambrass-tutor/sambrass-tutor/omr/input/sb-080.png
2026-06-06 01:49:44,294 INFO []                 Book.java:2565 | Stored /book.xml
2026-06-06 01:49:44,294 INFO []                 Book.java:2525 | Book stored as omr/out/sb-080.omr
2026-06-06 01:49:44,295 INFO []                 Book.java:1929 | Book reaching PAGE on sheets:[#1]
2026-06-06 01:49:44,295 INFO [sb-080]       StepMonitoring.java:98   | LOAD
2026-06-06 01:49:44,375 INFO [sb-080]            SheetStub.java:1278 | Loaded image #1 3175x1935 from /home/runner/work/sambrass-tutor/sambrass-tutor/omr/input/sb-080.png
2026-06-06 01:49:44,376 INFO [sb-080]            ImageUtil.java:124  | Converting max RGB to gray
2026-06-06 01:49:44,507 INFO [sb-080]       StepMonitoring.java:98   | BINARY
2026-06-06 01:49:44,776 INFO [sb-080]       StepMonitoring.java:98   | SCALE
2026-06-06 01:49:44,778 INFO [sb-080]         ScaleBuilder.java:255  | Beam  guessed height: 13 -- mid of [6..20]
2026-06-06 01:49:44,778 INFO [sb-080]         ScaleBuilder.java:271  | Beam measured height: 13 -- 0.50 of [6..20] range at 300% of needed quorum
2026-06-06 01:49:44,778 INFO [sb-080]         ScaleBuilder.java:401  | Normalized black jitter: 9.52 %
2026-06-06 01:49:44,778 INFO [sb-080]            ScaleStep.java:65   | Scale{ interline(20,21,22) line(3,3,5) beam(13)}
2026-06-06 01:49:44,778 INFO [sb-080]       StepMonitoring.java:98   | GRID
2026-06-06 01:49:44,878 INFO [sb-080]       LinesRetriever.java:1500 | Global slope: 0.00000
2026-06-06 01:49:44,883 INFO [sb-080]    ClustersRetriever.java:326  | Retrieved raw line clusters: 6 of sizes [5] with interline(20,21,22)
2026-06-06 01:49:44,925 INFO [sb-080]            PeakGraph.java:310  | Systems: #1[1] #2[2] #3[3] #4[4] #5[5] #6[6]
2026-06-06 01:49:45,058 INFO [sb-080]        SystemManager.java:779  | 1 part along 6 systems
2026-06-06 01:49:45,058 INFO [sb-080]                 Book.java:543  | Created scores: [{Score 1}]
2026-06-06 01:49:45,058 INFO [sb-080]       StepMonitoring.java:98   | HEADERS
2026-06-06 01:49:45,133 INFO [sb-080]       StepMonitoring.java:98   | STEM_SEEDS
2026-06-06 01:49:45,182 INFO [sb-080]        StemSeedsStep.java:86   | stem(5 max:6)
2026-06-06 01:49:45,196 INFO [sb-080]       StepMonitoring.java:98   | BEAMS
2026-06-06 01:49:47,901 INFO [sb-080]       StepMonitoring.java:98   | LEDGERS
2026-06-06 01:49:48,020 INFO [sb-080]       StepMonitoring.java:98   | HEADS
2026-06-06 01:49:52,938 INFO [sb-080]        HeadSeedTally.java:235  | Scale information: HeadSeeds{NOTEHEAD_VOID[L:-0.6] NOTEHEAD_BLACK[L:-1.3,R:-1.1]}
2026-06-06 01:49:52,938 INFO [sb-080]       StepMonitoring.java:98   | STEMS
2026-06-06 01:49:53,239 INFO [sb-080]       StepMonitoring.java:98   | REDUCTION
2026-06-06 01:49:53,264 INFO [sb-080]        ReductionStep.java:105  | Stems free length median value: 67 pixels, 3.2 interlines
2026-06-06 01:49:53,266 INFO [sb-080]       StepMonitoring.java:98   | CUE_BEAMS
2026-06-06 01:49:53,266 INFO [sb-080]         CueBeamsStep.java:81   | Step CUE_BEAMS is skipped because small heads switch is off
2026-06-06 01:49:53,266 INFO [sb-080]       StepMonitoring.java:98   | TEXTS
2026-06-06 01:49:53,334 WARN [sb-080]         TesseractOCR.java:335  | The collection of supported languages is empty
2026-06-06 01:49:53,334 INFO [sb-080]              OcrUtil.java:106  | Missing support for 'eng' language(s)
2026-06-06 01:49:53,335 INFO [sb-080]       StepMonitoring.java:98   | MEASURES
2026-06-06 01:49:53,336 INFO [sb-080]                 Page.java:307  | 68 raw measures: [9 in system#1, 11 in system#2, 15 in system#3, 12 in system#4, 11 in system#5, 10 in system#6]
2026-06-06 01:49:53,336 INFO [sb-080]       StepMonitoring.java:98   | CHORDS
2026-06-06 01:49:53,338 INFO [sb-080]       StepMonitoring.java:98   | CURVES
2026-06-06 01:49:53,676 INFO [sb-080]         SlursBuilder.java:240  | Slurs: 41
2026-06-06 01:49:53,678 INFO [sb-080]      SegmentsBuilder.java:155  | Segments: 32
2026-06-06 01:49:53,681 WARN [sb-080]         TesseractOCR.java:335  | The collection of supported languages is empty
2026-06-06 01:49:53,681 INFO [sb-080]              OcrUtil.java:106  | Missing support for 'eng' language(s)
2026-06-06 01:49:53,681 INFO [sb-080]    RehearsalsBuilder.java:199  | No text found in rehearsal enclosure java.awt.Rectangle[x=194,y=128,width=65,height=64]
2026-06-06 01:49:53,683 WARN [sb-080]         TesseractOCR.java:335  | The collection of supported languages is empty
2026-06-06 01:49:53,683 INFO [sb-080]              OcrUtil.java:106  | Missing support for 'eng' language(s)
2026-06-06 01:49:53,683 INFO [sb-080]    RehearsalsBuilder.java:199  | No text found in rehearsal enclosure java.awt.Rectangle[x=1436,y=686,width=64,height=63]
2026-06-06 01:49:53,683 INFO [sb-080]       StepMonitoring.java:98   | SYMBOLS
2026-06-06 01:49:54,453 INFO [sb-080]       StepMonitoring.java:98   | LINKS
2026-06-06 01:49:54,467 INFO [sb-080]       StepMonitoring.java:98   | RHYTHMS
2026-06-06 01:49:54,468 INFO [sb-080]        MeasureRhythm.java:1044 | Measure{#4} No timeOffset for HeadChordInter#4474{(0.956/0.956) staff:1 slot#7 dur:1/8}
2026-06-06 01:49:54,468 INFO [sb-080]                Voice.java:257  | Measure{#4} Voice{#1 excess:1/4} too long
2026-06-06 01:49:54,468 INFO [sb-080]                Voice.java:257  | Measure{#4} Voice{#2 excess:7/16} too long
2026-06-06 01:49:54,468 INFO [sb-080]          StackRhythm.java:224  | S1 MeasureStack#4 no correct rhythm
2026-06-06 01:49:54,470 INFO [sb-080]        MeasureRhythm.java:1044 | Measure{#28} No timeOffset for HeadChordInter#4536{(0.863/0.863) staff:3 slot#4 dur:1/2}
2026-06-06 01:49:54,471 INFO [sb-080]                Voice.java:257  | Measure{#28} Voice{#1 excess:3/8} too long
2026-06-06 01:49:54,471 INFO [sb-080]          StackRhythm.java:224  | S3 MeasureStack#28 no correct rhythm
2026-06-06 01:49:54,472 INFO [sb-080]        MeasureRhythm.java:1044 | Measure{#48} No timeOffset for HeadChordInter#4584{(0.957/0.957) staff:5 slot#6 dur:1/16}
2026-06-06 01:49:54,472 INFO [sb-080]                Voice.java:257  | Measure{#48} Voice{#2 excess:7/16} too long
2026-06-06 01:49:54,473 INFO [sb-080]          StackRhythm.java:224  | S5 MeasureStack#48 no correct rhythm
2026-06-06 01:49:54,473 INFO [sb-080]        MeasureRhythm.java:1044 | Measure{#51} No timeOffset for HeadChordInter#4596{(0.864/0.864) staff:5 slot#2 dur:1/2}
2026-06-06 01:49:54,473 INFO [sb-080]          StackRhythm.java:224  | S5 MeasureStack#51 no correct rhythm
2026-06-06 01:49:54,475 INFO [sb-080]        MeasureRhythm.java:1044 | Measure{#63} No timeOffset for HeadChordInter#4627{(0.949/0.949) staff:6 slot#6 dur:1/16}
2026-06-06 01:49:54,475 INFO [sb-080]                Voice.java:257  | Measure{#63} Voice{#2 excess:7/16} too long
2026-06-06 01:49:54,475 INFO [sb-080]          StackRhythm.java:224  | S6 MeasureStack#63 no correct rhythm
2026-06-06 01:49:54,475 INFO [sb-080]       StepMonitoring.java:98   | PAGE
2026-06-06 01:49:54,476 INFO [sb-080]                Voice.java:257  | Measure{#4} Voice{#1 excess:1/4} too long
2026-06-06 01:49:54,476 INFO [sb-080]                Voice.java:257  | Measure{#4} Voice{#2 excess:7/16} too long
2026-06-06 01:49:54,476 INFO [sb-080]                Voice.java:257  | Measure{#28} Voice{#1 excess:3/8} too long
2026-06-06 01:49:54,477 INFO [sb-080]                Voice.java:257  | Measure{#48} Voice{#2 excess:7/16} too long
2026-06-06 01:49:54,477 INFO [sb-080]                Voice.java:257  | Measure{#63} Voice{#2 excess:7/16} too long
2026-06-06 01:49:54,477 INFO [sb-080]                 Book.java:2584 | Book{sb-080} storing
2026-06-06 01:49:54,885 INFO [sb-080]                 Book.java:2565 | Stored /book.xml
2026-06-06 01:49:54,936 INFO [sb-080]           DataHolder.java:348  | Stored /sheet#1/BINARY.png
2026-06-06 01:49:55,175 INFO [sb-080]                Sheet.java:1583 | Stored /sheet#1/sheet#1.xml
2026-06-06 01:49:55,175 INFO [sb-080]                 Book.java:2525 | Book stored as omr/out/sb-080.omr
2026-06-06 01:49:55,176 INFO [sb-080]            SheetStub.java:1655 | Sheet disposed
2026-06-06 01:49:55,538 INFO [sb-080]                 Book.java:2050 | End of Stub#1
2026-06-06 01:49:55,539 INFO [sb-080]                 Book.java:2057 | End of Book{sb-080}
2026-06-06 01:49:55,720 INFO [sb-080]            SheetStub.java:1000 | Loaded /sheet#1/sheet#1.xml
2026-06-06 01:49:55,721 INFO [sb-080]      PartwiseBuilder.java:2706 | Exporting sheet(s): [#1]
2026-06-06 01:49:55,735 INFO [sb-080]        ScoreExporter.java:164  | Score sb-080 exported to omr/out/sb-080.mxl
2026-06-06 01:49:56,108 INFO [sb-080]                Score.java:181  | Closing {Score 1}
