2026-06-06 01:50:10,040 INFO [sb-082]                 Book.java:560  | 1 sheet in /home/runner/work/sambrass-tutor/sambrass-tutor/omr/input/sb-082.png
2026-06-06 01:50:10,412 INFO []                 Book.java:2565 | Stored /book.xml
2026-06-06 01:50:10,412 INFO []                 Book.java:2525 | Book stored as omr/out/sb-082.omr
2026-06-06 01:50:10,413 INFO []                 Book.java:1929 | Book reaching PAGE on sheets:[#1]
2026-06-06 01:50:10,413 INFO [sb-082]       StepMonitoring.java:98   | LOAD
2026-06-06 01:50:10,479 INFO [sb-082]            SheetStub.java:1278 | Loaded image #1 3175x1935 from /home/runner/work/sambrass-tutor/sambrass-tutor/omr/input/sb-082.png
2026-06-06 01:50:10,480 INFO [sb-082]            ImageUtil.java:124  | Converting max RGB to gray
2026-06-06 01:50:10,554 INFO [sb-082]       StepMonitoring.java:98   | BINARY
2026-06-06 01:50:10,790 INFO [sb-082]       StepMonitoring.java:98   | SCALE
2026-06-06 01:50:10,791 INFO [sb-082]         ScaleBuilder.java:255  | Beam  guessed height: 12 -- mid of [6..18]
2026-06-06 01:50:10,791 INFO [sb-082]         ScaleBuilder.java:271  | Beam measured height: 12 -- 0.50 of [6..18] range at 527% of needed quorum
2026-06-06 01:50:10,791 INFO [sb-082]         ScaleBuilder.java:401  | Normalized black jitter: 10.00 %
2026-06-06 01:50:10,791 INFO [sb-082]            ScaleStep.java:65   | Scale{ interline(19,20,20) line(4,4,6) beam(12)}
2026-06-06 01:50:10,791 INFO [sb-082]       StepMonitoring.java:98   | GRID
2026-06-06 01:50:10,877 INFO [sb-082]       LinesRetriever.java:1500 | Global slope: 0.00000
2026-06-06 01:50:10,881 INFO [sb-082]    ClustersRetriever.java:326  | Retrieved raw line clusters: 5 of sizes [5] with interline(19,20,20)
2026-06-06 01:50:10,916 INFO [sb-082]            PeakGraph.java:310  | Systems: #1[1] #2[2] #3[3] #4[4] #5[5]
2026-06-06 01:50:11,041 INFO [sb-082]        SystemManager.java:134  | Indentation detected for system #1
2026-06-06 01:50:11,041 INFO [sb-082]        SystemManager.java:779  | 1 part along 5 systems
2026-06-06 01:50:11,042 INFO [sb-082]                 Book.java:543  | Created scores: [{Score 1}]
2026-06-06 01:50:11,042 INFO [sb-082]       StepMonitoring.java:98   | HEADERS
2026-06-06 01:50:11,183 INFO [sb-082]       StepMonitoring.java:98   | STEM_SEEDS
2026-06-06 01:50:11,214 INFO [sb-082]        StemSeedsStep.java:86   | stem(4 max:6)
2026-06-06 01:50:11,223 INFO [sb-082]       StepMonitoring.java:98   | BEAMS
2026-06-06 01:50:13,603 INFO [sb-082]       StepMonitoring.java:98   | LEDGERS
2026-06-06 01:50:13,711 INFO [sb-082]       StepMonitoring.java:98   | HEADS
2026-06-06 01:50:17,129 INFO [sb-082]        HeadSeedTally.java:235  | Scale information: HeadSeeds{NOTEHEAD_VOID[L:-0.7,R:-1.0] NOTEHEAD_BLACK[L:-0.5,R:-0.9]}
2026-06-06 01:50:17,130 INFO [sb-082]       StepMonitoring.java:98   | STEMS
2026-06-06 01:50:17,530 INFO [sb-082]       StepMonitoring.java:98   | REDUCTION
2026-06-06 01:50:17,553 INFO [sb-082]        ReductionStep.java:105  | Stems free length median value: 67 pixels, 3.4 interlines
2026-06-06 01:50:17,555 INFO [sb-082]       StepMonitoring.java:98   | CUE_BEAMS
2026-06-06 01:50:17,556 INFO [sb-082]         CueBeamsStep.java:81   | Step CUE_BEAMS is skipped because small heads switch is off
2026-06-06 01:50:17,556 INFO [sb-082]       StepMonitoring.java:98   | TEXTS
2026-06-06 01:50:17,612 WARN [sb-082]         TesseractOCR.java:335  | The collection of supported languages is empty
2026-06-06 01:50:17,612 INFO [sb-082]              OcrUtil.java:106  | Missing support for 'eng' language(s)
2026-06-06 01:50:17,613 INFO [sb-082]       StepMonitoring.java:98   | MEASURES
2026-06-06 01:50:17,613 INFO [sb-082]                 Page.java:307  | 49 raw measures: [9 in system#1, 9 in system#2, 10 in system#3, 12 in system#4, 9 in system#5]
2026-06-06 01:50:17,613 INFO [sb-082]       StepMonitoring.java:98   | CHORDS
2026-06-06 01:50:17,615 INFO [sb-082]       StepMonitoring.java:98   | CURVES
2026-06-06 01:50:17,979 INFO [sb-082]         SlursBuilder.java:240  | Slurs: 25
2026-06-06 01:50:17,983 INFO [sb-082]      SegmentsBuilder.java:155  | Segments: 56
2026-06-06 01:50:17,987 WARN [sb-082]         TesseractOCR.java:335  | The collection of supported languages is empty
2026-06-06 01:50:17,987 INFO [sb-082]              OcrUtil.java:106  | Missing support for 'eng' language(s)
2026-06-06 01:50:17,987 INFO [sb-082]    RehearsalsBuilder.java:199  | No text found in rehearsal enclosure java.awt.Rectangle[x=127,y=502,width=63,height=62]
2026-06-06 01:50:17,989 WARN [sb-082]         TesseractOCR.java:335  | The collection of supported languages is empty
2026-06-06 01:50:17,989 INFO [sb-082]              OcrUtil.java:106  | Missing support for 'eng' language(s)
2026-06-06 01:50:17,989 INFO [sb-082]    RehearsalsBuilder.java:199  | No text found in rehearsal enclosure java.awt.Rectangle[x=128,y=808,width=65,height=65]
2026-06-06 01:50:17,991 WARN [sb-082]         TesseractOCR.java:335  | The collection of supported languages is empty
2026-06-06 01:50:17,991 INFO [sb-082]              OcrUtil.java:106  | Missing support for 'eng' language(s)
2026-06-06 01:50:17,991 INFO [sb-082]    RehearsalsBuilder.java:199  | No text found in rehearsal enclosure java.awt.Rectangle[x=1204,y=1141,width=153,height=65]
2026-06-06 01:50:17,991 INFO [sb-082]       StepMonitoring.java:98   | SYMBOLS
2026-06-06 01:50:18,874 INFO [sb-082]       StepMonitoring.java:98   | LINKS
2026-06-06 01:50:18,885 INFO [sb-082]        SymbolsLinker.java:258  | No chord linked to OctaveShiftInter#6057{(0.182) staff:4 VENTIDUESIMA BASSA} at java.awt.Point[x=51,y=1693]
2026-06-06 01:50:18,889 INFO [sb-082]        SymbolsLinker.java:258  | No chord linked to OctaveShiftInter#6154{(0.182) staff:5 VENTIDUESIMA ALTA} at java.awt.Point[x=51,y=1693]
2026-06-06 01:50:18,891 INFO [sb-082]       StepMonitoring.java:98   | RHYTHMS
2026-06-06 01:50:18,897 INFO [sb-082]                Voice.java:257  | Measure{#44} Voice{#1 excess:1/16} too long
2026-06-06 01:50:18,897 INFO [sb-082]          StackRhythm.java:224  | S5 MeasureStack#44 no correct rhythm
2026-06-06 01:50:18,898 INFO [sb-082]       StepMonitoring.java:98   | PAGE
2026-06-06 01:50:18,899 INFO [sb-082]                Voice.java:257  | Measure{#44} Voice{#1 excess:1/16} too long
2026-06-06 01:50:18,899 INFO [sb-082]                 Book.java:2584 | Book{sb-082} storing
2026-06-06 01:50:19,313 INFO [sb-082]                 Book.java:2565 | Stored /book.xml
2026-06-06 01:50:19,363 INFO [sb-082]           DataHolder.java:348  | Stored /sheet#1/BINARY.png
2026-06-06 01:50:19,598 INFO [sb-082]                Sheet.java:1583 | Stored /sheet#1/sheet#1.xml
2026-06-06 01:50:19,598 INFO [sb-082]                 Book.java:2525 | Book stored as omr/out/sb-082.omr
2026-06-06 01:50:19,598 INFO [sb-082]            SheetStub.java:1655 | Sheet disposed
2026-06-06 01:50:19,970 INFO [sb-082]                 Book.java:2050 | End of Stub#1
2026-06-06 01:50:19,970 INFO [sb-082]                 Book.java:2057 | End of Book{sb-082}
2026-06-06 01:50:20,125 INFO [sb-082]            SheetStub.java:1000 | Loaded /sheet#1/sheet#1.xml
2026-06-06 01:50:20,126 INFO [sb-082]      PartwiseBuilder.java:2706 | Exporting sheet(s): [#1]
2026-06-06 01:50:20,135 INFO [sb-082]        ScoreExporter.java:164  | Score sb-082 exported to omr/out/sb-082.mxl
2026-06-06 01:50:20,514 INFO [sb-082]                Score.java:181  | Closing {Score 1}
