2026-06-06 01:36:29,597 INFO [sb-014]                 Book.java:560  | 1 sheet in /home/runner/work/sambrass-tutor/sambrass-tutor/omr/input/sb-014.png
2026-06-06 01:36:29,682 INFO []                 Book.java:2565 | Stored /book.xml
2026-06-06 01:36:29,682 INFO []                 Book.java:2525 | Book stored as omr/out/sb-014.omr
2026-06-06 01:36:29,683 INFO []                 Book.java:1929 | Book reaching PAGE on sheets:[#1]
2026-06-06 01:36:29,683 INFO [sb-014]       StepMonitoring.java:98   | LOAD
2026-06-06 01:36:29,751 INFO [sb-014]            SheetStub.java:1278 | Loaded image #1 3175x1935 from /home/runner/work/sambrass-tutor/sambrass-tutor/omr/input/sb-014.png
2026-06-06 01:36:29,751 INFO [sb-014]            ImageUtil.java:124  | Converting max RGB to gray
2026-06-06 01:36:29,832 INFO [sb-014]       StepMonitoring.java:98   | BINARY
2026-06-06 01:36:30,066 INFO [sb-014]       StepMonitoring.java:98   | SCALE
2026-06-06 01:36:30,067 INFO [sb-014]         ScaleBuilder.java:255  | Beam  guessed height: 15 -- mid of [7..23]
2026-06-06 01:36:30,068 INFO [sb-014]         ScaleBuilder.java:271  | Beam measured height: 14 -- 0.44 of [7..23] range at 502% of needed quorum
2026-06-06 01:36:30,068 INFO [sb-014]         ScaleBuilder.java:401  | Normalized black jitter: 8.33 %
2026-06-06 01:36:30,068 INFO [sb-014]            ScaleStep.java:65   | Scale{ interline(23,24,25) line(3,4,5) beam(14)}
2026-06-06 01:36:30,068 INFO [sb-014]       StepMonitoring.java:98   | GRID
2026-06-06 01:36:30,147 INFO [sb-014]       LinesRetriever.java:1500 | Global slope: 0.00000
2026-06-06 01:36:30,152 INFO [sb-014]    ClustersRetriever.java:326  | Retrieved raw line clusters: 5 of sizes [5] with interline(23,24,25)
2026-06-06 01:36:30,180 INFO [sb-014]            PeakGraph.java:310  | Systems: #1[1] #2[2] #3[3] #4[4] #5[5]
2026-06-06 01:36:30,290 INFO [sb-014]        SystemManager.java:779  | 1 part along 5 systems
2026-06-06 01:36:30,290 INFO [sb-014]                 Book.java:543  | Created scores: [{Score 1}]
2026-06-06 01:36:30,290 INFO [sb-014]       StepMonitoring.java:98   | HEADERS
2026-06-06 01:36:30,351 INFO [sb-014]       StepMonitoring.java:98   | STEM_SEEDS
2026-06-06 01:36:30,383 INFO [sb-014]        StemSeedsStep.java:86   | stem(5 max:7)
2026-06-06 01:36:30,393 INFO [sb-014]       StepMonitoring.java:98   | BEAMS
2026-06-06 01:36:33,677 INFO [sb-014]       StepMonitoring.java:98   | LEDGERS
2026-06-06 01:36:33,779 INFO [sb-014]       StepMonitoring.java:98   | HEADS
2026-06-06 01:36:39,029 INFO [sb-014]        HeadSeedTally.java:235  | Scale information: HeadSeeds{NOTEHEAD_VOID[R:-0.4] NOTEHEAD_BLACK[L:-0.8,R:-1.8]}
2026-06-06 01:36:39,029 INFO [sb-014]       StepMonitoring.java:98   | STEMS
2026-06-06 01:36:39,281 INFO [sb-014]       StepMonitoring.java:98   | REDUCTION
2026-06-06 01:36:39,310 INFO [sb-014]        ReductionStep.java:105  | Stems free length median value: 85 pixels, 3.5 interlines
2026-06-06 01:36:39,311 INFO [sb-014]       StepMonitoring.java:98   | CUE_BEAMS
2026-06-06 01:36:39,311 INFO [sb-014]         CueBeamsStep.java:81   | Step CUE_BEAMS is skipped because small heads switch is off
2026-06-06 01:36:39,311 INFO [sb-014]       StepMonitoring.java:98   | TEXTS
2026-06-06 01:36:39,441 WARN [sb-014]         TesseractOCR.java:335  | The collection of supported languages is empty
2026-06-06 01:36:39,441 INFO [sb-014]              OcrUtil.java:106  | Missing support for 'eng' language(s)
2026-06-06 01:36:39,443 INFO [sb-014]       StepMonitoring.java:98   | MEASURES
2026-06-06 01:36:39,445 INFO [sb-014]                 Page.java:307  | 47 raw measures: [8 in system#1, 12 in system#2, 8 in system#3, 11 in system#4, 8 in system#5]
2026-06-06 01:36:39,445 INFO [sb-014]       StepMonitoring.java:98   | CHORDS
2026-06-06 01:36:39,448 INFO [sb-014]       StepMonitoring.java:98   | CURVES
2026-06-06 01:36:39,830 INFO [sb-014]         SlursBuilder.java:240  | Slurs: 36
2026-06-06 01:36:39,834 INFO [sb-014]      SegmentsBuilder.java:155  | Segments: 30
2026-06-06 01:36:39,837 WARN [sb-014]         TesseractOCR.java:335  | The collection of supported languages is empty
2026-06-06 01:36:39,837 INFO [sb-014]              OcrUtil.java:106  | Missing support for 'eng' language(s)
2026-06-06 01:36:39,837 INFO [sb-014]    RehearsalsBuilder.java:199  | No text found in rehearsal enclosure java.awt.Rectangle[x=1070,y=1183,width=75,height=73]
2026-06-06 01:36:39,838 INFO [sb-014]       StepMonitoring.java:98   | SYMBOLS
2026-06-06 01:36:40,562 INFO [sb-014]       StepMonitoring.java:98   | LINKS
2026-06-06 01:36:40,579 INFO [sb-014]       StepMonitoring.java:98   | RHYTHMS
2026-06-06 01:36:40,582 INFO [sb-014]        MeasureRhythm.java:1044 | Measure{#16} No timeOffset for HeadChordInter#3831{(0.942/0.942) staff:2 slot#3 dur:1/4}
2026-06-06 01:36:40,583 INFO [sb-014]          StackRhythm.java:224  | S2 MeasureStack#16 no correct rhythm
2026-06-06 01:36:40,585 INFO [sb-014]        MeasureRhythm.java:1044 | Measure{#37} No timeOffset for HeadChordInter#3885{(0.625/0.625) staff:4 slot#2 dur:1/2}
2026-06-06 01:36:40,585 INFO [sb-014]   AbstractChordInter.java:627  | Measure{#37} No timeOffset for HeadChordInter#3885{(0.625/0.625) staff:4 slot#2 dur:1/2}
2026-06-06 01:36:40,586 INFO [sb-014]          StackRhythm.java:224  | S4 MeasureStack#37 no correct rhythm
2026-06-06 01:36:40,587 INFO [sb-014]       StepMonitoring.java:98   | PAGE
2026-06-06 01:36:40,589 INFO [sb-014]                 Book.java:2584 | Book{sb-014} storing
2026-06-06 01:36:40,700 INFO [sb-014]                 Book.java:2565 | Stored /book.xml
2026-06-06 01:36:40,751 INFO [sb-014]           DataHolder.java:348  | Stored /sheet#1/BINARY.png
2026-06-06 01:36:40,976 INFO [sb-014]                Sheet.java:1583 | Stored /sheet#1/sheet#1.xml
2026-06-06 01:36:40,977 INFO [sb-014]                 Book.java:2525 | Book stored as omr/out/sb-014.omr
2026-06-06 01:36:40,977 INFO [sb-014]            SheetStub.java:1655 | Sheet disposed
2026-06-06 01:36:41,061 INFO [sb-014]                 Book.java:2050 | End of Stub#1
2026-06-06 01:36:41,062 INFO [sb-014]                 Book.java:2057 | End of Book{sb-014}
2026-06-06 01:36:41,229 INFO [sb-014]            SheetStub.java:1000 | Loaded /sheet#1/sheet#1.xml
2026-06-06 01:36:41,231 INFO [sb-014]      PartwiseBuilder.java:2706 | Exporting sheet(s): [#1]
2026-06-06 01:36:41,244 INFO [sb-014]        ScoreExporter.java:164  | Score sb-014 exported to omr/out/sb-014.mxl
2026-06-06 01:36:41,341 INFO [sb-014]                Score.java:181  | Closing {Score 1}
