2026-06-06 01:44:05,471 INFO [sb-053]                 Book.java:560  | 1 sheet in /home/runner/work/sambrass-tutor/sambrass-tutor/omr/input/sb-053.png
2026-06-06 01:44:05,726 INFO []                 Book.java:2565 | Stored /book.xml
2026-06-06 01:44:05,726 INFO []                 Book.java:2525 | Book stored as omr/out/sb-053.omr
2026-06-06 01:44:05,727 INFO []                 Book.java:1929 | Book reaching PAGE on sheets:[#1]
2026-06-06 01:44:05,727 INFO [sb-053]       StepMonitoring.java:98   | LOAD
2026-06-06 01:44:05,793 INFO [sb-053]            SheetStub.java:1278 | Loaded image #1 3175x1935 from /home/runner/work/sambrass-tutor/sambrass-tutor/omr/input/sb-053.png
2026-06-06 01:44:05,793 INFO [sb-053]            ImageUtil.java:124  | Converting max RGB to gray
2026-06-06 01:44:05,867 INFO [sb-053]       StepMonitoring.java:98   | BINARY
2026-06-06 01:44:06,100 INFO [sb-053]       StepMonitoring.java:98   | SCALE
2026-06-06 01:44:06,104 INFO [sb-053]         ScaleBuilder.java:255  | Beam  guessed height: 13 -- mid of [6..21]
2026-06-06 01:44:06,104 INFO [sb-053]         ScaleBuilder.java:271  | Beam measured height: 13 -- 0.47 of [6..21] range at 229% of needed quorum
2026-06-06 01:44:06,104 INFO [sb-053]         ScaleBuilder.java:401  | Normalized black jitter: 13.64 %
2026-06-06 01:44:06,104 INFO [sb-053]            ScaleStep.java:65   | Scale{ interline(22,22,23) line(3,4,6) beam(13)}
2026-06-06 01:44:06,104 INFO [sb-053]       StepMonitoring.java:98   | GRID
2026-06-06 01:44:06,203 INFO [sb-053]       LinesRetriever.java:1500 | Global slope: 0.00000
2026-06-06 01:44:06,210 INFO [sb-053]    ClustersRetriever.java:326  | Retrieved raw line clusters: 4 of sizes [5] with interline(22,22,23)
2026-06-06 01:44:06,250 INFO [sb-053]            PeakGraph.java:310  | Systems: #1[1] #2[2] #3[3] #4[4]
2026-06-06 01:44:06,398 INFO [sb-053]        SystemManager.java:779  | 1 part along 4 systems
2026-06-06 01:44:06,398 INFO [sb-053]                 Book.java:543  | Created scores: [{Score 1}]
2026-06-06 01:44:06,398 INFO [sb-053]       StepMonitoring.java:98   | HEADERS
2026-06-06 01:44:06,498 INFO [sb-053]       StepMonitoring.java:98   | STEM_SEEDS
2026-06-06 01:44:06,530 INFO [sb-053]        StemSeedsStep.java:86   | stem(5 max:7)
2026-06-06 01:44:06,540 INFO [sb-053]       StepMonitoring.java:98   | BEAMS
2026-06-06 01:44:09,203 INFO [sb-053]       StepMonitoring.java:98   | LEDGERS
2026-06-06 01:44:09,340 INFO [sb-053]       StepMonitoring.java:98   | HEADS
2026-06-06 01:44:13,599 INFO [sb-053]        HeadSeedTally.java:235  | Scale information: HeadSeeds{NOTEHEAD_VOID[R:-0.4] NOTEHEAD_BLACK[L:-1.1,R:-1.6]}
2026-06-06 01:44:13,599 INFO [sb-053]       StepMonitoring.java:98   | STEMS
2026-06-06 01:44:13,964 INFO [sb-053]       StepMonitoring.java:98   | REDUCTION
2026-06-06 01:44:13,985 INFO [sb-053]        ReductionStep.java:105  | Stems free length median value: 76 pixels, 3.5 interlines
2026-06-06 01:44:13,986 INFO [sb-053]       StepMonitoring.java:98   | CUE_BEAMS
2026-06-06 01:44:13,987 INFO [sb-053]         CueBeamsStep.java:81   | Step CUE_BEAMS is skipped because small heads switch is off
2026-06-06 01:44:13,987 INFO [sb-053]       StepMonitoring.java:98   | TEXTS
2026-06-06 01:44:14,052 WARN [sb-053]         TesseractOCR.java:335  | The collection of supported languages is empty
2026-06-06 01:44:14,052 INFO [sb-053]              OcrUtil.java:106  | Missing support for 'eng' language(s)
2026-06-06 01:44:14,053 INFO [sb-053]       StepMonitoring.java:98   | MEASURES
2026-06-06 01:44:14,054 INFO [sb-053]                 Page.java:307  | 60 raw measures: [16 in system#1, 17 in system#2, 12 in system#3, 15 in system#4]
2026-06-06 01:44:14,054 INFO [sb-053]       StepMonitoring.java:98   | CHORDS
2026-06-06 01:44:14,056 INFO [sb-053]       StepMonitoring.java:98   | CURVES
2026-06-06 01:44:14,405 INFO [sb-053]         SlursBuilder.java:240  | Slurs: 32
2026-06-06 01:44:14,407 INFO [sb-053]      SegmentsBuilder.java:155  | Segments: 40
2026-06-06 01:44:14,410 WARN [sb-053]         TesseractOCR.java:335  | The collection of supported languages is empty
2026-06-06 01:44:14,410 INFO [sb-053]              OcrUtil.java:106  | Missing support for 'eng' language(s)
2026-06-06 01:44:14,410 INFO [sb-053]    RehearsalsBuilder.java:199  | No text found in rehearsal enclosure java.awt.Rectangle[x=41,y=203,width=69,height=70]
2026-06-06 01:44:14,412 WARN [sb-053]         TesseractOCR.java:335  | The collection of supported languages is empty
2026-06-06 01:44:14,412 INFO [sb-053]              OcrUtil.java:106  | Missing support for 'eng' language(s)
2026-06-06 01:44:14,412 INFO [sb-053]    RehearsalsBuilder.java:199  | No text found in rehearsal enclosure java.awt.Rectangle[x=1771,y=563,width=69,height=68]
2026-06-06 01:44:14,412 INFO [sb-053]       StepMonitoring.java:98   | SYMBOLS
2026-06-06 01:44:15,262 INFO [sb-053]       StepMonitoring.java:98   | LINKS
2026-06-06 01:44:15,274 INFO [sb-053]       StepMonitoring.java:98   | RHYTHMS
2026-06-06 01:44:15,276 INFO [sb-053]        MeasureRhythm.java:1044 | Measure{#10} No timeOffset for HeadChordInter#4495{(0.885/0.885) staff:1 slot#3 dur:1/4}
2026-06-06 01:44:15,276 INFO [sb-053]                Voice.java:257  | Measure{#10} Voice{#1 excess:1/8} too long
2026-06-06 01:44:15,276 INFO [sb-053]          StackRhythm.java:224  | S1 MeasureStack#10 no correct rhythm
2026-06-06 01:44:15,279 INFO [sb-053]        MeasureRhythm.java:1044 | Measure{#38} No timeOffset for HeadChordInter#4563{(0.949/0.949) staff:3 slot#3 dur:1/4}
2026-06-06 01:44:15,279 INFO [sb-053]          StackRhythm.java:224  | S3 MeasureStack#38 no correct rhythm
2026-06-06 01:44:15,280 INFO [sb-053]                Voice.java:257  | Measure{#41} Voice{#1 excess:1/8} too long
2026-06-06 01:44:15,280 INFO [sb-053]          StackRhythm.java:224  | S3 MeasureStack#41 no correct rhythm
2026-06-06 01:44:15,281 INFO [sb-053]                Voice.java:257  | Measure{#51} Voice{#1 excess:1/8} too long
2026-06-06 01:44:15,281 INFO [sb-053]          StackRhythm.java:224  | S4 MeasureStack#51 no correct rhythm
2026-06-06 01:44:15,282 INFO [sb-053]                Voice.java:257  | Measure{#54} Voice{#1 excess:1/8} too long
2026-06-06 01:44:15,282 INFO [sb-053]          StackRhythm.java:224  | S4 MeasureStack#54 no correct rhythm
2026-06-06 01:44:15,282 INFO [sb-053]        MeasureRhythm.java:1044 | Measure{#57} No timeOffset for HeadChordInter#4623{(0.940/0.940) staff:4 slot#3 dur:1/4}
2026-06-06 01:44:15,282 INFO [sb-053]          StackRhythm.java:224  | S4 MeasureStack#57 no correct rhythm
2026-06-06 01:44:15,282 INFO [sb-053]       StepMonitoring.java:98   | PAGE
2026-06-06 01:44:15,283 INFO [sb-053]                Voice.java:257  | Measure{#10} Voice{#1 excess:1/8} too long
2026-06-06 01:44:15,284 INFO [sb-053]                Voice.java:257  | Measure{#41} Voice{#1 excess:1/8} too long
2026-06-06 01:44:15,284 INFO [sb-053]                Voice.java:257  | Measure{#51} Voice{#1 excess:1/8} too long
2026-06-06 01:44:15,284 INFO [sb-053]                Voice.java:257  | Measure{#54} Voice{#1 excess:1/8} too long
2026-06-06 01:44:15,284 INFO [sb-053]                 Book.java:2584 | Book{sb-053} storing
2026-06-06 01:44:15,573 INFO [sb-053]                 Book.java:2565 | Stored /book.xml
2026-06-06 01:44:15,624 INFO [sb-053]           DataHolder.java:348  | Stored /sheet#1/BINARY.png
2026-06-06 01:44:15,839 INFO [sb-053]                Sheet.java:1583 | Stored /sheet#1/sheet#1.xml
2026-06-06 01:44:15,839 INFO [sb-053]                 Book.java:2525 | Book stored as omr/out/sb-053.omr
2026-06-06 01:44:15,840 INFO [sb-053]            SheetStub.java:1655 | Sheet disposed
2026-06-06 01:44:16,088 INFO [sb-053]                 Book.java:2050 | End of Stub#1
2026-06-06 01:44:16,089 INFO [sb-053]                 Book.java:2057 | End of Book{sb-053}
2026-06-06 01:44:16,256 INFO [sb-053]            SheetStub.java:1000 | Loaded /sheet#1/sheet#1.xml
2026-06-06 01:44:16,257 INFO [sb-053]      PartwiseBuilder.java:2706 | Exporting sheet(s): [#1]
2026-06-06 01:44:16,267 INFO [sb-053]        ScoreExporter.java:164  | Score sb-053 exported to omr/out/sb-053.mxl
2026-06-06 01:44:16,533 INFO [sb-053]                Score.java:181  | Closing {Score 1}
