2026-06-06 01:42:34,226 INFO [sb-045]                 Book.java:560  | 1 sheet in /home/runner/work/sambrass-tutor/sambrass-tutor/omr/input/sb-045.png
2026-06-06 01:42:34,444 INFO []                 Book.java:2565 | Stored /book.xml
2026-06-06 01:42:34,444 INFO []                 Book.java:2525 | Book stored as omr/out/sb-045.omr
2026-06-06 01:42:34,445 INFO []                 Book.java:1929 | Book reaching PAGE on sheets:[#1]
2026-06-06 01:42:34,445 INFO [sb-045]       StepMonitoring.java:98   | LOAD
2026-06-06 01:42:34,514 INFO [sb-045]            SheetStub.java:1278 | Loaded image #1 3175x1935 from /home/runner/work/sambrass-tutor/sambrass-tutor/omr/input/sb-045.png
2026-06-06 01:42:34,514 INFO [sb-045]            ImageUtil.java:124  | Converting max RGB to gray
2026-06-06 01:42:34,588 INFO [sb-045]       StepMonitoring.java:98   | BINARY
2026-06-06 01:42:34,822 INFO [sb-045]       StepMonitoring.java:98   | SCALE
2026-06-06 01:42:34,823 INFO [sb-045]         ScaleBuilder.java:255  | Beam  guessed height: 12 -- mid of [6..19]
2026-06-06 01:42:34,823 INFO [sb-045]         ScaleBuilder.java:271  | Beam measured height: 12 -- 0.46 of [6..19] range at 417% of needed quorum
2026-06-06 01:42:34,823 INFO [sb-045]         ScaleBuilder.java:401  | Normalized black jitter: 10.00 %
2026-06-06 01:42:34,823 INFO [sb-045]            ScaleStep.java:65   | Scale{ interline(19,20,20) line(3,4,5) beam(12)}
2026-06-06 01:42:34,824 INFO [sb-045]       StepMonitoring.java:98   | GRID
2026-06-06 01:42:34,906 INFO [sb-045]       LinesRetriever.java:1500 | Global slope: 0.00000
2026-06-06 01:42:34,911 INFO [sb-045]    ClustersRetriever.java:326  | Retrieved raw line clusters: 4 of sizes [5] with interline(19,20,20)
2026-06-06 01:42:34,942 INFO [sb-045]            PeakGraph.java:310  | Systems: #1[1] #2[2] #3[3] #4[4]
2026-06-06 01:42:35,060 INFO [sb-045]        SystemManager.java:134  | Indentation detected for system #1
2026-06-06 01:42:35,060 INFO [sb-045]        SystemManager.java:779  | 1 part along 4 systems
2026-06-06 01:42:35,060 INFO [sb-045]                 Book.java:543  | Created scores: [{Score 1}]
2026-06-06 01:42:35,060 INFO [sb-045]       StepMonitoring.java:98   | HEADERS
2026-06-06 01:42:35,145 INFO [sb-045]       StepMonitoring.java:98   | STEM_SEEDS
2026-06-06 01:42:35,176 INFO [sb-045]        StemSeedsStep.java:86   | stem(4 max:6)
2026-06-06 01:42:35,186 INFO [sb-045]       StepMonitoring.java:98   | BEAMS
2026-06-06 01:42:37,539 INFO [sb-045]       StepMonitoring.java:98   | LEDGERS
2026-06-06 01:42:37,695 INFO [sb-045]       StepMonitoring.java:98   | HEADS
2026-06-06 01:42:40,639 INFO [sb-045]        HeadSeedTally.java:235  | Scale information: HeadSeeds{NOTEHEAD_VOID[L:-0.6] NOTEHEAD_BLACK[L:-0.2,R:-0.5]}
2026-06-06 01:42:40,639 INFO [sb-045]       StepMonitoring.java:98   | STEMS
2026-06-06 01:42:41,181 INFO [sb-045]       StepMonitoring.java:98   | REDUCTION
2026-06-06 01:42:41,212 INFO [sb-045]        ReductionStep.java:105  | Stems free length median value: 70 pixels, 3.5 interlines
2026-06-06 01:42:41,214 INFO [sb-045]       StepMonitoring.java:98   | CUE_BEAMS
2026-06-06 01:42:41,215 INFO [sb-045]         CueBeamsStep.java:81   | Step CUE_BEAMS is skipped because small heads switch is off
2026-06-06 01:42:41,215 INFO [sb-045]       StepMonitoring.java:98   | TEXTS
2026-06-06 01:42:41,272 WARN [sb-045]         TesseractOCR.java:335  | The collection of supported languages is empty
2026-06-06 01:42:41,272 INFO [sb-045]              OcrUtil.java:106  | Missing support for 'eng' language(s)
2026-06-06 01:42:41,273 INFO [sb-045]       StepMonitoring.java:98   | MEASURES
2026-06-06 01:42:41,273 INFO [sb-045]                 Page.java:307  | 45 raw measures: [13 in system#1, 13 in system#2, 9 in system#3, 10 in system#4]
2026-06-06 01:42:41,273 INFO [sb-045]       StepMonitoring.java:98   | CHORDS
2026-06-06 01:42:41,276 INFO [sb-045]       StepMonitoring.java:98   | CURVES
2026-06-06 01:42:41,662 INFO [sb-045]         SlursBuilder.java:240  | Slurs: 12
2026-06-06 01:42:41,666 INFO [sb-045]      SegmentsBuilder.java:155  | Segments: 44
2026-06-06 01:42:41,670 WARN [sb-045]         TesseractOCR.java:335  | The collection of supported languages is empty
2026-06-06 01:42:41,670 INFO [sb-045]              OcrUtil.java:106  | Missing support for 'eng' language(s)
2026-06-06 01:42:41,670 INFO [sb-045]    RehearsalsBuilder.java:199  | No text found in rehearsal enclosure java.awt.Rectangle[x=111,y=110,width=68,height=64]
2026-06-06 01:42:41,672 WARN [sb-045]         TesseractOCR.java:335  | The collection of supported languages is empty
2026-06-06 01:42:41,672 INFO [sb-045]              OcrUtil.java:106  | Missing support for 'eng' language(s)
2026-06-06 01:42:41,672 INFO [sb-045]    RehearsalsBuilder.java:199  | No text found in rehearsal enclosure java.awt.Rectangle[x=84,y=1092,width=63,height=63]
2026-06-06 01:42:41,672 INFO [sb-045]       StepMonitoring.java:98   | SYMBOLS
2026-06-06 01:42:42,518 INFO [sb-045]       StepMonitoring.java:98   | LINKS
2026-06-06 01:42:42,522 INFO [sb-045]        SymbolsLinker.java:258  | No chord linked to OctaveShiftInter#6689{(0.271) staff:2 VENTIDUESIMA BASSA} at java.awt.Point[x=27,y=1206]
2026-06-06 01:42:42,522 INFO [sb-045]             KeyInter.java:1322 | Key built KeyInter#6809{(0.952) staff:2 KEY_SHARP_2 pitch:-2.3 fifths:2}
2026-06-06 01:42:42,526 INFO [sb-045]        SymbolsLinker.java:258  | No chord linked to OctaveShiftInter#6739{(0.271) staff:3 VENTIDUESIMA ALTA} at java.awt.Point[x=27,y=1206]
2026-06-06 01:42:42,532 INFO [sb-045]       StepMonitoring.java:98   | RHYTHMS
2026-06-06 01:42:42,533 INFO [sb-045]        MeasureRhythm.java:1044 | Measure{#1} No timeOffset for HeadChordInter#5569{(0.948/0.948) staff:1 slot#6 dur:1/8}
2026-06-06 01:42:42,533 INFO [sb-045]          StackRhythm.java:224  | S1 MeasureStack#1 no correct rhythm
2026-06-06 01:42:42,534 INFO [sb-045]        MeasureRhythm.java:1044 | Measure{#11} No timeOffset for HeadChordInter#5601{(0.960/0.960) staff:1 slot#4 dur:1/4}
2026-06-06 01:42:42,534 INFO [sb-045]                Voice.java:257  | Measure{#11} Voice{#1 excess:1/8} too long
2026-06-06 01:42:42,534 INFO [sb-045]          StackRhythm.java:224  | S1 MeasureStack#11 no correct rhythm
2026-06-06 01:42:42,536 INFO [sb-045]        MeasureRhythm.java:1044 | Measure{#21} No timeOffset for HeadChordInter#5639{(0.947/0.947) staff:2 slot#3 dur:1/4}
2026-06-06 01:42:42,536 INFO [sb-045]          StackRhythm.java:224  | S2 MeasureStack#21 no correct rhythm
2026-06-06 01:42:42,539 INFO [sb-045]        MeasureRhythm.java:1044 | Measure{#45} No timeOffset for HeadChordInter#5730{(0.512/0.512) staff:4 slot#6 dur:1/2}
2026-06-06 01:42:42,539 INFO [sb-045]   AbstractChordInter.java:627  | Measure{#45} No timeOffset for HeadChordInter#5730{(0.512/0.512) staff:4 slot#6 dur:1/2}
2026-06-06 01:42:42,539 INFO [sb-045]   AbstractChordInter.java:627  | Measure{#45} No timeOffset for HeadChordInter#5732{(0.954/0.954) staff:4 slot#8 dur:1/16}
2026-06-06 01:42:42,539 INFO [sb-045]          StackRhythm.java:224  | S4 MeasureStack#45 no correct rhythm
2026-06-06 01:42:42,540 INFO [sb-045]       StepMonitoring.java:98   | PAGE
2026-06-06 01:42:42,541 INFO [sb-045]                Voice.java:257  | Measure{#11} Voice{#1 excess:1/8} too long
2026-06-06 01:42:42,541 INFO [sb-045]                 Book.java:2584 | Book{sb-045} storing
2026-06-06 01:42:42,779 INFO [sb-045]                 Book.java:2565 | Stored /book.xml
2026-06-06 01:42:42,829 INFO [sb-045]           DataHolder.java:348  | Stored /sheet#1/BINARY.png
2026-06-06 01:42:43,091 INFO [sb-045]                Sheet.java:1583 | Stored /sheet#1/sheet#1.xml
2026-06-06 01:42:43,091 INFO [sb-045]                 Book.java:2525 | Book stored as omr/out/sb-045.omr
2026-06-06 01:42:43,092 INFO [sb-045]            SheetStub.java:1655 | Sheet disposed
2026-06-06 01:42:43,319 INFO [sb-045]                 Book.java:2050 | End of Stub#1
2026-06-06 01:42:43,320 INFO [sb-045]                 Book.java:2057 | End of Book{sb-045}
2026-06-06 01:42:43,493 INFO [sb-045]            SheetStub.java:1000 | Loaded /sheet#1/sheet#1.xml
2026-06-06 01:42:43,494 INFO [sb-045]      PartwiseBuilder.java:2706 | Exporting sheet(s): [#1]
2026-06-06 01:42:43,505 INFO [sb-045]        ScoreExporter.java:164  | Score sb-045 exported to omr/out/sb-045.mxl
2026-06-06 01:42:43,736 INFO [sb-045]                Score.java:181  | Closing {Score 1}
