2026-06-06 01:43:33,158 INFO [sb-050]                 Book.java:560  | 1 sheet in /home/runner/work/sambrass-tutor/sambrass-tutor/omr/input/sb-050.png
2026-06-06 01:43:33,400 INFO []                 Book.java:2565 | Stored /book.xml
2026-06-06 01:43:33,400 INFO []                 Book.java:2525 | Book stored as omr/out/sb-050.omr
2026-06-06 01:43:33,400 INFO []                 Book.java:1929 | Book reaching PAGE on sheets:[#1]
2026-06-06 01:43:33,400 INFO [sb-050]       StepMonitoring.java:98   | LOAD
2026-06-06 01:43:33,465 INFO [sb-050]            SheetStub.java:1278 | Loaded image #1 3175x1935 from /home/runner/work/sambrass-tutor/sambrass-tutor/omr/input/sb-050.png
2026-06-06 01:43:33,465 INFO [sb-050]            ImageUtil.java:124  | Converting max RGB to gray
2026-06-06 01:43:33,539 INFO [sb-050]       StepMonitoring.java:98   | BINARY
2026-06-06 01:43:33,776 INFO [sb-050]       StepMonitoring.java:98   | SCALE
2026-06-06 01:43:33,777 INFO [sb-050]         ScaleBuilder.java:255  | Beam  guessed height: 13 -- mid of [6..21]
2026-06-06 01:43:33,778 INFO [sb-050]         ScaleBuilder.java:271  | Beam measured height: 13 -- 0.47 of [6..21] range at 381% of needed quorum
2026-06-06 01:43:33,778 INFO [sb-050]         ScaleBuilder.java:401  | Normalized black jitter: 4.55 %
2026-06-06 01:43:33,778 INFO [sb-050]            ScaleStep.java:65   | Scale{ interline(21,22,23) line(3,3,4) beam(13)}
2026-06-06 01:43:33,778 INFO [sb-050]       StepMonitoring.java:98   | GRID
2026-06-06 01:43:33,862 INFO [sb-050]       LinesRetriever.java:1500 | Global slope: 0.00000
2026-06-06 01:43:33,866 INFO [sb-050]    ClustersRetriever.java:326  | Retrieved raw line clusters: 5 of sizes [5] with interline(21,22,23)
2026-06-06 01:43:33,893 INFO [sb-050]            PeakGraph.java:310  | Systems: #1[1] #2[2] #3[3] #4[4] #5[5]
2026-06-06 01:43:34,000 INFO [sb-050]        SystemManager.java:779  | 1 part along 5 systems
2026-06-06 01:43:34,000 INFO [sb-050]                 Book.java:543  | Created scores: [{Score 1}]
2026-06-06 01:43:34,000 INFO [sb-050]       StepMonitoring.java:98   | HEADERS
2026-06-06 01:43:34,126 INFO [sb-050]       StepMonitoring.java:98   | STEM_SEEDS
2026-06-06 01:43:34,157 INFO [sb-050]        StemSeedsStep.java:86   | stem(5 max:6)
2026-06-06 01:43:34,164 INFO [sb-050]       StepMonitoring.java:98   | BEAMS
2026-06-06 01:43:36,762 INFO [sb-050]       StepMonitoring.java:98   | LEDGERS
2026-06-06 01:43:36,845 INFO [sb-050]       StepMonitoring.java:98   | HEADS
2026-06-06 01:43:40,815 INFO [sb-050]        HeadSeedTally.java:235  | Scale information: HeadSeeds{NOTEHEAD_BLACK[L:-0.9,R:-0.8]}
2026-06-06 01:43:40,815 INFO [sb-050]       StepMonitoring.java:98   | STEMS
2026-06-06 01:43:41,051 INFO [sb-050]       StepMonitoring.java:98   | REDUCTION
2026-06-06 01:43:41,066 INFO [sb-050]        ReductionStep.java:105  | Stems free length median value: 73 pixels, 3.3 interlines
2026-06-06 01:43:41,067 INFO [sb-050]       StepMonitoring.java:98   | CUE_BEAMS
2026-06-06 01:43:41,067 INFO [sb-050]         CueBeamsStep.java:81   | Step CUE_BEAMS is skipped because small heads switch is off
2026-06-06 01:43:41,068 INFO [sb-050]       StepMonitoring.java:98   | TEXTS
2026-06-06 01:43:41,125 WARN [sb-050]         TesseractOCR.java:335  | The collection of supported languages is empty
2026-06-06 01:43:41,125 INFO [sb-050]              OcrUtil.java:106  | Missing support for 'eng' language(s)
2026-06-06 01:43:41,126 INFO [sb-050]       StepMonitoring.java:98   | MEASURES
2026-06-06 01:43:41,127 INFO [sb-050]                 Page.java:307  | 52 raw measures: [15 in system#1, 8 in system#2, 9 in system#3, 11 in system#4, 9 in system#5]
2026-06-06 01:43:41,127 INFO [sb-050]       StepMonitoring.java:98   | CHORDS
2026-06-06 01:43:41,128 INFO [sb-050]       StepMonitoring.java:98   | CURVES
2026-06-06 01:43:41,467 INFO [sb-050]         SlursBuilder.java:240  | Slurs: 7
2026-06-06 01:43:41,468 INFO [sb-050]      SegmentsBuilder.java:155  | Segments: 40
2026-06-06 01:43:41,471 WARN [sb-050]         TesseractOCR.java:335  | The collection of supported languages is empty
2026-06-06 01:43:41,471 INFO [sb-050]              OcrUtil.java:106  | Missing support for 'eng' language(s)
2026-06-06 01:43:41,471 INFO [sb-050]    RehearsalsBuilder.java:199  | No text found in rehearsal enclosure java.awt.Rectangle[x=42,y=136,width=67,height=67]
2026-06-06 01:43:41,473 WARN [sb-050]         TesseractOCR.java:335  | The collection of supported languages is empty
2026-06-06 01:43:41,473 INFO [sb-050]              OcrUtil.java:106  | Missing support for 'eng' language(s)
2026-06-06 01:43:41,473 INFO [sb-050]    RehearsalsBuilder.java:199  | No text found in rehearsal enclosure java.awt.Rectangle[x=58,y=1187,width=67,height=66]
2026-06-06 01:43:41,473 INFO [sb-050]       StepMonitoring.java:98   | SYMBOLS
2026-06-06 01:43:42,148 INFO [sb-050]       StepMonitoring.java:98   | LINKS
2026-06-06 01:43:42,162 INFO [sb-050]       StepMonitoring.java:98   | RHYTHMS
2026-06-06 01:43:42,172 INFO [sb-050]       StepMonitoring.java:98   | PAGE
2026-06-06 01:43:42,173 INFO [sb-050]                 Book.java:2584 | Book{sb-050} storing
2026-06-06 01:43:42,447 INFO [sb-050]                 Book.java:2565 | Stored /book.xml
2026-06-06 01:43:42,497 INFO [sb-050]           DataHolder.java:348  | Stored /sheet#1/BINARY.png
2026-06-06 01:43:42,692 INFO [sb-050]                Sheet.java:1583 | Stored /sheet#1/sheet#1.xml
2026-06-06 01:43:42,692 INFO [sb-050]                 Book.java:2525 | Book stored as omr/out/sb-050.omr
2026-06-06 01:43:42,692 INFO [sb-050]            SheetStub.java:1655 | Sheet disposed
2026-06-06 01:43:42,933 INFO [sb-050]                 Book.java:2050 | End of Stub#1
2026-06-06 01:43:42,933 INFO [sb-050]                 Book.java:2057 | End of Book{sb-050}
2026-06-06 01:43:43,079 INFO [sb-050]            SheetStub.java:1000 | Loaded /sheet#1/sheet#1.xml
2026-06-06 01:43:43,080 INFO [sb-050]      PartwiseBuilder.java:2706 | Exporting sheet(s): [#1]
2026-06-06 01:43:43,091 INFO [sb-050]        ScoreExporter.java:164  | Score sb-050 exported to omr/out/sb-050.mxl
2026-06-06 01:43:43,342 INFO [sb-050]                Score.java:181  | Closing {Score 1}
