2026-06-06 01:40:57,264 INFO [sb-037]                 Book.java:560  | 1 sheet in /home/runner/work/sambrass-tutor/sambrass-tutor/omr/input/sb-037.png
2026-06-06 01:40:57,444 INFO []                 Book.java:2565 | Stored /book.xml
2026-06-06 01:40:57,444 INFO []                 Book.java:2525 | Book stored as omr/out/sb-037.omr
2026-06-06 01:40:57,445 INFO []                 Book.java:1929 | Book reaching PAGE on sheets:[#1]
2026-06-06 01:40:57,445 INFO [sb-037]       StepMonitoring.java:98   | LOAD
2026-06-06 01:40:57,510 INFO [sb-037]            SheetStub.java:1278 | Loaded image #1 3175x1935 from /home/runner/work/sambrass-tutor/sambrass-tutor/omr/input/sb-037.png
2026-06-06 01:40:57,510 INFO [sb-037]            ImageUtil.java:124  | Converting max RGB to gray
2026-06-06 01:40:57,585 INFO [sb-037]       StepMonitoring.java:98   | BINARY
2026-06-06 01:40:57,829 INFO [sb-037]       StepMonitoring.java:98   | SCALE
2026-06-06 01:40:57,831 INFO [sb-037]         ScaleBuilder.java:255  | Beam  guessed height: 12 -- mid of [6..18]
2026-06-06 01:40:57,831 INFO [sb-037]         ScaleBuilder.java:271  | Beam measured height: 12 -- 0.50 of [6..18] range at 517% of needed quorum
2026-06-06 01:40:57,831 INFO [sb-037]         ScaleBuilder.java:401  | Normalized black jitter: 10.00 %
2026-06-06 01:40:57,831 INFO [sb-037]            ScaleStep.java:65   | Scale{ interline(20,20,21) line(4,4,6) beam(12)}
2026-06-06 01:40:57,832 INFO [sb-037]       StepMonitoring.java:98   | GRID
2026-06-06 01:40:57,925 INFO [sb-037]       LinesRetriever.java:1500 | Global slope: 0.00000
2026-06-06 01:40:57,930 INFO [sb-037]    ClustersRetriever.java:326  | Retrieved raw line clusters: 6 of sizes [5] with interline(20,20,21)
2026-06-06 01:40:57,972 INFO [sb-037]            PeakGraph.java:310  | Systems: #1[1] #2[2] #3[3] #4[4] #5[5] #6[6]
2026-06-06 01:40:58,126 INFO [sb-037]        SystemManager.java:134  | Indentation detected for system #1
2026-06-06 01:40:58,126 INFO [sb-037]        SystemManager.java:779  | 1 part along 6 systems
2026-06-06 01:40:58,126 INFO [sb-037]                 Book.java:543  | Created scores: [{Score 1}]
2026-06-06 01:40:58,126 INFO [sb-037]       StepMonitoring.java:98   | HEADERS
2026-06-06 01:40:58,220 INFO [sb-037]       StepMonitoring.java:98   | STEM_SEEDS
2026-06-06 01:40:58,253 INFO [sb-037]        StemSeedsStep.java:86   | stem(4 max:5)
2026-06-06 01:40:58,262 INFO [sb-037]       StepMonitoring.java:98   | BEAMS
2026-06-06 01:41:00,716 INFO [sb-037]       StepMonitoring.java:98   | LEDGERS
2026-06-06 01:41:00,873 INFO [sb-037]       StepMonitoring.java:98   | HEADS
2026-06-06 01:41:05,021 INFO [sb-037]        HeadSeedTally.java:235  | Scale information: HeadSeeds{NOTEHEAD_VOID[L:-0.6] NOTEHEAD_BLACK[L:-0.6,R:-0.9]}
2026-06-06 01:41:05,021 INFO [sb-037]       StepMonitoring.java:98   | STEMS
2026-06-06 01:41:05,444 INFO [sb-037]       StepMonitoring.java:98   | REDUCTION
2026-06-06 01:41:05,491 INFO [sb-037]        ReductionStep.java:105  | Stems free length median value: 68 pixels, 3.4 interlines
2026-06-06 01:41:05,492 INFO [sb-037]       StepMonitoring.java:98   | CUE_BEAMS
2026-06-06 01:41:05,492 INFO [sb-037]         CueBeamsStep.java:81   | Step CUE_BEAMS is skipped because small heads switch is off
2026-06-06 01:41:05,492 INFO [sb-037]       StepMonitoring.java:98   | TEXTS
2026-06-06 01:41:05,559 WARN [sb-037]         TesseractOCR.java:335  | The collection of supported languages is empty
2026-06-06 01:41:05,560 INFO [sb-037]              OcrUtil.java:106  | Missing support for 'eng' language(s)
2026-06-06 01:41:05,561 INFO [sb-037]       StepMonitoring.java:98   | MEASURES
2026-06-06 01:41:05,562 INFO [sb-037]                 Page.java:307  | 51 raw measures: [8 in system#1, 8 in system#2, 9 in system#3, 9 in system#4, 9 in system#5, 8 in system#6]
2026-06-06 01:41:05,562 INFO [sb-037]       StepMonitoring.java:98   | CHORDS
2026-06-06 01:41:05,564 INFO [sb-037]       StepMonitoring.java:98   | CURVES
2026-06-06 01:41:05,926 INFO [sb-037]         SlursBuilder.java:240  | Slurs: 44
2026-06-06 01:41:05,935 INFO [sb-037]      SegmentsBuilder.java:155  | Segments: 52
2026-06-06 01:41:05,937 WARN [sb-037]         TesseractOCR.java:335  | The collection of supported languages is empty
2026-06-06 01:41:05,937 INFO [sb-037]              OcrUtil.java:106  | Missing support for 'eng' language(s)
2026-06-06 01:41:05,938 INFO [sb-037]    RehearsalsBuilder.java:199  | No text found in rehearsal enclosure java.awt.Rectangle[x=209,y=108,width=70,height=65]
2026-06-06 01:41:05,940 WARN [sb-037]         TesseractOCR.java:335  | The collection of supported languages is empty
2026-06-06 01:41:05,940 INFO [sb-037]              OcrUtil.java:106  | Missing support for 'eng' language(s)
2026-06-06 01:41:05,940 INFO [sb-037]    RehearsalsBuilder.java:199  | No text found in rehearsal enclosure java.awt.Rectangle[x=219,y=743,width=65,height=63]
2026-06-06 01:41:05,942 WARN [sb-037]         TesseractOCR.java:335  | The collection of supported languages is empty
2026-06-06 01:41:05,942 INFO [sb-037]              OcrUtil.java:106  | Missing support for 'eng' language(s)
2026-06-06 01:41:05,942 INFO [sb-037]    RehearsalsBuilder.java:199  | No text found in rehearsal enclosure java.awt.Rectangle[x=132,y=1354,width=68,height=67]
2026-06-06 01:41:05,942 INFO [sb-037]       StepMonitoring.java:98   | SYMBOLS
2026-06-06 01:41:06,973 INFO [sb-037]       StepMonitoring.java:98   | LINKS
2026-06-06 01:41:06,974 INFO [sb-037]        SymbolsLinker.java:258  | No chord linked to OctaveShiftInter#6746{(0.184) staff:1 VENTIDUESIMA BASSA} at java.awt.Point[x=1858,y=528]
2026-06-06 01:41:06,981 INFO [sb-037]        SymbolsLinker.java:258  | No chord linked to OctaveShiftInter#6958{(0.263) staff:3 VENTIDUESIMA BASSA} at java.awt.Point[x=51,y=1126]
2026-06-06 01:41:06,984 INFO [sb-037]        SymbolsLinker.java:258  | No chord linked to OctaveShiftInter#6997{(0.263) staff:4 VENTIDUESIMA ALTA} at java.awt.Point[x=51,y=1126]
2026-06-06 01:41:06,984 INFO [sb-037]             KeyInter.java:1322 | Key built KeyInter#7149{(0.139) staff:4 KEY_SHARP_1 pitch:-3.6 fifths:1}
2026-06-06 01:41:06,992 INFO [sb-037]       StepMonitoring.java:98   | RHYTHMS
2026-06-06 01:41:07,000 INFO [sb-037]       StepMonitoring.java:98   | PAGE
2026-06-06 01:41:07,001 WARN [sb-037]         MeasureFixer.java:343  | System#1 No target duration for measures local IDs [1, 2, 3, 4, 5, 6, 7, 8], please check time signatures
2026-06-06 01:41:07,002 WARN [sb-037]         MeasureFixer.java:343  | System#2 No target duration for measures local IDs [9, 10, 11, 12, 13, 14, 15, 16], please check time signatures
2026-06-06 01:41:07,002 WARN [sb-037]         MeasureFixer.java:343  | System#3 No target duration for measures local IDs [17, 18, 19, 20, 21, 22, 23, 24, 25], please check time signatures
2026-06-06 01:41:07,002 WARN [sb-037]         MeasureFixer.java:343  | System#4 No target duration for measures local IDs [26, 27, 28, 29, 30, 31, 32, 33, 34], please check time signatures
2026-06-06 01:41:07,002 WARN [sb-037]         MeasureFixer.java:343  | System#5 No target duration for measures local IDs [35, 36, 37, 38, 39, 40, 41, 42, 43], please check time signatures
2026-06-06 01:41:07,002 WARN [sb-037]         MeasureFixer.java:343  | System#6 No target duration for measures local IDs [44, 45, 46, 47, 48, 49, 50, 51], please check time signatures
2026-06-06 01:41:07,002 INFO [sb-037]                 Book.java:2584 | Book{sb-037} storing
2026-06-06 01:41:07,219 INFO [sb-037]                 Book.java:2565 | Stored /book.xml
2026-06-06 01:41:07,271 INFO [sb-037]           DataHolder.java:348  | Stored /sheet#1/BINARY.png
2026-06-06 01:41:07,571 INFO [sb-037]                Sheet.java:1583 | Stored /sheet#1/sheet#1.xml
2026-06-06 01:41:07,571 INFO [sb-037]                 Book.java:2525 | Book stored as omr/out/sb-037.omr
2026-06-06 01:41:07,572 INFO [sb-037]            SheetStub.java:1655 | Sheet disposed
2026-06-06 01:41:07,750 INFO [sb-037]                 Book.java:2050 | End of Stub#1
2026-06-06 01:41:07,751 INFO [sb-037]                 Book.java:2057 | End of Book{sb-037}
2026-06-06 01:41:07,951 INFO [sb-037]            SheetStub.java:1000 | Loaded /sheet#1/sheet#1.xml
2026-06-06 01:41:07,953 INFO [sb-037]      PartwiseBuilder.java:2706 | Exporting sheet(s): [#1]
2026-06-06 01:41:07,971 INFO [sb-037]        ScoreExporter.java:164  | Score sb-037 exported to omr/out/sb-037.mxl
2026-06-06 01:41:08,159 INFO [sb-037]                Score.java:181  | Closing {Score 1}
