2026-06-06 01:50:59,821 INFO [sb-086]                 Book.java:560  | 1 sheet in /home/runner/work/sambrass-tutor/sambrass-tutor/omr/input/sb-086.png
2026-06-06 01:51:00,213 INFO []                 Book.java:2565 | Stored /book.xml
2026-06-06 01:51:00,213 INFO []                 Book.java:2525 | Book stored as omr/out/sb-086.omr
2026-06-06 01:51:00,214 INFO []                 Book.java:1929 | Book reaching PAGE on sheets:[#1]
2026-06-06 01:51:00,214 INFO [sb-086]       StepMonitoring.java:98   | LOAD
2026-06-06 01:51:00,282 INFO [sb-086]            SheetStub.java:1278 | Loaded image #1 3175x1935 from /home/runner/work/sambrass-tutor/sambrass-tutor/omr/input/sb-086.png
2026-06-06 01:51:00,282 INFO [sb-086]            ImageUtil.java:124  | Converting max RGB to gray
2026-06-06 01:51:00,359 INFO [sb-086]       StepMonitoring.java:98   | BINARY
2026-06-06 01:51:00,591 INFO [sb-086]       StepMonitoring.java:98   | SCALE
2026-06-06 01:51:00,593 INFO [sb-086]         ScaleBuilder.java:255  | Beam  guessed height: 15 -- mid of [7..23]
2026-06-06 01:51:00,593 INFO [sb-086]         ScaleBuilder.java:271  | Beam measured height: 14 -- 0.44 of [7..23] range at 621% of needed quorum
2026-06-06 01:51:00,593 INFO [sb-086]         ScaleBuilder.java:401  | Normalized black jitter: 8.33 %
2026-06-06 01:51:00,593 INFO [sb-086]            ScaleStep.java:65   | Scale{ interline(23,24,25) line(3,4,5) beam(14)}
2026-06-06 01:51:00,593 INFO [sb-086]       StepMonitoring.java:98   | GRID
2026-06-06 01:51:00,686 INFO [sb-086]       LinesRetriever.java:1500 | Global slope: 0.00000
2026-06-06 01:51:00,689 INFO [sb-086]    ClustersRetriever.java:326  | Retrieved raw line clusters: 4 of sizes [5] with interline(23,24,25)
2026-06-06 01:51:00,712 INFO [sb-086]            PeakGraph.java:310  | Systems: #1[1] #2[2] #3[3] #4[4]
2026-06-06 01:51:00,811 INFO [sb-086]        SystemManager.java:779  | 1 part along 4 systems
2026-06-06 01:51:00,811 INFO [sb-086]                 Book.java:543  | Created scores: [{Score 1}]
2026-06-06 01:51:00,811 INFO [sb-086]       StepMonitoring.java:98   | HEADERS
2026-06-06 01:51:00,869 INFO [sb-086]       StepMonitoring.java:98   | STEM_SEEDS
2026-06-06 01:51:00,899 INFO [sb-086]        StemSeedsStep.java:86   | stem(5 max:7)
2026-06-06 01:51:00,909 INFO [sb-086]       StepMonitoring.java:98   | BEAMS
2026-06-06 01:51:04,285 INFO [sb-086]       StepMonitoring.java:98   | LEDGERS
2026-06-06 01:51:04,394 INFO [sb-086]       StepMonitoring.java:98   | HEADS
2026-06-06 01:51:08,800 INFO [sb-086]        HeadSeedTally.java:235  | Scale information: HeadSeeds{NOTEHEAD_BLACK[L:-1.0,R:-1.5]}
2026-06-06 01:51:08,800 INFO [sb-086]       StepMonitoring.java:98   | STEMS
2026-06-06 01:51:09,066 INFO [sb-086]       StepMonitoring.java:98   | REDUCTION
2026-06-06 01:51:09,083 INFO [sb-086]        ReductionStep.java:105  | Stems free length median value: 84 pixels, 3.5 interlines
2026-06-06 01:51:09,085 INFO [sb-086]       StepMonitoring.java:98   | CUE_BEAMS
2026-06-06 01:51:09,085 INFO [sb-086]         CueBeamsStep.java:81   | Step CUE_BEAMS is skipped because small heads switch is off
2026-06-06 01:51:09,085 INFO [sb-086]       StepMonitoring.java:98   | TEXTS
2026-06-06 01:51:09,147 WARN [sb-086]         TesseractOCR.java:335  | The collection of supported languages is empty
2026-06-06 01:51:09,147 INFO [sb-086]              OcrUtil.java:106  | Missing support for 'eng' language(s)
2026-06-06 01:51:09,148 INFO [sb-086]       StepMonitoring.java:98   | MEASURES
2026-06-06 01:51:09,148 INFO [sb-086]                 Page.java:307  | 31 raw measures: [8 in system#1, 7 in system#2, 8 in system#3, 8 in system#4]
2026-06-06 01:51:09,148 INFO [sb-086]       StepMonitoring.java:98   | CHORDS
2026-06-06 01:51:09,150 INFO [sb-086]       StepMonitoring.java:98   | CURVES
2026-06-06 01:51:09,446 INFO [sb-086]         SlursBuilder.java:240  | Slurs: 30
2026-06-06 01:51:09,447 INFO [sb-086]      SegmentsBuilder.java:155  | Segments: 25
2026-06-06 01:51:09,450 WARN [sb-086]         TesseractOCR.java:335  | The collection of supported languages is empty
2026-06-06 01:51:09,450 INFO [sb-086]              OcrUtil.java:106  | Missing support for 'eng' language(s)
2026-06-06 01:51:09,451 INFO [sb-086]    RehearsalsBuilder.java:199  | No text found in rehearsal enclosure java.awt.Rectangle[x=169,y=1041,width=74,height=72]
2026-06-06 01:51:09,451 INFO [sb-086]       StepMonitoring.java:98   | SYMBOLS
2026-06-06 01:51:10,130 INFO [sb-086]       StepMonitoring.java:98   | LINKS
2026-06-06 01:51:10,141 INFO [sb-086]       StepMonitoring.java:98   | RHYTHMS
2026-06-06 01:51:10,142 INFO [sb-086]        MeasureRhythm.java:1044 | Measure{#5} No timeOffset for HeadChordInter#3368{(0.572/0.572) staff:1 slot#4 dur:1/2}
2026-06-06 01:51:10,142 INFO [sb-086]   AbstractChordInter.java:627  | Measure{#5} No timeOffset for HeadChordInter#3368{(0.572/0.572) staff:1 slot#4 dur:1/2}
2026-06-06 01:51:10,143 INFO [sb-086]   AbstractChordInter.java:627  | Measure{#5} No timeOffset for HeadChordInter#3369{(0.947/0.947) staff:1 slot#5 dur:1/4}
2026-06-06 01:51:10,143 INFO [sb-086]   AbstractChordInter.java:627  | Measure{#5} No timeOffset for RestChordInter#4038{(0.798/0.798) staff:1 slot#6 dur:1/16}
2026-06-06 01:51:10,143 INFO [sb-086]          StackRhythm.java:224  | S1 MeasureStack#5 no correct rhythm
2026-06-06 01:51:10,144 INFO [sb-086]        MeasureRhythm.java:1044 | Measure{#12} No timeOffset for HeadChordInter#3404{(0.559/0.559) staff:2 slot#4 dur:1/2}
2026-06-06 01:51:10,144 INFO [sb-086]   AbstractChordInter.java:627  | Measure{#12} No timeOffset for HeadChordInter#3404{(0.559/0.559) staff:2 slot#4 dur:1/2}
2026-06-06 01:51:10,144 INFO [sb-086]   AbstractChordInter.java:627  | Measure{#12} No timeOffset for HeadChordInter#3405{(0.945/0.945) staff:2 slot#5 dur:1/4}
2026-06-06 01:51:10,144 INFO [sb-086]   AbstractChordInter.java:627  | Measure{#12} No timeOffset for RestChordInter#4052{(0.799/0.799) staff:2 slot#6 dur:1/16}
2026-06-06 01:51:10,144 INFO [sb-086]          StackRhythm.java:224  | S2 MeasureStack#12 no correct rhythm
2026-06-06 01:51:10,145 INFO [sb-086]                Voice.java:257  | Measure{#16} Voice{#1 excess:1/8} too long
2026-06-06 01:51:10,145 INFO [sb-086]          StackRhythm.java:224  | S3 MeasureStack#16 no correct rhythm
2026-06-06 01:51:10,147 INFO [sb-086]       StepMonitoring.java:98   | PAGE
2026-06-06 01:51:10,148 INFO [sb-086]                Voice.java:257  | Measure{#16} Voice{#1 excess:1/8} too long
2026-06-06 01:51:10,148 INFO [sb-086]                 Book.java:2584 | Book{sb-086} storing
2026-06-06 01:51:10,569 INFO [sb-086]                 Book.java:2565 | Stored /book.xml
2026-06-06 01:51:10,618 INFO [sb-086]           DataHolder.java:348  | Stored /sheet#1/BINARY.png
2026-06-06 01:51:10,817 INFO [sb-086]                Sheet.java:1583 | Stored /sheet#1/sheet#1.xml
2026-06-06 01:51:10,817 INFO [sb-086]                 Book.java:2525 | Book stored as omr/out/sb-086.omr
2026-06-06 01:51:10,818 INFO [sb-086]            SheetStub.java:1655 | Sheet disposed
2026-06-06 01:51:11,206 INFO [sb-086]                 Book.java:2050 | End of Stub#1
2026-06-06 01:51:11,206 INFO [sb-086]                 Book.java:2057 | End of Book{sb-086}
2026-06-06 01:51:11,347 INFO [sb-086]            SheetStub.java:1000 | Loaded /sheet#1/sheet#1.xml
2026-06-06 01:51:11,348 INFO [sb-086]      PartwiseBuilder.java:2706 | Exporting sheet(s): [#1]
2026-06-06 01:51:11,356 INFO [sb-086]        ScoreExporter.java:164  | Score sb-086 exported to omr/out/sb-086.mxl
2026-06-06 01:51:11,759 INFO [sb-086]                Score.java:181  | Closing {Score 1}
