2026-06-06 01:36:54,584 INFO [sb-016]                 Book.java:560  | 1 sheet in /home/runner/work/sambrass-tutor/sambrass-tutor/omr/input/sb-016.png
2026-06-06 01:36:54,674 INFO []                 Book.java:2565 | Stored /book.xml
2026-06-06 01:36:54,675 INFO []                 Book.java:2525 | Book stored as omr/out/sb-016.omr
2026-06-06 01:36:54,675 INFO []                 Book.java:1929 | Book reaching PAGE on sheets:[#1]
2026-06-06 01:36:54,675 INFO [sb-016]       StepMonitoring.java:98   | LOAD
2026-06-06 01:36:54,743 INFO [sb-016]            SheetStub.java:1278 | Loaded image #1 3175x1935 from /home/runner/work/sambrass-tutor/sambrass-tutor/omr/input/sb-016.png
2026-06-06 01:36:54,743 INFO [sb-016]            ImageUtil.java:124  | Converting max RGB to gray
2026-06-06 01:36:54,824 INFO [sb-016]       StepMonitoring.java:98   | BINARY
2026-06-06 01:36:55,053 INFO [sb-016]       StepMonitoring.java:98   | SCALE
2026-06-06 01:36:55,054 INFO [sb-016]         ScaleBuilder.java:255  | Beam  guessed height: 17 -- mid of [8..27]
2026-06-06 01:36:55,054 INFO [sb-016]         ScaleBuilder.java:271  | Beam measured height: 16 -- 0.42 of [8..27] range at 233% of needed quorum
2026-06-06 01:36:55,054 INFO [sb-016]         ScaleBuilder.java:401  | Normalized black jitter: 7.14 %
2026-06-06 01:36:55,054 INFO [sb-016]            ScaleStep.java:65   | Scale{ interline(27,28,29) line(3,4,5) beam(16)}
2026-06-06 01:36:55,054 INFO [sb-016]       StepMonitoring.java:98   | GRID
2026-06-06 01:36:55,116 INFO [sb-016]       LinesRetriever.java:1500 | Global slope: 0.00000
2026-06-06 01:36:55,118 INFO [sb-016]    ClustersRetriever.java:326  | Retrieved raw line clusters: 4 of sizes [5] with interline(27,28,29)
2026-06-06 01:36:55,136 INFO [sb-016]            PeakGraph.java:310  | Systems: #1[1] #2[2] #3[3] #4[4]
2026-06-06 01:36:55,218 INFO [sb-016]        SystemManager.java:779  | 1 part along 4 systems
2026-06-06 01:36:55,218 INFO [sb-016]                 Book.java:543  | Created scores: [{Score 1}]
2026-06-06 01:36:55,218 INFO [sb-016]       StepMonitoring.java:98   | HEADERS
2026-06-06 01:36:55,321 INFO [sb-016]       StepMonitoring.java:98   | STEM_SEEDS
2026-06-06 01:36:55,352 INFO [sb-016]        StemSeedsStep.java:86   | stem(6 max:8)
2026-06-06 01:36:55,358 INFO [sb-016]       StepMonitoring.java:98   | BEAMS
2026-06-06 01:36:59,069 INFO [sb-016]       StepMonitoring.java:98   | LEDGERS
2026-06-06 01:36:59,123 INFO [sb-016]       StepMonitoring.java:98   | HEADS
2026-06-06 01:37:03,796 INFO [sb-016]        HeadSeedTally.java:235  | Scale information: HeadSeeds{NOTEHEAD_BLACK[L:-1.0,R:-1.4]}
2026-06-06 01:37:03,797 INFO [sb-016]       StepMonitoring.java:98   | STEMS
2026-06-06 01:37:03,869 INFO [sb-016]       StepMonitoring.java:98   | REDUCTION
2026-06-06 01:37:03,876 INFO [sb-016]        ReductionStep.java:105  | Stems free length median value: 96 pixels, 3.4 interlines
2026-06-06 01:37:03,877 INFO [sb-016]       StepMonitoring.java:98   | CUE_BEAMS
2026-06-06 01:37:03,877 INFO [sb-016]         CueBeamsStep.java:81   | Step CUE_BEAMS is skipped because small heads switch is off
2026-06-06 01:37:03,877 INFO [sb-016]       StepMonitoring.java:98   | TEXTS
2026-06-06 01:37:03,930 WARN [sb-016]         TesseractOCR.java:335  | The collection of supported languages is empty
2026-06-06 01:37:03,930 INFO [sb-016]              OcrUtil.java:106  | Missing support for 'eng' language(s)
2026-06-06 01:37:03,931 INFO [sb-016]       StepMonitoring.java:98   | MEASURES
2026-06-06 01:37:03,932 INFO [sb-016]                 Page.java:307  | 33 raw measures: [12 in system#1, 9 in system#2, 8 in system#3, 4 in system#4]
2026-06-06 01:37:03,932 INFO [sb-016]       StepMonitoring.java:98   | CHORDS
2026-06-06 01:37:03,934 INFO [sb-016]       StepMonitoring.java:98   | CURVES
2026-06-06 01:37:04,266 INFO [sb-016]         SlursBuilder.java:240  | Slurs: 7
2026-06-06 01:37:04,267 INFO [sb-016]      SegmentsBuilder.java:155  | Segments: 18
2026-06-06 01:37:04,270 WARN [sb-016]         TesseractOCR.java:335  | The collection of supported languages is empty
2026-06-06 01:37:04,270 INFO [sb-016]              OcrUtil.java:106  | Missing support for 'eng' language(s)
2026-06-06 01:37:04,270 INFO [sb-016]    RehearsalsBuilder.java:199  | No text found in rehearsal enclosure java.awt.Rectangle[x=1616,y=614,width=86,height=85]
2026-06-06 01:37:04,270 INFO [sb-016]       StepMonitoring.java:98   | SYMBOLS
2026-06-06 01:37:04,903 INFO [sb-016]       StepMonitoring.java:98   | LINKS
2026-06-06 01:37:04,910 INFO [sb-016]       StepMonitoring.java:98   | RHYTHMS
2026-06-06 01:37:04,914 INFO [sb-016]       StepMonitoring.java:98   | PAGE
2026-06-06 01:37:04,914 INFO [sb-016]                 Book.java:2584 | Book{sb-016} storing
2026-06-06 01:37:05,016 INFO [sb-016]                 Book.java:2565 | Stored /book.xml
2026-06-06 01:37:05,064 INFO [sb-016]           DataHolder.java:348  | Stored /sheet#1/BINARY.png
2026-06-06 01:37:05,181 INFO [sb-016]                Sheet.java:1583 | Stored /sheet#1/sheet#1.xml
2026-06-06 01:37:05,181 INFO [sb-016]                 Book.java:2525 | Book stored as omr/out/sb-016.omr
2026-06-06 01:37:05,182 INFO [sb-016]            SheetStub.java:1655 | Sheet disposed
2026-06-06 01:37:05,274 INFO [sb-016]                 Book.java:2050 | End of Stub#1
2026-06-06 01:37:05,274 INFO [sb-016]                 Book.java:2057 | End of Book{sb-016}
2026-06-06 01:37:05,400 INFO [sb-016]            SheetStub.java:1000 | Loaded /sheet#1/sheet#1.xml
2026-06-06 01:37:05,401 INFO [sb-016]      PartwiseBuilder.java:2706 | Exporting sheet(s): [#1]
2026-06-06 01:37:05,411 INFO [sb-016]        ScoreExporter.java:164  | Score sb-016 exported to omr/out/sb-016.mxl
2026-06-06 01:37:05,504 INFO [sb-016]                Score.java:181  | Closing {Score 1}
