2026-06-06 01:38:28,815 INFO [sb-024]                 Book.java:560  | 1 sheet in /home/runner/work/sambrass-tutor/sambrass-tutor/omr/input/sb-024.png
2026-06-06 01:38:28,935 INFO []                 Book.java:2565 | Stored /book.xml
2026-06-06 01:38:28,935 INFO []                 Book.java:2525 | Book stored as omr/out/sb-024.omr
2026-06-06 01:38:28,936 INFO []                 Book.java:1929 | Book reaching PAGE on sheets:[#1]
2026-06-06 01:38:28,936 INFO [sb-024]       StepMonitoring.java:98   | LOAD
2026-06-06 01:38:29,013 INFO [sb-024]            SheetStub.java:1278 | Loaded image #1 3175x1935 from /home/runner/work/sambrass-tutor/sambrass-tutor/omr/input/sb-024.png
2026-06-06 01:38:29,014 INFO [sb-024]            ImageUtil.java:124  | Converting max RGB to gray
2026-06-06 01:38:29,088 INFO [sb-024]       StepMonitoring.java:98   | BINARY
2026-06-06 01:38:29,328 INFO [sb-024]       StepMonitoring.java:98   | SCALE
2026-06-06 01:38:29,329 INFO [sb-024]         ScaleBuilder.java:255  | Beam  guessed height: 13 -- mid of [6..21]
2026-06-06 01:38:29,330 INFO [sb-024]         ScaleBuilder.java:271  | Beam measured height: 13 -- 0.47 of [6..21] range at 398% of needed quorum
2026-06-06 01:38:29,330 INFO [sb-024]         ScaleBuilder.java:401  | Normalized black jitter: 13.64 %
2026-06-06 01:38:29,330 INFO [sb-024]            ScaleStep.java:65   | Scale{ interline(21,22,23) line(3,4,6) beam(13)}
2026-06-06 01:38:29,330 INFO [sb-024]       StepMonitoring.java:98   | GRID
2026-06-06 01:38:29,427 INFO [sb-024]       LinesRetriever.java:1500 | Global slope: 0.00000
2026-06-06 01:38:29,433 INFO [sb-024]    ClustersRetriever.java:326  | Retrieved raw line clusters: 5 of sizes [5] with interline(21,22,23)
2026-06-06 01:38:29,482 INFO [sb-024]            PeakGraph.java:310  | Systems: #1[1] #2[2] #3[3] #4[4] #5[5]
2026-06-06 01:38:29,622 INFO [sb-024]        SystemManager.java:779  | 1 part along 5 systems
2026-06-06 01:38:29,623 INFO [sb-024]                 Book.java:543  | Created scores: [{Score 1}]
2026-06-06 01:38:29,623 INFO [sb-024]       StepMonitoring.java:98   | HEADERS
2026-06-06 01:38:29,711 INFO [sb-024]       StepMonitoring.java:98   | STEM_SEEDS
2026-06-06 01:38:29,744 INFO [sb-024]        StemSeedsStep.java:86   | stem(5 max:6)
2026-06-06 01:38:29,752 INFO [sb-024]       StepMonitoring.java:98   | BEAMS
2026-06-06 01:38:32,393 INFO [sb-024]       StepMonitoring.java:98   | LEDGERS
2026-06-06 01:38:32,512 INFO [sb-024]       StepMonitoring.java:98   | HEADS
2026-06-06 01:38:36,741 INFO [sb-024]        HeadSeedTally.java:235  | Scale information: HeadSeeds{NOTEHEAD_BLACK[L:-0.8,R:-1.1]}
2026-06-06 01:38:36,742 INFO [sb-024]       StepMonitoring.java:98   | STEMS
2026-06-06 01:38:37,039 INFO [sb-024]       StepMonitoring.java:98   | REDUCTION
2026-06-06 01:38:37,057 INFO [sb-024]        ReductionStep.java:105  | Stems free length median value: 79 pixels, 3.6 interlines
2026-06-06 01:38:37,058 INFO [sb-024]       StepMonitoring.java:98   | CUE_BEAMS
2026-06-06 01:38:37,058 INFO [sb-024]         CueBeamsStep.java:81   | Step CUE_BEAMS is skipped because small heads switch is off
2026-06-06 01:38:37,059 INFO [sb-024]       StepMonitoring.java:98   | TEXTS
2026-06-06 01:38:37,122 WARN [sb-024]         TesseractOCR.java:335  | The collection of supported languages is empty
2026-06-06 01:38:37,122 INFO [sb-024]              OcrUtil.java:106  | Missing support for 'eng' language(s)
2026-06-06 01:38:37,123 INFO [sb-024]       StepMonitoring.java:98   | MEASURES
2026-06-06 01:38:37,123 INFO [sb-024]                 Page.java:307  | 44 raw measures: [10 in system#1, 8 in system#2, 9 in system#3, 7 in system#4, 10 in system#5]
2026-06-06 01:38:37,123 INFO [sb-024]       StepMonitoring.java:98   | CHORDS
2026-06-06 01:38:37,126 INFO [sb-024]       StepMonitoring.java:98   | CURVES
2026-06-06 01:38:37,465 INFO [sb-024]         SlursBuilder.java:240  | Slurs: 33
2026-06-06 01:38:37,467 INFO [sb-024]      SegmentsBuilder.java:155  | Segments: 27
2026-06-06 01:38:37,471 WARN [sb-024]         TesseractOCR.java:335  | The collection of supported languages is empty
2026-06-06 01:38:37,471 INFO [sb-024]              OcrUtil.java:106  | Missing support for 'eng' language(s)
2026-06-06 01:38:37,471 INFO [sb-024]    RehearsalsBuilder.java:199  | No text found in rehearsal enclosure java.awt.Rectangle[x=52,y=138,width=69,height=67]
2026-06-06 01:38:37,473 WARN [sb-024]         TesseractOCR.java:335  | The collection of supported languages is empty
2026-06-06 01:38:37,474 INFO [sb-024]              OcrUtil.java:106  | Missing support for 'eng' language(s)
2026-06-06 01:38:37,474 INFO [sb-024]    RehearsalsBuilder.java:199  | No text found in rehearsal enclosure java.awt.Rectangle[x=75,y=808,width=68,height=67]
2026-06-06 01:38:37,476 WARN [sb-024]         TesseractOCR.java:335  | The collection of supported languages is empty
2026-06-06 01:38:37,476 INFO [sb-024]              OcrUtil.java:106  | Missing support for 'eng' language(s)
2026-06-06 01:38:37,476 INFO [sb-024]    RehearsalsBuilder.java:199  | No text found in rehearsal enclosure java.awt.Rectangle[x=76,y=1477,width=71,height=69]
2026-06-06 01:38:37,476 INFO [sb-024]       StepMonitoring.java:98   | SYMBOLS
2026-06-06 01:38:38,316 INFO [sb-024]       StepMonitoring.java:98   | LINKS
2026-06-06 01:38:38,329 INFO [sb-024]        SymbolsLinker.java:258  | No chord linked to OctaveShiftInter#5125{(0.127) staff:5 OTTAVA BASSA} at java.awt.Point[x=3058,y=1816]
2026-06-06 01:38:38,332 INFO [sb-024]       StepMonitoring.java:98   | RHYTHMS
2026-06-06 01:38:38,335 INFO [sb-024]                Voice.java:257  | Measure{#12} Voice{#1 excess:1/4} too long
2026-06-06 01:38:38,335 INFO [sb-024]          StackRhythm.java:224  | S2 MeasureStack#12 no correct rhythm
2026-06-06 01:38:38,336 INFO [sb-024]                Voice.java:257  | Measure{#13} Voice{#1 excess:1/4} too long
2026-06-06 01:38:38,336 INFO [sb-024]          StackRhythm.java:224  | S2 MeasureStack#13 no correct rhythm
2026-06-06 01:38:38,340 INFO [sb-024]                Voice.java:257  | Measure{#38} Voice{#1 excess:1/4} too long
2026-06-06 01:38:38,340 INFO [sb-024]          StackRhythm.java:224  | S5 MeasureStack#38 no correct rhythm
2026-06-06 01:38:38,340 INFO [sb-024]                Voice.java:257  | Measure{#39} Voice{#1 excess:1/4} too long
2026-06-06 01:38:38,340 INFO [sb-024]          StackRhythm.java:224  | S5 MeasureStack#39 no correct rhythm
2026-06-06 01:38:38,340 INFO [sb-024]                Voice.java:257  | Measure{#41} Voice{#1 excess:1/4} too long
2026-06-06 01:38:38,340 INFO [sb-024]          StackRhythm.java:224  | S5 MeasureStack#41 no correct rhythm
2026-06-06 01:38:38,341 INFO [sb-024]       StepMonitoring.java:98   | PAGE
2026-06-06 01:38:38,341 INFO [sb-024]       SheetReduction.java:154  | Gutter. Different glyphs 1/2 ArticulationInter#4953{(0.800/0.834) STACCATO} vs EndingInter#4491{(0.800/0.955) staff:2 ENDING_WRL}
2026-06-06 01:38:38,342 INFO [sb-024]                Voice.java:257  | Measure{#12} Voice{#1 excess:1/4} too long
2026-06-06 01:38:38,342 INFO [sb-024]                Voice.java:257  | Measure{#13} Voice{#1 excess:1/4} too long
2026-06-06 01:38:38,342 INFO [sb-024]                Voice.java:257  | Measure{#38} Voice{#1 excess:1/4} too long
2026-06-06 01:38:38,342 INFO [sb-024]                Voice.java:257  | Measure{#39} Voice{#1 excess:1/4} too long
2026-06-06 01:38:38,342 INFO [sb-024]                Voice.java:257  | Measure{#41} Voice{#1 excess:1/4} too long
2026-06-06 01:38:38,342 INFO [sb-024]                 Book.java:2584 | Book{sb-024} storing
2026-06-06 01:38:38,480 INFO [sb-024]                 Book.java:2565 | Stored /book.xml
2026-06-06 01:38:38,531 INFO [sb-024]           DataHolder.java:348  | Stored /sheet#1/BINARY.png
2026-06-06 01:38:38,763 INFO [sb-024]                Sheet.java:1583 | Stored /sheet#1/sheet#1.xml
2026-06-06 01:38:38,763 INFO [sb-024]                 Book.java:2525 | Book stored as omr/out/sb-024.omr
2026-06-06 01:38:38,764 INFO [sb-024]            SheetStub.java:1655 | Sheet disposed
2026-06-06 01:38:38,880 INFO [sb-024]                 Book.java:2050 | End of Stub#1
2026-06-06 01:38:38,881 INFO [sb-024]                 Book.java:2057 | End of Book{sb-024}
2026-06-06 01:38:39,057 INFO [sb-024]            SheetStub.java:1000 | Loaded /sheet#1/sheet#1.xml
2026-06-06 01:38:39,058 INFO [sb-024]      PartwiseBuilder.java:2706 | Exporting sheet(s): [#1]
2026-06-06 01:38:39,070 INFO [sb-024]        ScoreExporter.java:164  | Score sb-024 exported to omr/out/sb-024.mxl
2026-06-06 01:38:39,198 INFO [sb-024]                Score.java:181  | Closing {Score 1}
