2026-06-06 01:35:33,704 INFO [sb-009]                 Book.java:560  | 1 sheet in /home/runner/work/sambrass-tutor/sambrass-tutor/omr/input/sb-009.png
2026-06-06 01:35:33,765 INFO []                 Book.java:2565 | Stored /book.xml
2026-06-06 01:35:33,765 INFO []                 Book.java:2525 | Book stored as omr/out/sb-009.omr
2026-06-06 01:35:33,766 INFO []                 Book.java:1929 | Book reaching PAGE on sheets:[#1]
2026-06-06 01:35:33,766 INFO [sb-009]       StepMonitoring.java:98   | LOAD
2026-06-06 01:35:33,831 INFO [sb-009]            SheetStub.java:1278 | Loaded image #1 3175x1935 from /home/runner/work/sambrass-tutor/sambrass-tutor/omr/input/sb-009.png
2026-06-06 01:35:33,832 INFO [sb-009]            ImageUtil.java:124  | Converting max RGB to gray
2026-06-06 01:35:33,913 INFO [sb-009]       StepMonitoring.java:98   | BINARY
2026-06-06 01:35:34,147 INFO [sb-009]       StepMonitoring.java:98   | SCALE
2026-06-06 01:35:34,148 INFO [sb-009]         ScaleBuilder.java:255  | Beam  guessed height: 17 -- mid of [8..27]
2026-06-06 01:35:34,148 INFO [sb-009]         ScaleBuilder.java:271  | Beam measured height: 16 -- 0.42 of [8..27] range at 433% of needed quorum
2026-06-06 01:35:34,148 INFO [sb-009]         ScaleBuilder.java:401  | Normalized black jitter: 3.45 %
2026-06-06 01:35:34,148 INFO [sb-009]            ScaleStep.java:65   | Scale{ interline(28,29,29) line(4,4,5) beam(16)}
2026-06-06 01:35:34,149 INFO [sb-009]       StepMonitoring.java:98   | GRID
2026-06-06 01:35:34,195 INFO [sb-009]       LinesRetriever.java:1500 | Global slope: 0.00000
2026-06-06 01:35:34,197 INFO [sb-009]    ClustersRetriever.java:326  | Retrieved raw line clusters: 3 of sizes [5] with interline(28,29,29)
2026-06-06 01:35:34,211 INFO [sb-009]            PeakGraph.java:310  | Systems: #1[1] #2[2] #3[3]
2026-06-06 01:35:34,288 INFO [sb-009]        SystemManager.java:779  | 1 part along 3 systems
2026-06-06 01:35:34,288 INFO [sb-009]                 Book.java:543  | Created scores: [{Score 1}]
2026-06-06 01:35:34,289 INFO [sb-009]       StepMonitoring.java:98   | HEADERS
2026-06-06 01:35:34,363 INFO [sb-009]       StepMonitoring.java:98   | STEM_SEEDS
2026-06-06 01:35:34,393 INFO [sb-009]        StemSeedsStep.java:86   | stem(6 max:7)
2026-06-06 01:35:34,398 INFO [sb-009]       StepMonitoring.java:98   | BEAMS
2026-06-06 01:35:38,217 INFO [sb-009]       StepMonitoring.java:98   | LEDGERS
2026-06-06 01:35:38,272 INFO [sb-009]       StepMonitoring.java:98   | HEADS
2026-06-06 01:35:42,450 INFO [sb-009]        HeadSeedTally.java:235  | Scale information: HeadSeeds{NOTEHEAD_BLACK[L:-1.3,R:-1.8]}
2026-06-06 01:35:42,450 INFO [sb-009]       StepMonitoring.java:98   | STEMS
2026-06-06 01:35:42,557 INFO [sb-009]       StepMonitoring.java:98   | REDUCTION
2026-06-06 01:35:42,568 INFO [sb-009]        ReductionStep.java:105  | Stems free length median value: 103 pixels, 3.6 interlines
2026-06-06 01:35:42,569 INFO [sb-009]       StepMonitoring.java:98   | CUE_BEAMS
2026-06-06 01:35:42,569 INFO [sb-009]         CueBeamsStep.java:81   | Step CUE_BEAMS is skipped because small heads switch is off
2026-06-06 01:35:42,569 INFO [sb-009]       StepMonitoring.java:98   | TEXTS
2026-06-06 01:35:42,632 WARN [sb-009]         TesseractOCR.java:335  | The collection of supported languages is empty
2026-06-06 01:35:42,632 INFO [sb-009]              OcrUtil.java:106  | Missing support for 'eng' language(s)
2026-06-06 01:35:42,633 INFO [sb-009]       StepMonitoring.java:98   | MEASURES
2026-06-06 01:35:42,634 INFO [sb-009]                 Page.java:307  | 25 raw measures: [9 in system#1, 8 in system#2, 8 in system#3]
2026-06-06 01:35:42,635 INFO [sb-009]       StepMonitoring.java:98   | CHORDS
2026-06-06 01:35:42,636 INFO [sb-009]       StepMonitoring.java:98   | CURVES
2026-06-06 01:35:42,963 INFO [sb-009]         SlursBuilder.java:240  | Slurs: 19
2026-06-06 01:35:42,965 INFO [sb-009]      SegmentsBuilder.java:155  | Segments: 16
2026-06-06 01:35:42,968 WARN [sb-009]         TesseractOCR.java:335  | The collection of supported languages is empty
2026-06-06 01:35:42,969 INFO [sb-009]              OcrUtil.java:106  | Missing support for 'eng' language(s)
2026-06-06 01:35:42,969 INFO [sb-009]    RehearsalsBuilder.java:199  | No text found in rehearsal enclosure java.awt.Rectangle[x=54,y=1239,width=86,height=87]
2026-06-06 01:35:42,969 INFO [sb-009]       StepMonitoring.java:98   | SYMBOLS
2026-06-06 01:35:43,427 INFO [sb-009]       StepMonitoring.java:98   | LINKS
2026-06-06 01:35:43,434 INFO [sb-009]       StepMonitoring.java:98   | RHYTHMS
2026-06-06 01:35:43,441 INFO [sb-009]       StepMonitoring.java:98   | PAGE
2026-06-06 01:35:43,442 INFO [sb-009]                 Book.java:2584 | Book{sb-009} storing
2026-06-06 01:35:43,515 INFO [sb-009]                 Book.java:2565 | Stored /book.xml
2026-06-06 01:35:43,562 INFO [sb-009]           DataHolder.java:348  | Stored /sheet#1/BINARY.png
2026-06-06 01:35:43,690 INFO [sb-009]                Sheet.java:1583 | Stored /sheet#1/sheet#1.xml
2026-06-06 01:35:43,690 INFO [sb-009]                 Book.java:2525 | Book stored as omr/out/sb-009.omr
2026-06-06 01:35:43,691 INFO [sb-009]            SheetStub.java:1655 | Sheet disposed
2026-06-06 01:35:43,751 INFO [sb-009]                 Book.java:2050 | End of Stub#1
2026-06-06 01:35:43,751 INFO [sb-009]                 Book.java:2057 | End of Book{sb-009}
2026-06-06 01:35:43,876 INFO [sb-009]            SheetStub.java:1000 | Loaded /sheet#1/sheet#1.xml
2026-06-06 01:35:43,877 INFO [sb-009]      PartwiseBuilder.java:2706 | Exporting sheet(s): [#1]
2026-06-06 01:35:43,886 INFO [sb-009]        ScoreExporter.java:164  | Score sb-009 exported to omr/out/sb-009.mxl
2026-06-06 01:35:43,960 INFO [sb-009]                Score.java:181  | Closing {Score 1}
