2026-06-06 01:50:34,736 INFO [sb-084]                 Book.java:560  | 1 sheet in /home/runner/work/sambrass-tutor/sambrass-tutor/omr/input/sb-084.png
2026-06-06 01:50:35,116 INFO []                 Book.java:2565 | Stored /book.xml
2026-06-06 01:50:35,116 INFO []                 Book.java:2525 | Book stored as omr/out/sb-084.omr
2026-06-06 01:50:35,117 INFO []                 Book.java:1929 | Book reaching PAGE on sheets:[#1]
2026-06-06 01:50:35,118 INFO [sb-084]       StepMonitoring.java:98   | LOAD
2026-06-06 01:50:35,185 INFO [sb-084]            SheetStub.java:1278 | Loaded image #1 3175x1935 from /home/runner/work/sambrass-tutor/sambrass-tutor/omr/input/sb-084.png
2026-06-06 01:50:35,185 INFO [sb-084]            ImageUtil.java:124  | Converting max RGB to gray
2026-06-06 01:50:35,262 INFO [sb-084]       StepMonitoring.java:98   | BINARY
2026-06-06 01:50:35,499 INFO [sb-084]       StepMonitoring.java:98   | SCALE
2026-06-06 01:50:35,501 INFO [sb-084]         ScaleBuilder.java:255  | Beam  guessed height: 12 -- mid of [6..19]
2026-06-06 01:50:35,501 INFO [sb-084]         ScaleBuilder.java:271  | Beam measured height: 13 -- 0.54 of [6..19] range at 581% of needed quorum
2026-06-06 01:50:35,501 INFO [sb-084]         ScaleBuilder.java:401  | Normalized black jitter: 9.52 %
2026-06-06 01:50:35,501 INFO [sb-084]            ScaleStep.java:65   | Scale{ interline(21,21,22) line(4,5,6) beam(13)}
2026-06-06 01:50:35,501 INFO [sb-084]       StepMonitoring.java:98   | GRID
2026-06-06 01:50:35,603 INFO [sb-084]       LinesRetriever.java:1500 | Global slope: 0.00000
2026-06-06 01:50:35,608 INFO [sb-084]    ClustersRetriever.java:326  | Retrieved raw line clusters: 5 of sizes [5] with interline(21,21,22)
2026-06-06 01:50:35,648 INFO [sb-084]            PeakGraph.java:310  | Systems: #1[1] #2[2] #3[3] #4[4] #5[5]
2026-06-06 01:50:35,785 INFO [sb-084]        SystemManager.java:134  | Indentation detected for system #1
2026-06-06 01:50:35,785 INFO [sb-084]        SystemManager.java:779  | 1 part along 5 systems
2026-06-06 01:50:35,785 INFO [sb-084]                 Book.java:543  | Created scores: [{Score 1}]
2026-06-06 01:50:35,785 INFO [sb-084]       StepMonitoring.java:98   | HEADERS
2026-06-06 01:50:35,855 INFO [sb-084]       StepMonitoring.java:98   | STEM_SEEDS
2026-06-06 01:50:35,887 INFO [sb-084]        StemSeedsStep.java:86   | stem(4 max:6)
2026-06-06 01:50:35,896 INFO [sb-084]       StepMonitoring.java:98   | BEAMS
2026-06-06 01:50:38,647 INFO [sb-084]       StepMonitoring.java:98   | LEDGERS
2026-06-06 01:50:38,847 INFO [sb-084]       StepMonitoring.java:98   | HEADS
2026-06-06 01:50:43,186 INFO [sb-084]        HeadSeedTally.java:235  | Scale information: HeadSeeds{NOTEHEAD_VOID[L:-1.0] NOTEHEAD_BLACK[L:-0.8,R:-1.8]}
2026-06-06 01:50:43,186 INFO [sb-084]       StepMonitoring.java:98   | STEMS
2026-06-06 01:50:43,798 INFO [sb-084]       StepMonitoring.java:98   | REDUCTION
2026-06-06 01:50:43,827 INFO [sb-084]        ReductionStep.java:105  | Stems free length median value: 73 pixels, 3.5 interlines
2026-06-06 01:50:43,829 INFO [sb-084]       StepMonitoring.java:98   | CUE_BEAMS
2026-06-06 01:50:43,830 INFO [sb-084]         CueBeamsStep.java:81   | Step CUE_BEAMS is skipped because small heads switch is off
2026-06-06 01:50:43,830 INFO [sb-084]       StepMonitoring.java:98   | TEXTS
2026-06-06 01:50:43,897 WARN [sb-084]         TesseractOCR.java:335  | The collection of supported languages is empty
2026-06-06 01:50:43,897 INFO [sb-084]              OcrUtil.java:106  | Missing support for 'eng' language(s)
2026-06-06 01:50:43,898 INFO [sb-084]       StepMonitoring.java:98   | MEASURES
2026-06-06 01:50:43,899 INFO [sb-084]                 Page.java:307  | 40 raw measures: [10 in system#1, 9 in system#2, 7 in system#3, 8 in system#4, 6 in system#5]
2026-06-06 01:50:43,899 INFO [sb-084]       StepMonitoring.java:98   | CHORDS
2026-06-06 01:50:43,901 INFO [sb-084]       StepMonitoring.java:98   | CURVES
2026-06-06 01:50:44,264 INFO [sb-084]         SlursBuilder.java:240  | Slurs: 44
2026-06-06 01:50:44,270 INFO [sb-084]      SegmentsBuilder.java:155  | Segments: 28
2026-06-06 01:50:44,274 WARN [sb-084]         TesseractOCR.java:335  | The collection of supported languages is empty
2026-06-06 01:50:44,274 INFO [sb-084]              OcrUtil.java:106  | Missing support for 'eng' language(s)
2026-06-06 01:50:44,274 INFO [sb-084]    RehearsalsBuilder.java:199  | No text found in rehearsal enclosure java.awt.Rectangle[x=250,y=97,width=73,height=69]
2026-06-06 01:50:44,276 WARN [sb-084]         TesseractOCR.java:335  | The collection of supported languages is empty
2026-06-06 01:50:44,276 INFO [sb-084]              OcrUtil.java:106  | Missing support for 'eng' language(s)
2026-06-06 01:50:44,276 INFO [sb-084]    RehearsalsBuilder.java:199  | No text found in rehearsal enclosure java.awt.Rectangle[x=1708,y=1170,width=68,height=69]
2026-06-06 01:50:44,276 INFO [sb-084]       StepMonitoring.java:98   | SYMBOLS
2026-06-06 01:50:45,203 INFO [sb-084]       StepMonitoring.java:98   | LINKS
2026-06-06 01:50:45,222 INFO [sb-084]       StepMonitoring.java:98   | RHYTHMS
2026-06-06 01:50:45,225 INFO [sb-084]        MeasureRhythm.java:1044 | Measure{#14} No timeOffset for HeadChordInter#6129{(0.931/0.931) staff:2 slot#2 dur:1/16}
2026-06-06 01:50:45,225 INFO [sb-084]          StackRhythm.java:224  | S2 MeasureStack#14 no correct rhythm
2026-06-06 01:50:45,229 INFO [sb-084]       StepMonitoring.java:98   | PAGE
2026-06-06 01:50:45,230 INFO [sb-084]                 Book.java:2584 | Book{sb-084} storing
2026-06-06 01:50:45,665 INFO [sb-084]                 Book.java:2565 | Stored /book.xml
2026-06-06 01:50:45,716 INFO [sb-084]           DataHolder.java:348  | Stored /sheet#1/BINARY.png
2026-06-06 01:50:45,998 INFO [sb-084]                Sheet.java:1583 | Stored /sheet#1/sheet#1.xml
2026-06-06 01:50:45,998 INFO [sb-084]                 Book.java:2525 | Book stored as omr/out/sb-084.omr
2026-06-06 01:50:45,999 INFO [sb-084]            SheetStub.java:1655 | Sheet disposed
2026-06-06 01:50:46,406 INFO [sb-084]                 Book.java:2050 | End of Stub#1
2026-06-06 01:50:46,406 INFO [sb-084]                 Book.java:2057 | End of Book{sb-084}
2026-06-06 01:50:46,586 INFO [sb-084]            SheetStub.java:1000 | Loaded /sheet#1/sheet#1.xml
2026-06-06 01:50:46,587 INFO [sb-084]      PartwiseBuilder.java:2706 | Exporting sheet(s): [#1]
2026-06-06 01:50:46,600 INFO [sb-084]        ScoreExporter.java:164  | Score sb-084 exported to omr/out/sb-084.mxl
2026-06-06 01:50:46,996 INFO [sb-084]                Score.java:181  | Closing {Score 1}
