2026-06-06 01:37:55,652 INFO [sb-021]                 Book.java:560  | 1 sheet in /home/runner/work/sambrass-tutor/sambrass-tutor/omr/input/sb-021.png
2026-06-06 01:37:55,753 INFO []                 Book.java:2565 | Stored /book.xml
2026-06-06 01:37:55,753 INFO []                 Book.java:2525 | Book stored as omr/out/sb-021.omr
2026-06-06 01:37:55,754 INFO []                 Book.java:1929 | Book reaching PAGE on sheets:[#1]
2026-06-06 01:37:55,754 INFO [sb-021]       StepMonitoring.java:98   | LOAD
2026-06-06 01:37:55,824 INFO [sb-021]            SheetStub.java:1278 | Loaded image #1 3175x1935 from /home/runner/work/sambrass-tutor/sambrass-tutor/omr/input/sb-021.png
2026-06-06 01:37:55,824 INFO [sb-021]            ImageUtil.java:124  | Converting max RGB to gray
2026-06-06 01:37:55,899 INFO [sb-021]       StepMonitoring.java:98   | BINARY
2026-06-06 01:37:56,141 INFO [sb-021]       StepMonitoring.java:98   | SCALE
2026-06-06 01:37:56,142 INFO [sb-021]         ScaleBuilder.java:255  | Beam  guessed height: 13 -- mid of [6..20]
2026-06-06 01:37:56,142 INFO [sb-021]         ScaleBuilder.java:271  | Beam measured height: 13 -- 0.50 of [6..20] range at 476% of needed quorum
2026-06-06 01:37:56,142 INFO [sb-021]         ScaleBuilder.java:401  | Normalized black jitter: 9.09 %
2026-06-06 01:37:56,142 INFO [sb-021]            ScaleStep.java:65   | Scale{ interline(21,22,23) line(4,5,6) beam(13)}
2026-06-06 01:37:56,142 INFO [sb-021]       StepMonitoring.java:98   | GRID
2026-06-06 01:37:56,222 INFO [sb-021]       LinesRetriever.java:1500 | Global slope: 0.00000
2026-06-06 01:37:56,226 INFO [sb-021]    ClustersRetriever.java:326  | Retrieved raw line clusters: 4 of sizes [5] with interline(21,22,23)
2026-06-06 01:37:56,256 INFO [sb-021]            PeakGraph.java:310  | Systems: #1[1] #2[2] #3[3] #4[4]
2026-06-06 01:37:56,364 INFO [sb-021]        SystemManager.java:134  | Indentation detected for system #1
2026-06-06 01:37:56,364 INFO [sb-021]        SystemManager.java:779  | 1 part along 4 systems
2026-06-06 01:37:56,364 INFO [sb-021]                 Book.java:543  | Created scores: [{Score 1}]
2026-06-06 01:37:56,364 INFO [sb-021]       StepMonitoring.java:98   | HEADERS
2026-06-06 01:37:56,425 INFO [sb-021]       StepMonitoring.java:98   | STEM_SEEDS
2026-06-06 01:37:56,456 INFO [sb-021]        StemSeedsStep.java:86   | stem(4 max:5)
2026-06-06 01:37:56,464 INFO [sb-021]       StepMonitoring.java:98   | BEAMS
2026-06-06 01:37:59,144 INFO [sb-021]       StepMonitoring.java:98   | LEDGERS
2026-06-06 01:37:59,278 INFO [sb-021]       StepMonitoring.java:98   | HEADS
2026-06-06 01:38:02,787 INFO [sb-021]        HeadSeedTally.java:235  | Scale information: HeadSeeds{NOTEHEAD_BLACK[L:-1.0,R:-1.3]}
2026-06-06 01:38:02,787 INFO [sb-021]       StepMonitoring.java:98   | STEMS
2026-06-06 01:38:03,174 INFO [sb-021]       StepMonitoring.java:98   | REDUCTION
2026-06-06 01:38:03,198 INFO [sb-021]        ReductionStep.java:105  | Stems free length median value: 75 pixels, 3.4 interlines
2026-06-06 01:38:03,200 INFO [sb-021]       StepMonitoring.java:98   | CUE_BEAMS
2026-06-06 01:38:03,200 INFO [sb-021]         CueBeamsStep.java:81   | Step CUE_BEAMS is skipped because small heads switch is off
2026-06-06 01:38:03,200 INFO [sb-021]       StepMonitoring.java:98   | TEXTS
2026-06-06 01:38:03,262 WARN [sb-021]         TesseractOCR.java:335  | The collection of supported languages is empty
2026-06-06 01:38:03,262 INFO [sb-021]              OcrUtil.java:106  | Missing support for 'eng' language(s)
2026-06-06 01:38:03,263 INFO [sb-021]       StepMonitoring.java:98   | MEASURES
2026-06-06 01:38:03,264 INFO [sb-021]                 Page.java:307  | 42 raw measures: [11 in system#1, 8 in system#2, 13 in system#3, 10 in system#4]
2026-06-06 01:38:03,264 INFO [sb-021]       StepMonitoring.java:98   | CHORDS
2026-06-06 01:38:03,266 INFO [sb-021]       StepMonitoring.java:98   | CURVES
2026-06-06 01:38:03,628 INFO [sb-021]         SlursBuilder.java:240  | Slurs: 25
2026-06-06 01:38:03,631 INFO [sb-021]      SegmentsBuilder.java:155  | Segments: 32
2026-06-06 01:38:03,635 WARN [sb-021]         TesseractOCR.java:335  | The collection of supported languages is empty
2026-06-06 01:38:03,635 INFO [sb-021]              OcrUtil.java:106  | Missing support for 'eng' language(s)
2026-06-06 01:38:03,636 INFO [sb-021]    RehearsalsBuilder.java:199  | No text found in rehearsal enclosure java.awt.Rectangle[x=110,y=215,width=182,height=73]
2026-06-06 01:38:03,639 WARN [sb-021]         TesseractOCR.java:335  | The collection of supported languages is empty
2026-06-06 01:38:03,639 INFO [sb-021]              OcrUtil.java:106  | Missing support for 'eng' language(s)
2026-06-06 01:38:03,639 INFO [sb-021]    RehearsalsBuilder.java:199  | No text found in rehearsal enclosure java.awt.Rectangle[x=33,y=582,width=75,height=71]
2026-06-06 01:38:03,642 WARN [sb-021]         TesseractOCR.java:335  | The collection of supported languages is empty
2026-06-06 01:38:03,642 INFO [sb-021]              OcrUtil.java:106  | Missing support for 'eng' language(s)
2026-06-06 01:38:03,642 INFO [sb-021]    RehearsalsBuilder.java:199  | No text found in rehearsal enclosure java.awt.Rectangle[x=2327,y=942,width=70,height=70]
2026-06-06 01:38:03,642 INFO [sb-021]       StepMonitoring.java:98   | SYMBOLS
2026-06-06 01:38:04,685 INFO [sb-021]       StepMonitoring.java:98   | LINKS
2026-06-06 01:38:04,690 INFO [sb-021]        SymbolsLinker.java:258  | No chord linked to OctaveShiftInter#5589{(0.270) staff:2 VENTIDUESIMA BASSA} at java.awt.Point[x=2960,y=1052]
2026-06-06 01:38:04,695 INFO [sb-021]        SymbolsLinker.java:258  | No chord linked to OctaveShiftInter#5604{(0.120) staff:3 VENTIDUESIMA BASSA} at java.awt.Point[x=23,y=1554]
2026-06-06 01:38:04,700 INFO [sb-021]        SymbolsLinker.java:258  | No chord linked to OctaveShiftInter#5710{(0.120) staff:4 VENTIDUESIMA ALTA} at java.awt.Point[x=23,y=1554]
2026-06-06 01:38:04,704 INFO [sb-021]       StepMonitoring.java:98   | RHYTHMS
2026-06-06 01:38:04,708 INFO [sb-021]        MeasureRhythm.java:1276 | Measure{#23} Time inconsistency in {3/16=[HeadChordInter#4745{(0.950/0.950) staff:3 slot#3 off:3/16 dur:1/16}], 1/4=[HeadChordInter#4746{(0.947/0.947) staff:3 slot#3 off:1/4 dur:1/4}]}
2026-06-06 01:38:04,710 INFO [sb-021]        MeasureRhythm.java:1044 | Measure{#28} No timeOffset for HeadChordInter#4766{(0.892/0.892) staff:3 slot#4 dur:1/4}
2026-06-06 01:38:04,710 INFO [sb-021]                Voice.java:257  | Measure{#28} Voice{#1 excess:1/16} too long
2026-06-06 01:38:04,710 INFO [sb-021]          StackRhythm.java:224  | S3 MeasureStack#28 no correct rhythm
2026-06-06 01:38:04,713 INFO [sb-021]       StepMonitoring.java:98   | PAGE
2026-06-06 01:38:04,714 INFO [sb-021]                Voice.java:257  | Measure{#28} Voice{#1 excess:1/16} too long
2026-06-06 01:38:04,714 INFO [sb-021]                 Book.java:2584 | Book{sb-021} storing
2026-06-06 01:38:04,831 INFO [sb-021]                 Book.java:2565 | Stored /book.xml
2026-06-06 01:38:04,882 INFO [sb-021]           DataHolder.java:348  | Stored /sheet#1/BINARY.png
2026-06-06 01:38:05,114 INFO [sb-021]                Sheet.java:1583 | Stored /sheet#1/sheet#1.xml
2026-06-06 01:38:05,114 INFO [sb-021]                 Book.java:2525 | Book stored as omr/out/sb-021.omr
2026-06-06 01:38:05,115 INFO [sb-021]            SheetStub.java:1655 | Sheet disposed
2026-06-06 01:38:05,216 INFO [sb-021]                 Book.java:2050 | End of Stub#1
2026-06-06 01:38:05,216 INFO [sb-021]                 Book.java:2057 | End of Book{sb-021}
2026-06-06 01:38:05,377 INFO [sb-021]            SheetStub.java:1000 | Loaded /sheet#1/sheet#1.xml
2026-06-06 01:38:05,378 INFO [sb-021]      PartwiseBuilder.java:2706 | Exporting sheet(s): [#1]
2026-06-06 01:38:05,388 INFO [sb-021]        ScoreExporter.java:164  | Score sb-021 exported to omr/out/sb-021.mxl
2026-06-06 01:38:05,500 INFO [sb-021]                Score.java:181  | Closing {Score 1}
