2026-06-06 01:43:54,687 INFO [sb-052]                 Book.java:560  | 1 sheet in /home/runner/work/sambrass-tutor/sambrass-tutor/omr/input/sb-052.png
2026-06-06 01:43:54,934 INFO []                 Book.java:2565 | Stored /book.xml
2026-06-06 01:43:54,935 INFO []                 Book.java:2525 | Book stored as omr/out/sb-052.omr
2026-06-06 01:43:54,935 INFO []                 Book.java:1929 | Book reaching PAGE on sheets:[#1]
2026-06-06 01:43:54,935 INFO [sb-052]       StepMonitoring.java:98   | LOAD
2026-06-06 01:43:55,001 INFO [sb-052]            SheetStub.java:1278 | Loaded image #1 3175x1935 from /home/runner/work/sambrass-tutor/sambrass-tutor/omr/input/sb-052.png
2026-06-06 01:43:55,001 INFO [sb-052]            ImageUtil.java:124  | Converting max RGB to gray
2026-06-06 01:43:55,076 INFO [sb-052]       StepMonitoring.java:98   | BINARY
2026-06-06 01:43:55,312 INFO [sb-052]       StepMonitoring.java:98   | SCALE
2026-06-06 01:43:55,314 INFO [sb-052]         ScaleBuilder.java:255  | Beam  guessed height: 13 -- mid of [6..20]
2026-06-06 01:43:55,314 INFO [sb-052]         ScaleBuilder.java:271  | Beam measured height: 13 -- 0.50 of [6..20] range at 417% of needed quorum
2026-06-06 01:43:55,314 INFO [sb-052]         ScaleBuilder.java:401  | Normalized black jitter: 9.09 %
2026-06-06 01:43:55,314 INFO [sb-052]            ScaleStep.java:65   | Scale{ interline(21,22,23) line(4,4,6) beam(13)}
2026-06-06 01:43:55,314 INFO [sb-052]       StepMonitoring.java:98   | GRID
2026-06-06 01:43:55,401 INFO [sb-052]       LinesRetriever.java:1500 | Global slope: 0.00000
2026-06-06 01:43:55,408 INFO [sb-052]    ClustersRetriever.java:326  | Retrieved raw line clusters: 4 of sizes [5] with interline(21,22,23)
2026-06-06 01:43:55,443 INFO [sb-052]            PeakGraph.java:310  | Systems: #1[1] #2[2] #3[3] #4[4]
2026-06-06 01:43:55,575 INFO [sb-052]        SystemManager.java:134  | Indentation detected for system #1
2026-06-06 01:43:55,575 INFO [sb-052]        SystemManager.java:779  | 1 part along 4 systems
2026-06-06 01:43:55,575 INFO [sb-052]                 Book.java:543  | Created scores: [{Score 1}]
2026-06-06 01:43:55,576 INFO [sb-052]       StepMonitoring.java:98   | HEADERS
2026-06-06 01:43:55,662 INFO [sb-052]       StepMonitoring.java:98   | STEM_SEEDS
2026-06-06 01:43:55,692 INFO [sb-052]        StemSeedsStep.java:86   | stem(4 max:5)
2026-06-06 01:43:55,699 INFO [sb-052]       StepMonitoring.java:98   | BEAMS
2026-06-06 01:43:58,319 INFO [sb-052]       StepMonitoring.java:98   | LEDGERS
2026-06-06 01:43:58,440 INFO [sb-052]       StepMonitoring.java:98   | HEADS
2026-06-06 01:44:02,104 INFO [sb-052]        HeadSeedTally.java:235  | Scale information: HeadSeeds{NOTEHEAD_VOID[R:-1.3] NOTEHEAD_BLACK[L:-0.8,R:-1.2]}
2026-06-06 01:44:02,104 INFO [sb-052]       StepMonitoring.java:98   | STEMS
2026-06-06 01:44:02,462 INFO [sb-052]       StepMonitoring.java:98   | REDUCTION
2026-06-06 01:44:02,485 INFO [sb-052]        ReductionStep.java:105  | Stems free length median value: 72 pixels, 3.3 interlines
2026-06-06 01:44:02,487 INFO [sb-052]       StepMonitoring.java:98   | CUE_BEAMS
2026-06-06 01:44:02,487 INFO [sb-052]         CueBeamsStep.java:81   | Step CUE_BEAMS is skipped because small heads switch is off
2026-06-06 01:44:02,487 INFO [sb-052]       StepMonitoring.java:98   | TEXTS
2026-06-06 01:44:02,549 WARN [sb-052]         TesseractOCR.java:335  | The collection of supported languages is empty
2026-06-06 01:44:02,549 INFO [sb-052]              OcrUtil.java:106  | Missing support for 'eng' language(s)
2026-06-06 01:44:02,550 INFO [sb-052]       StepMonitoring.java:98   | MEASURES
2026-06-06 01:44:02,550 INFO [sb-052]                 Page.java:307  | 47 raw measures: [14 in system#1, 12 in system#2, 7 in system#3, 14 in system#4]
2026-06-06 01:44:02,551 INFO [sb-052]       StepMonitoring.java:98   | CHORDS
2026-06-06 01:44:02,552 INFO [sb-052]       StepMonitoring.java:98   | CURVES
2026-06-06 01:44:02,906 INFO [sb-052]         SlursBuilder.java:240  | Slurs: 42
2026-06-06 01:44:02,909 INFO [sb-052]      SegmentsBuilder.java:155  | Segments: 27
2026-06-06 01:44:02,914 WARN [sb-052]         TesseractOCR.java:335  | The collection of supported languages is empty
2026-06-06 01:44:02,914 INFO [sb-052]              OcrUtil.java:106  | Missing support for 'eng' language(s)
2026-06-06 01:44:02,914 INFO [sb-052]    RehearsalsBuilder.java:199  | No text found in rehearsal enclosure java.awt.Rectangle[x=145,y=163,width=75,height=72]
2026-06-06 01:44:02,916 WARN [sb-052]         TesseractOCR.java:335  | The collection of supported languages is empty
2026-06-06 01:44:02,916 INFO [sb-052]              OcrUtil.java:106  | Missing support for 'eng' language(s)
2026-06-06 01:44:02,916 INFO [sb-052]    RehearsalsBuilder.java:199  | No text found in rehearsal enclosure java.awt.Rectangle[x=105,y=955,width=70,height=71]
2026-06-06 01:44:02,916 INFO [sb-052]       StepMonitoring.java:98   | SYMBOLS
2026-06-06 01:44:03,918 INFO [sb-052]       StepMonitoring.java:98   | LINKS
2026-06-06 01:44:03,919 INFO [sb-052]        SymbolsLinker.java:258  | No chord linked to OctaveShiftInter#5330{(0.131) staff:1 VENTIDUESIMA BASSA} at java.awt.Point[x=329,y=727]
2026-06-06 01:44:03,919 INFO [sb-052]        SymbolsLinker.java:258  | No chord linked to OctaveShiftInter#5429{(0.409) staff:1 OTTAVA BASSA} at java.awt.Point[x=2200,y=735]
2026-06-06 01:44:03,927 INFO [sb-052]        SymbolsLinker.java:258  | No chord linked to OctaveShiftInter#5581{(0.170) staff:3 VENTIDUESIMA BASSA} at java.awt.Point[x=1527,y=1582]
2026-06-06 01:44:03,934 INFO [sb-052]       StepMonitoring.java:98   | RHYTHMS
2026-06-06 01:44:03,936 INFO [sb-052]        MeasureRhythm.java:1044 | Measure{#7} No timeOffset for RestChordInter#5478{(0.674/0.674) staff:1 slot#4 dur:1/16}
2026-06-06 01:44:03,936 INFO [sb-052]          StackRhythm.java:224  | S1 MeasureStack#7 no correct rhythm
2026-06-06 01:44:03,936 INFO [sb-052]                Voice.java:257  | Measure{#8} Voice{#1 excess:1/8} too long
2026-06-06 01:44:03,936 INFO [sb-052]          StackRhythm.java:224  | S1 MeasureStack#8 no correct rhythm
2026-06-06 01:44:03,939 INFO [sb-052]        MeasureRhythm.java:1044 | Measure{#38} No timeOffset for HeadChordInter#4564{(0.915/0.915) slot#5 dur:1/4}
2026-06-06 01:44:03,940 INFO [sb-052]                Voice.java:257  | Measure{#38} Voice{#1 excess:1/8} too long
2026-06-06 01:44:03,940 INFO [sb-052]          StackRhythm.java:224  | S4 MeasureStack#38 no correct rhythm
2026-06-06 01:44:03,941 INFO [sb-052]       StepMonitoring.java:98   | PAGE
2026-06-06 01:44:03,941 INFO [sb-052]       SheetReduction.java:154  | Gutter. Different glyphs 3/4 OctaveShiftInter#5574{(0.741/0.741) staff:3 VENTIDUESIMA BASSA} vs SlurInter#4812{(0.421/0.865) SLUR_ABOVE}
2026-06-06 01:44:03,941 INFO [sb-052]                Voice.java:257  | Measure{#8} Voice{#1 excess:1/8} too long
2026-06-06 01:44:03,942 INFO [sb-052]                Voice.java:257  | Measure{#38} Voice{#1 excess:1/8} too long
2026-06-06 01:44:03,942 INFO [sb-052]                 Book.java:2584 | Book{sb-052} storing
2026-06-06 01:44:04,229 INFO [sb-052]                 Book.java:2565 | Stored /book.xml
2026-06-06 01:44:04,285 INFO [sb-052]           DataHolder.java:348  | Stored /sheet#1/BINARY.png
2026-06-06 01:44:04,521 INFO [sb-052]                Sheet.java:1583 | Stored /sheet#1/sheet#1.xml
2026-06-06 01:44:04,521 INFO [sb-052]                 Book.java:2525 | Book stored as omr/out/sb-052.omr
2026-06-06 01:44:04,522 INFO [sb-052]            SheetStub.java:1655 | Sheet disposed
2026-06-06 01:44:04,768 INFO [sb-052]                 Book.java:2050 | End of Stub#1
2026-06-06 01:44:04,768 INFO [sb-052]                 Book.java:2057 | End of Book{sb-052}
2026-06-06 01:44:04,940 INFO [sb-052]            SheetStub.java:1000 | Loaded /sheet#1/sheet#1.xml
2026-06-06 01:44:04,942 INFO [sb-052]      PartwiseBuilder.java:2706 | Exporting sheet(s): [#1]
2026-06-06 01:44:04,955 INFO [sb-052]        ScoreExporter.java:164  | Score sb-052 exported to omr/out/sb-052.mxl
2026-06-06 01:44:05,215 INFO [sb-052]                Score.java:181  | Closing {Score 1}
