2026-06-06 01:43:21,274 INFO [sb-049]                 Book.java:560  | 1 sheet in /home/runner/work/sambrass-tutor/sambrass-tutor/omr/input/sb-049.png
2026-06-06 01:43:21,508 INFO []                 Book.java:2565 | Stored /book.xml
2026-06-06 01:43:21,508 INFO []                 Book.java:2525 | Book stored as omr/out/sb-049.omr
2026-06-06 01:43:21,509 INFO []                 Book.java:1929 | Book reaching PAGE on sheets:[#1]
2026-06-06 01:43:21,509 INFO [sb-049]       StepMonitoring.java:98   | LOAD
2026-06-06 01:43:21,579 INFO [sb-049]            SheetStub.java:1278 | Loaded image #1 3175x1935 from /home/runner/work/sambrass-tutor/sambrass-tutor/omr/input/sb-049.png
2026-06-06 01:43:21,580 INFO [sb-049]            ImageUtil.java:124  | Converting max RGB to gray
2026-06-06 01:43:21,654 INFO [sb-049]       StepMonitoring.java:98   | BINARY
2026-06-06 01:43:21,892 INFO [sb-049]       StepMonitoring.java:98   | SCALE
2026-06-06 01:43:21,894 INFO [sb-049]         ScaleBuilder.java:255  | Beam  guessed height: 11 -- mid of [6..16]
2026-06-06 01:43:21,894 INFO [sb-049]         ScaleBuilder.java:271  | Beam measured height: 11 -- 0.50 of [6..16] range at 380% of needed quorum
2026-06-06 01:43:21,894 INFO [sb-049]         ScaleBuilder.java:401  | Normalized black jitter: 17.65 %
2026-06-06 01:43:21,895 INFO [sb-049]            ScaleStep.java:65   | Scale{ interline(16,17,18) line(3,4,6) beam(11)}
2026-06-06 01:43:21,895 INFO [sb-049]       StepMonitoring.java:98   | GRID
2026-06-06 01:43:22,021 INFO [sb-049]       LinesRetriever.java:1500 | Global slope: 0.00000
2026-06-06 01:43:22,027 INFO [sb-049]    ClustersRetriever.java:326  | Retrieved raw line clusters: 5 of sizes [5] with interline(16,17,18)
2026-06-06 01:43:22,112 INFO [sb-049]            PeakGraph.java:310  | Systems: #1[1] #2[2] #3[3] #4[4] #5[5]
2026-06-06 01:43:22,373 INFO [sb-049]        SystemManager.java:134  | Indentation detected for system #1
2026-06-06 01:43:22,373 INFO [sb-049]        SystemManager.java:779  | 1 part along 5 systems
2026-06-06 01:43:22,373 INFO [sb-049]                 Book.java:543  | Created scores: [{Score 1}]
2026-06-06 01:43:22,373 INFO [sb-049]       StepMonitoring.java:98   | HEADERS
2026-06-06 01:43:22,467 INFO [sb-049]       StepMonitoring.java:98   | STEM_SEEDS
2026-06-06 01:43:22,501 INFO [sb-049]        StemSeedsStep.java:86   | stem(4 max:6)
2026-06-06 01:43:22,516 INFO [sb-049]       StepMonitoring.java:98   | BEAMS
2026-06-06 01:43:24,524 INFO [sb-049]       StepMonitoring.java:98   | LEDGERS
2026-06-06 01:43:24,844 INFO [sb-049]       StepMonitoring.java:98   | HEADS
2026-06-06 01:43:28,201 INFO [sb-049]        HeadSeedTally.java:235  | Scale information: HeadSeeds{NOTEHEAD_VOID[L:-0.9] NOTEHEAD_BLACK[L:-0.3,R:-1.3]}
2026-06-06 01:43:28,201 INFO [sb-049]       StepMonitoring.java:98   | STEMS
2026-06-06 01:43:29,292 INFO [sb-049]       StepMonitoring.java:98   | REDUCTION
2026-06-06 01:43:29,342 INFO [sb-049]        ReductionStep.java:105  | Stems free length median value: 58 pixels, 3.4 interlines
2026-06-06 01:43:29,344 INFO [sb-049]       StepMonitoring.java:98   | CUE_BEAMS
2026-06-06 01:43:29,344 INFO [sb-049]         CueBeamsStep.java:81   | Step CUE_BEAMS is skipped because small heads switch is off
2026-06-06 01:43:29,344 INFO [sb-049]       StepMonitoring.java:98   | TEXTS
2026-06-06 01:43:29,411 WARN [sb-049]         TesseractOCR.java:335  | The collection of supported languages is empty
2026-06-06 01:43:29,411 INFO [sb-049]              OcrUtil.java:106  | Missing support for 'eng' language(s)
2026-06-06 01:43:29,413 INFO [sb-049]       StepMonitoring.java:98   | MEASURES
2026-06-06 01:43:29,414 INFO [sb-049]                 Page.java:307  | 38 raw measures: [7 in system#1, 10 in system#2, 6 in system#3, 10 in system#4, 5 in system#5]
2026-06-06 01:43:29,414 INFO [sb-049]       StepMonitoring.java:98   | CHORDS
2026-06-06 01:43:29,417 INFO [sb-049]       StepMonitoring.java:98   | CURVES
2026-06-06 01:43:29,952 INFO [sb-049]         SlursBuilder.java:240  | Slurs: 15
2026-06-06 01:43:29,959 INFO [sb-049]      SegmentsBuilder.java:155  | Segments: 85
2026-06-06 01:43:29,964 WARN [sb-049]         TesseractOCR.java:335  | The collection of supported languages is empty
2026-06-06 01:43:29,964 INFO [sb-049]              OcrUtil.java:106  | Missing support for 'eng' language(s)
2026-06-06 01:43:29,964 INFO [sb-049]    RehearsalsBuilder.java:199  | No text found in rehearsal enclosure java.awt.Rectangle[x=229,y=122,width=61,height=55]
2026-06-06 01:43:29,966 WARN [sb-049]         TesseractOCR.java:335  | The collection of supported languages is empty
2026-06-06 01:43:29,966 INFO [sb-049]              OcrUtil.java:106  | Missing support for 'eng' language(s)
2026-06-06 01:43:29,966 INFO [sb-049]    RehearsalsBuilder.java:199  | No text found in rehearsal enclosure java.awt.Rectangle[x=1485,y=359,width=56,height=54]
2026-06-06 01:43:29,968 WARN [sb-049]         TesseractOCR.java:335  | The collection of supported languages is empty
2026-06-06 01:43:29,968 INFO [sb-049]              OcrUtil.java:106  | Missing support for 'eng' language(s)
2026-06-06 01:43:29,968 INFO [sb-049]    RehearsalsBuilder.java:199  | No text found in rehearsal enclosure java.awt.Rectangle[x=99,y=1167,width=155,height=51]
2026-06-06 01:43:29,970 WARN [sb-049]         TesseractOCR.java:335  | The collection of supported languages is empty
2026-06-06 01:43:29,970 INFO [sb-049]              OcrUtil.java:106  | Missing support for 'eng' language(s)
2026-06-06 01:43:29,970 INFO [sb-049]    RehearsalsBuilder.java:199  | No text found in rehearsal enclosure java.awt.Rectangle[x=1488,y=1176,width=57,height=56]
2026-06-06 01:43:29,971 INFO [sb-049]       StepMonitoring.java:98   | SYMBOLS
2026-06-06 01:43:31,407 INFO [sb-049]       StepMonitoring.java:98   | LINKS
2026-06-06 01:43:31,412 INFO [sb-049]        SymbolsLinker.java:258  | No chord linked to OctaveShiftInter#10829{(0.744) staff:2 OTTAVA ALTA} at java.awt.Point[x=58,y=561]
2026-06-06 01:43:31,418 INFO [sb-049]        SymbolsLinker.java:258  | No chord linked to OctaveShiftInter#10923{(0.552) staff:3 VENTIDUESIMA BASSA} at java.awt.Point[x=68,y=1310]
2026-06-06 01:43:31,418 INFO [sb-049]        SymbolsLinker.java:258  | No chord linked to OctaveShiftInter#10984{(0.338) staff:3 VENTIDUESIMA BASSA} at java.awt.Point[x=1746,y=1230]
2026-06-06 01:43:31,423 INFO [sb-049]        SymbolsLinker.java:258  | No chord linked to OctaveShiftInter#11040{(0.552) staff:4 VENTIDUESIMA ALTA} at java.awt.Point[x=68,y=1310]
2026-06-06 01:43:31,423 INFO [sb-049]        SymbolsLinker.java:258  | No chord linked to OctaveShiftInter#11042{(0.187) staff:4 VENTIDUESIMA BASSA} at java.awt.Point[x=67,y=1685]
2026-06-06 01:43:31,424 INFO [sb-049]        SymbolsLinker.java:258  | No chord linked to OctaveShiftInter#11177{(0.338) staff:4 VENTIDUESIMA ALTA} at java.awt.Point[x=1746,y=1230]
2026-06-06 01:43:31,430 INFO [sb-049]        SymbolsLinker.java:258  | No chord linked to OctaveShiftInter#11234{(0.187) staff:5 VENTIDUESIMA ALTA} at java.awt.Point[x=67,y=1685]
2026-06-06 01:43:31,434 INFO [sb-049]       StepMonitoring.java:98   | RHYTHMS
2026-06-06 01:43:31,436 INFO [sb-049]                Voice.java:257  | Measure{#3} Voice{#1 excess:1/8} too long
2026-06-06 01:43:31,436 INFO [sb-049]          StackRhythm.java:224  | S1 MeasureStack#3 no correct rhythm
2026-06-06 01:43:31,436 INFO [sb-049]                Voice.java:257  | Measure{#4} Voice{#1 excess:3/8} too long
2026-06-06 01:43:31,436 INFO [sb-049]          StackRhythm.java:224  | S1 MeasureStack#4 no correct rhythm
2026-06-06 01:43:31,437 INFO [sb-049]        MeasureRhythm.java:1044 | Measure{#7} No timeOffset for HeadChordInter#8749{(0.947/0.947) staff:1 slot#3 dur:1/12}
2026-06-06 01:43:31,438 INFO [sb-049]   AbstractChordInter.java:627  | Measure{#7} No timeOffset for HeadChordInter#8751{(0.926/0.926) staff:1 slot#5 dur:1/12}
2026-06-06 01:43:31,438 INFO [sb-049]   AbstractChordInter.java:627  | Measure{#7} No timeOffset for HeadChordInter#8752{(0.751/0.751) staff:1 slot#6 dur:1/3}
2026-06-06 01:43:31,438 INFO [sb-049]                Voice.java:257  | Measure{#7} Voice{#1 excess:1/4} too long
2026-06-06 01:43:31,438 INFO [sb-049]          StackRhythm.java:224  | S1 MeasureStack#7 no correct rhythm
2026-06-06 01:43:31,439 INFO [sb-049]                Voice.java:257  | Measure{#11} Voice{#1 excess:1/8} too long
2026-06-06 01:43:31,439 INFO [sb-049]          StackRhythm.java:224  | S2 MeasureStack#11 no correct rhythm
2026-06-06 01:43:31,441 INFO [sb-049]        MeasureRhythm.java:1044 | Measure{#15} No timeOffset for RestChordInter#10914{(0.788/0.788) staff:2 slot#4 dur:1/8}
2026-06-06 01:43:31,441 INFO [sb-049]   AbstractChordInter.java:627  | Measure{#15} No timeOffset for RestChordInter#10914{(0.788/0.788) staff:2 slot#4 dur:1/8}
2026-06-06 01:43:31,441 INFO [sb-049]   AbstractChordInter.java:627  | Measure{#15} No timeOffset for HeadChordInter#8794{(0.948/0.948) staff:2 slot#6 dur:1/8}
2026-06-06 01:43:31,441 INFO [sb-049]          StackRhythm.java:224  | S2 MeasureStack#15 no correct rhythm
2026-06-06 01:43:31,442 INFO [sb-049]        MeasureRhythm.java:1044 | Measure{#16} No timeOffset for HeadChordInter#8800{(0.940/0.940) staff:2 slot#5 dur:1/12}
2026-06-06 01:43:31,442 INFO [sb-049]   AbstractChordInter.java:627  | Measure{#16} No timeOffset for HeadChordInter#8802{(0.943/0.943) staff:2 slot#7 dur:1/12}
2026-06-06 01:43:31,442 INFO [sb-049]          StackRhythm.java:224  | S2 MeasureStack#16 no correct rhythm
2026-06-06 01:43:31,442 INFO [sb-049]        MeasureRhythm.java:1044 | Measure{#17} No timeOffset for HeadChordInter#8811{(0.949/0.949) staff:2 slot#8 dur:1/4}
2026-06-06 01:43:31,443 INFO [sb-049]                Voice.java:257  | Measure{#17} Voice{#1 excess:1/8} too long
2026-06-06 01:43:31,443 INFO [sb-049]          StackRhythm.java:224  | S2 MeasureStack#17 no correct rhythm
2026-06-06 01:43:31,444 INFO [sb-049]                Voice.java:257  | Measure{#20} Voice{#1 excess:1/8} too long
2026-06-06 01:43:31,444 INFO [sb-049]          StackRhythm.java:224  | S3 MeasureStack#20 no correct rhythm
2026-06-06 01:43:31,445 INFO [sb-049]                Voice.java:257  | Measure{#22} Voice{#1 excess:1/8} too long
2026-06-06 01:43:31,445 INFO [sb-049]          StackRhythm.java:224  | S3 MeasureStack#22 no correct rhythm
2026-06-06 01:43:31,446 INFO [sb-049]                Voice.java:257  | Measure{#27} Voice{#1 excess:1/8} too long
2026-06-06 01:43:31,446 INFO [sb-049]          StackRhythm.java:224  | S4 MeasureStack#27 no correct rhythm
2026-06-06 01:43:31,447 INFO [sb-049]                Voice.java:257  | Measure{#29} Voice{#1 excess:1/8} too long
2026-06-06 01:43:31,447 INFO [sb-049]          StackRhythm.java:224  | S4 MeasureStack#29 no correct rhythm
2026-06-06 01:43:31,448 INFO [sb-049]        MeasureRhythm.java:1044 | Measure{#30} No timeOffset for HeadChordInter#8903{(0.945/0.945) staff:4 slot#10 dur:1/4}
2026-06-06 01:43:31,448 INFO [sb-049]   AbstractChordInter.java:627  | Measure{#30} No timeOffset for HeadChordInter#8903{(0.945/0.945) staff:4 slot#10 dur:1/4}
2026-06-06 01:43:31,448 INFO [sb-049]                Voice.java:257  | Measure{#30} Voice{#1 excess:1/8} too long
2026-06-06 01:43:31,448 INFO [sb-049]          StackRhythm.java:224  | S4 MeasureStack#30 no correct rhythm
2026-06-06 01:43:31,449 INFO [sb-049]        MeasureRhythm.java:1044 | Measure{#31} No timeOffset for HeadChordInter#8910{(0.952/0.952) staff:4 slot#8 dur:1/12}
2026-06-06 01:43:31,449 INFO [sb-049]          StackRhythm.java:224  | S4 MeasureStack#31 no correct rhythm
2026-06-06 01:43:31,451 INFO [sb-049]        MeasureRhythm.java:1044 | Measure{#34} No timeOffset for HeadChordInter#8928{(0.938/0.938) staff:5 slot#9 dur:1/4}
2026-06-06 01:43:31,451 INFO [sb-049]   AbstractChordInter.java:627  | Measure{#34} No timeOffset for HeadChordInter#8928{(0.938/0.938) staff:5 slot#9 dur:1/4}
2026-06-06 01:43:31,451 INFO [sb-049]   AbstractChordInter.java:627  | Measure{#34} No timeOffset for HeadChordInter#8929{(0.903/0.903) staff:5 slot#10 dur:1/4}
2026-06-06 01:43:31,451 INFO [sb-049]   AbstractChordInter.java:627  | Measure{#34} No timeOffset for HeadChordInter#8930{(0.543/0.543) staff:5 slot#11 dur:1/2}
2026-06-06 01:43:31,451 INFO [sb-049]   AbstractChordInter.java:627  | Measure{#34} No timeOffset for HeadChordInter#8931{(0.884/0.884) staff:5 slot#12 dur:1/4}
2026-06-06 01:43:31,451 INFO [sb-049]   AbstractChordInter.java:627  | Measure{#34} No timeOffset for RestChordInter#11272{(0.795/0.795) staff:5 slot#13 dur:1/12}
2026-06-06 01:43:31,451 INFO [sb-049]   AbstractChordInter.java:627  | Measure{#34} No timeOffset for HeadChordInter#8933{(0.950/0.950) staff:5 slot#15 dur:1/12}
2026-06-06 01:43:31,451 INFO [sb-049]   AbstractChordInter.java:627  | Measure{#34} No timeOffset for HeadChordInter#8936{(0.944/0.944) staff:5 slot#18 dur:1/16}
2026-06-06 01:43:31,451 INFO [sb-049]          StackRhythm.java:224  | S5 MeasureStack#34 no correct rhythm
2026-06-06 01:43:31,452 INFO [sb-049]        MeasureRhythm.java:1044 | Measure{#35} No timeOffset for RestChordInter#11274{(0.800/0.800) staff:5 slot#9 dur:1/16}
2026-06-06 01:43:31,452 INFO [sb-049]   AbstractChordInter.java:627  | Measure{#35} No timeOffset for RestChordInter#11274{(0.800/0.800) staff:5 slot#9 dur:1/16}
2026-06-06 01:43:31,452 INFO [sb-049]   AbstractChordInter.java:627  | Measure{#35} No timeOffset for HeadChordInter#8948{(0.953/0.953) staff:5 slot#11 dur:1/8}
2026-06-06 01:43:31,453 INFO [sb-049]          StackRhythm.java:224  | S5 MeasureStack#35 no correct rhythm
2026-06-06 01:43:31,453 INFO [sb-049]                Voice.java:257  | Measure{#37} Voice{#1 excess:1/8} too long
2026-06-06 01:43:31,454 INFO [sb-049]          StackRhythm.java:224  | S5 MeasureStack#37 no correct rhythm
2026-06-06 01:43:31,454 INFO [sb-049]       StepMonitoring.java:98   | PAGE
2026-06-06 01:43:31,455 INFO [sb-049]       SheetReduction.java:154  | Gutter. Different glyphs 2/3 DynamicsInter#10840{(0.414/0.701) DYNAMICS_SF} vs OctaveShiftInter#10935{(0.513/0.513) staff:3 QUINDICESIMA ALTA}
2026-06-06 01:43:31,455 INFO [sb-049]                Voice.java:257  | Measure{#3} Voice{#1 excess:1/8} too long
2026-06-06 01:43:31,455 INFO [sb-049]                Voice.java:257  | Measure{#4} Voice{#1 excess:3/8} too long
2026-06-06 01:43:31,455 INFO [sb-049]                Voice.java:257  | Measure{#7} Voice{#1 excess:1/4} too long
2026-06-06 01:43:31,456 INFO [sb-049]                Voice.java:257  | Measure{#11} Voice{#1 excess:1/8} too long
2026-06-06 01:43:31,456 INFO [sb-049]                Voice.java:257  | Measure{#17} Voice{#1 excess:1/8} too long
2026-06-06 01:43:31,456 INFO [sb-049]                Voice.java:257  | Measure{#20} Voice{#1 excess:1/8} too long
2026-06-06 01:43:31,456 INFO [sb-049]                Voice.java:257  | Measure{#22} Voice{#1 excess:1/8} too long
2026-06-06 01:43:31,456 INFO [sb-049]                Voice.java:257  | Measure{#27} Voice{#1 excess:1/8} too long
2026-06-06 01:43:31,456 INFO [sb-049]                Voice.java:257  | Measure{#29} Voice{#1 excess:1/8} too long
2026-06-06 01:43:31,456 INFO [sb-049]                Voice.java:257  | Measure{#30} Voice{#1 excess:1/8} too long
2026-06-06 01:43:31,456 INFO [sb-049]                Voice.java:257  | Measure{#37} Voice{#1 excess:1/8} too long
2026-06-06 01:43:31,456 INFO [sb-049]                 Book.java:2584 | Book{sb-049} storing
2026-06-06 01:43:31,756 INFO [sb-049]                 Book.java:2565 | Stored /book.xml
2026-06-06 01:43:31,810 INFO [sb-049]           DataHolder.java:348  | Stored /sheet#1/BINARY.png
2026-06-06 01:43:32,136 INFO [sb-049]                Sheet.java:1583 | Stored /sheet#1/sheet#1.xml
2026-06-06 01:43:32,136 INFO [sb-049]                 Book.java:2525 | Book stored as omr/out/sb-049.omr
2026-06-06 01:43:32,137 INFO [sb-049]            SheetStub.java:1655 | Sheet disposed
2026-06-06 01:43:32,369 INFO [sb-049]                 Book.java:2050 | End of Stub#1
2026-06-06 01:43:32,369 INFO [sb-049]                 Book.java:2057 | End of Book{sb-049}
2026-06-06 01:43:32,651 INFO [sb-049]            SheetStub.java:1000 | Loaded /sheet#1/sheet#1.xml
2026-06-06 01:43:32,652 INFO [sb-049]      PartwiseBuilder.java:2706 | Exporting sheet(s): [#1]
2026-06-06 01:43:32,667 INFO [sb-049]        ScoreExporter.java:164  | Score sb-049 exported to omr/out/sb-049.mxl
2026-06-06 01:43:32,917 INFO [sb-049]                Score.java:181  | Closing {Score 1}
