2026-06-06 01:35:11,047 INFO [sb-007]                 Book.java:560  | 1 sheet in /home/runner/work/sambrass-tutor/sambrass-tutor/omr/input/sb-007.png
2026-06-06 01:35:11,099 INFO []                 Book.java:2565 | Stored /book.xml
2026-06-06 01:35:11,099 INFO []                 Book.java:2525 | Book stored as omr/out/sb-007.omr
2026-06-06 01:35:11,100 INFO []                 Book.java:1929 | Book reaching PAGE on sheets:[#1]
2026-06-06 01:35:11,100 INFO [sb-007]       StepMonitoring.java:98   | LOAD
2026-06-06 01:35:11,167 INFO [sb-007]            SheetStub.java:1278 | Loaded image #1 3175x1935 from /home/runner/work/sambrass-tutor/sambrass-tutor/omr/input/sb-007.png
2026-06-06 01:35:11,167 INFO [sb-007]            ImageUtil.java:124  | Converting max RGB to gray
2026-06-06 01:35:11,248 INFO [sb-007]       StepMonitoring.java:98   | BINARY
2026-06-06 01:35:11,479 INFO [sb-007]       StepMonitoring.java:98   | SCALE
2026-06-06 01:35:11,480 INFO [sb-007]         ScaleBuilder.java:255  | Beam  guessed height: 17 -- mid of [8..26]
2026-06-06 01:35:11,480 INFO [sb-007]         ScaleBuilder.java:271  | Beam measured height: 16 -- 0.44 of [8..26] range at 283% of needed quorum
2026-06-06 01:35:11,480 INFO [sb-007]         ScaleBuilder.java:401  | Normalized black jitter: 3.57 %
2026-06-06 01:35:11,481 INFO [sb-007]            ScaleStep.java:65   | Scale{ interline(28,28,29) line(4,4,5) beam(16)}
2026-06-06 01:35:11,481 INFO [sb-007]       StepMonitoring.java:98   | GRID
2026-06-06 01:35:11,550 INFO [sb-007]       LinesRetriever.java:1500 | Global slope: 0.00000
2026-06-06 01:35:11,554 INFO [sb-007]    ClustersRetriever.java:326  | Retrieved raw line clusters: 4 of sizes [5] with interline(28,28,29)
2026-06-06 01:35:11,575 INFO [sb-007]            PeakGraph.java:310  | Systems: #1[1] #2[2] #3[3] #4[4]
2026-06-06 01:35:11,690 INFO [sb-007]        SystemManager.java:779  | 1 part along 4 systems
2026-06-06 01:35:11,690 INFO [sb-007]                 Book.java:543  | Created scores: [{Score 1}]
2026-06-06 01:35:11,690 INFO [sb-007]       StepMonitoring.java:98   | HEADERS
2026-06-06 01:35:11,802 INFO [sb-007]       StepMonitoring.java:98   | STEM_SEEDS
2026-06-06 01:35:11,833 INFO [sb-007]        StemSeedsStep.java:86   | stem(6 max:8)
2026-06-06 01:35:11,841 INFO [sb-007]       StepMonitoring.java:98   | BEAMS
2026-06-06 01:35:15,817 INFO [sb-007]       StepMonitoring.java:98   | LEDGERS
2026-06-06 01:35:15,890 INFO [sb-007]       StepMonitoring.java:98   | HEADS
2026-06-06 01:35:21,513 INFO [sb-007]        HeadSeedTally.java:235  | Scale information: HeadSeeds{NOTEHEAD_BLACK[L:-1.2,R:-1.6]}
2026-06-06 01:35:21,513 INFO [sb-007]       StepMonitoring.java:98   | STEMS
2026-06-06 01:35:21,706 INFO [sb-007]       StepMonitoring.java:98   | REDUCTION
2026-06-06 01:35:21,732 INFO [sb-007]        ReductionStep.java:105  | Stems free length median value: 99 pixels, 3.5 interlines
2026-06-06 01:35:21,734 INFO [sb-007]       StepMonitoring.java:98   | CUE_BEAMS
2026-06-06 01:35:21,734 INFO [sb-007]         CueBeamsStep.java:81   | Step CUE_BEAMS is skipped because small heads switch is off
2026-06-06 01:35:21,734 INFO [sb-007]       StepMonitoring.java:98   | TEXTS
2026-06-06 01:35:21,819 WARN [sb-007]         TesseractOCR.java:335  | The collection of supported languages is empty
2026-06-06 01:35:21,820 INFO [sb-007]              OcrUtil.java:106  | Missing support for 'eng' language(s)
2026-06-06 01:35:21,821 INFO [sb-007]       StepMonitoring.java:98   | MEASURES
2026-06-06 01:35:21,822 INFO [sb-007]                 Page.java:307  | 35 raw measures: [10 in system#1, 8 in system#2, 9 in system#3, 8 in system#4]
2026-06-06 01:35:21,823 INFO [sb-007]       StepMonitoring.java:98   | CHORDS
2026-06-06 01:35:21,824 INFO [sb-007]       StepMonitoring.java:98   | CURVES
2026-06-06 01:35:22,205 INFO [sb-007]         SlursBuilder.java:240  | Slurs: 19
2026-06-06 01:35:22,206 INFO [sb-007]      SegmentsBuilder.java:155  | Segments: 8
2026-06-06 01:35:22,211 WARN [sb-007]         TesseractOCR.java:335  | The collection of supported languages is empty
2026-06-06 01:35:22,211 INFO [sb-007]              OcrUtil.java:106  | Missing support for 'eng' language(s)
2026-06-06 01:35:22,211 INFO [sb-007]    RehearsalsBuilder.java:199  | No text found in rehearsal enclosure java.awt.Rectangle[x=752,y=1014,width=83,height=80]
2026-06-06 01:35:22,211 INFO [sb-007]       StepMonitoring.java:98   | SYMBOLS
2026-06-06 01:35:22,827 INFO [sb-007]       StepMonitoring.java:98   | LINKS
2026-06-06 01:35:22,838 INFO [sb-007]       StepMonitoring.java:98   | RHYTHMS
2026-06-06 01:35:22,845 INFO [sb-007]                Voice.java:257  | Measure{#28} Voice{#1 excess:1/8} too long
2026-06-06 01:35:22,845 INFO [sb-007]          StackRhythm.java:224  | S4 MeasureStack#28 no correct rhythm
2026-06-06 01:35:22,847 INFO [sb-007]       StepMonitoring.java:98   | PAGE
2026-06-06 01:35:22,848 INFO [sb-007]                Voice.java:257  | Measure{#28} Voice{#1 excess:1/8} too long
2026-06-06 01:35:22,848 INFO [sb-007]                 Book.java:2584 | Book{sb-007} storing
2026-06-06 01:35:22,919 INFO [sb-007]                 Book.java:2565 | Stored /book.xml
2026-06-06 01:35:22,975 INFO [sb-007]           DataHolder.java:348  | Stored /sheet#1/BINARY.png
2026-06-06 01:35:23,140 INFO [sb-007]                Sheet.java:1583 | Stored /sheet#1/sheet#1.xml
2026-06-06 01:35:23,140 INFO [sb-007]                 Book.java:2525 | Book stored as omr/out/sb-007.omr
2026-06-06 01:35:23,141 INFO [sb-007]            SheetStub.java:1655 | Sheet disposed
2026-06-06 01:35:23,192 INFO [sb-007]                 Book.java:2050 | End of Stub#1
2026-06-06 01:35:23,192 INFO [sb-007]                 Book.java:2057 | End of Book{sb-007}
2026-06-06 01:35:23,369 INFO [sb-007]            SheetStub.java:1000 | Loaded /sheet#1/sheet#1.xml
2026-06-06 01:35:23,370 INFO [sb-007]      PartwiseBuilder.java:2706 | Exporting sheet(s): [#1]
2026-06-06 01:35:23,380 INFO [sb-007]        ScoreExporter.java:164  | Score sb-007 exported to omr/out/sb-007.mxl
2026-06-06 01:35:23,441 INFO [sb-007]                Score.java:181  | Closing {Score 1}
