2026-06-06 01:35:23,498 INFO [sb-008]                 Book.java:560  | 1 sheet in /home/runner/work/sambrass-tutor/sambrass-tutor/omr/input/sb-008.png
2026-06-06 01:35:23,554 INFO []                 Book.java:2565 | Stored /book.xml
2026-06-06 01:35:23,555 INFO []                 Book.java:2525 | Book stored as omr/out/sb-008.omr
2026-06-06 01:35:23,556 INFO []                 Book.java:1929 | Book reaching PAGE on sheets:[#1]
2026-06-06 01:35:23,556 INFO [sb-008]       StepMonitoring.java:98   | LOAD
2026-06-06 01:35:23,632 INFO [sb-008]            SheetStub.java:1278 | Loaded image #1 3175x1935 from /home/runner/work/sambrass-tutor/sambrass-tutor/omr/input/sb-008.png
2026-06-06 01:35:23,632 INFO [sb-008]            ImageUtil.java:124  | Converting max RGB to gray
2026-06-06 01:35:23,707 INFO [sb-008]       StepMonitoring.java:98   | BINARY
2026-06-06 01:35:23,938 INFO [sb-008]       StepMonitoring.java:98   | SCALE
2026-06-06 01:35:23,940 INFO [sb-008]         ScaleBuilder.java:255  | Beam  guessed height: 13 -- mid of [6..21]
2026-06-06 01:35:23,940 INFO [sb-008]         ScaleBuilder.java:271  | Beam measured height:  7 -- 0.07 of [6..21] range at 396% of needed quorum
2026-06-06 01:35:23,940 INFO [sb-008]         ScaleBuilder.java:401  | Normalized black jitter: 13.64 %
2026-06-06 01:35:23,940 INFO [sb-008]            ScaleStep.java:65   | Scale{ interline(21,22,22) line(3,4,6) beam(7)}
2026-06-06 01:35:23,940 INFO [sb-008]       StepMonitoring.java:98   | GRID
2026-06-06 01:35:24,033 INFO [sb-008]       LinesRetriever.java:1500 | Global slope: 0.00000
2026-06-06 01:35:24,039 INFO [sb-008]    ClustersRetriever.java:326  | Retrieved raw line clusters: 4 of sizes [5] with interline(21,22,22)
2026-06-06 01:35:24,098 INFO [sb-008]            PeakGraph.java:310  | Systems: #1[1] #2[2] #3[3] #4[4]
2026-06-06 01:35:24,099 WARN [sb-008]       StaffProjector.java:341  | Staff#1 no clear end on LEFT
2026-06-06 01:35:24,099 WARN [sb-008]       StaffProjector.java:341  | Staff#2 no clear end on LEFT
2026-06-06 01:35:24,099 WARN [sb-008]       StaffProjector.java:341  | Staff#3 no clear end on LEFT
2026-06-06 01:35:24,099 WARN [sb-008]       StaffProjector.java:341  | Staff#4 no clear end on LEFT
2026-06-06 01:35:24,274 INFO [sb-008]        SystemManager.java:779  | 1 part along 4 systems
2026-06-06 01:35:24,274 INFO [sb-008]                 Book.java:543  | Created scores: [{Score 1}]
2026-06-06 01:35:24,274 INFO [sb-008]       StepMonitoring.java:98   | HEADERS
2026-06-06 01:35:24,375 INFO [sb-008]       StepMonitoring.java:98   | STEM_SEEDS
2026-06-06 01:35:24,408 INFO [sb-008]        StemSeedsStep.java:86   | stem(5 max:6)
2026-06-06 01:35:24,422 INFO [sb-008]       StepMonitoring.java:98   | BEAMS
2026-06-06 01:35:25,702 INFO [sb-008]       StepMonitoring.java:98   | LEDGERS
2026-06-06 01:35:25,853 INFO [sb-008]       StepMonitoring.java:98   | HEADS
2026-06-06 01:35:30,330 INFO [sb-008]        HeadSeedTally.java:235  | Scale information: HeadSeeds{NOTEHEAD_BLACK[L:-1.3,R:-1.6]}
2026-06-06 01:35:30,331 INFO [sb-008]       StepMonitoring.java:98   | STEMS
2026-06-06 01:35:31,064 INFO [sb-008]       StepMonitoring.java:98   | REDUCTION
2026-06-06 01:35:31,120 INFO [sb-008]        ReductionStep.java:105  | Stems free length median value: 74 pixels, 3.4 interlines
2026-06-06 01:35:31,122 INFO [sb-008]       StepMonitoring.java:98   | CUE_BEAMS
2026-06-06 01:35:31,123 INFO [sb-008]         CueBeamsStep.java:81   | Step CUE_BEAMS is skipped because small heads switch is off
2026-06-06 01:35:31,123 INFO [sb-008]       StepMonitoring.java:98   | TEXTS
2026-06-06 01:35:31,191 WARN [sb-008]         TesseractOCR.java:335  | The collection of supported languages is empty
2026-06-06 01:35:31,191 INFO [sb-008]              OcrUtil.java:106  | Missing support for 'eng' language(s)
2026-06-06 01:35:31,193 INFO [sb-008]       StepMonitoring.java:98   | MEASURES
2026-06-06 01:35:31,194 INFO [sb-008]                 Page.java:307  | 33 raw measures: [8 in system#1, 8 in system#2, 9 in system#3, 8 in system#4]
2026-06-06 01:35:31,194 INFO [sb-008]       StepMonitoring.java:98   | CHORDS
2026-06-06 01:35:31,196 INFO [sb-008]       StepMonitoring.java:98   | CURVES
2026-06-06 01:35:31,614 INFO [sb-008]         SlursBuilder.java:240  | Slurs: 26
2026-06-06 01:35:31,635 INFO [sb-008]      SegmentsBuilder.java:155  | Segments: 25
2026-06-06 01:35:31,640 WARN [sb-008]         TesseractOCR.java:335  | The collection of supported languages is empty
2026-06-06 01:35:31,640 INFO [sb-008]              OcrUtil.java:106  | Missing support for 'eng' language(s)
2026-06-06 01:35:31,640 INFO [sb-008]    RehearsalsBuilder.java:199  | No text found in rehearsal enclosure java.awt.Rectangle[x=83,y=1007,width=64,height=68]
2026-06-06 01:35:31,641 INFO [sb-008]       StepMonitoring.java:98   | SYMBOLS
2026-06-06 01:35:32,857 INFO [sb-008]       StepMonitoring.java:98   | LINKS
2026-06-06 01:35:32,866 INFO [sb-008]        SymbolsLinker.java:258  | No chord linked to OctaveShiftInter#8765{(0.180) staff:3 OTTAVA BASSA} at java.awt.Point[x=884,y=1387]
2026-06-06 01:35:32,873 INFO [sb-008]       StepMonitoring.java:98   | RHYTHMS
2026-06-06 01:35:32,874 INFO [sb-008]        MeasureRhythm.java:1044 | Measure{#1} No timeOffset for HeadChordInter#7327{(0.944/0.944) staff:1 slot#5 dur:1/4}
2026-06-06 01:35:32,874 INFO [sb-008]                Voice.java:257  | Measure{#1} Voice{#1 excess:1/8} too long
2026-06-06 01:35:32,874 INFO [sb-008]          StackRhythm.java:224  | S1 MeasureStack#1 no correct rhythm
2026-06-06 01:35:32,875 INFO [sb-008]        MeasureRhythm.java:1044 | Measure{#2} No timeOffset for HeadChordInter#7334{(0.951/0.951) staff:1 slot#7 dur:1/4}
2026-06-06 01:35:32,875 INFO [sb-008]   AbstractChordInter.java:627  | Measure{#2} No timeOffset for HeadChordInter#7334{(0.951/0.951) staff:1 slot#7 dur:1/4}
2026-06-06 01:35:32,875 INFO [sb-008]   AbstractChordInter.java:627  | Measure{#2} No timeOffset for HeadChordInter#7335{(0.946/0.946) staff:1 slot#8 dur:1/4}
2026-06-06 01:35:32,875 INFO [sb-008]                Voice.java:257  | Measure{#2} Voice{#1 excess:3/8} too long
2026-06-06 01:35:32,875 INFO [sb-008]          StackRhythm.java:224  | S1 MeasureStack#2 no correct rhythm
2026-06-06 01:35:32,876 INFO [sb-008]        MeasureRhythm.java:1044 | Measure{#3} No timeOffset for HeadChordInter#7343{(0.918/0.918) staff:1 slot#7 dur:1/6}
2026-06-06 01:35:32,876 INFO [sb-008]                Voice.java:257  | Measure{#3} Voice{#1 excess:1/12} too long
2026-06-06 01:35:32,876 INFO [sb-008]          StackRhythm.java:224  | S1 MeasureStack#3 no correct rhythm
2026-06-06 01:35:32,877 INFO [sb-008]        MeasureRhythm.java:1044 | Measure{#4} No timeOffset for HeadChordInter#7349{(0.947/0.947) staff:1 slot#5 dur:1/4}
2026-06-06 01:35:32,877 INFO [sb-008]   AbstractChordInter.java:627  | Measure{#4} No timeOffset for HeadChordInter#7349{(0.947/0.947) staff:1 slot#5 dur:1/4}
2026-06-06 01:35:32,877 INFO [sb-008]                Voice.java:257  | Measure{#4} Voice{#2 excess:1/4} too long
2026-06-06 01:35:32,877 INFO [sb-008]          StackRhythm.java:224  | S1 MeasureStack#4 no correct rhythm
2026-06-06 01:35:32,878 INFO [sb-008]        MeasureRhythm.java:1044 | Measure{#5} No timeOffset for HeadChordInter#7355{(0.932/0.932) staff:1 slot#5 dur:1/4}
2026-06-06 01:35:32,878 INFO [sb-008]   AbstractChordInter.java:627  | Measure{#5} No timeOffset for HeadChordInter#7355{(0.932/0.932) staff:1 slot#5 dur:1/4}
2026-06-06 01:35:32,878 INFO [sb-008]   AbstractChordInter.java:627  | Measure{#5} No timeOffset for HeadChordInter#7356{(0.943/0.943) staff:1 slot#6 dur:1/4}
2026-06-06 01:35:32,878 INFO [sb-008]        MeasureRhythm.java:1044 | Measure{#5} No timeOffset for HeadChordInter#7357{(0.888/0.888) staff:1 slot#7 dur:1/4}
2026-06-06 01:35:32,878 INFO [sb-008]   AbstractChordInter.java:627  | Measure{#5} No timeOffset for RestChordInter#8674{(0.573/0.573) staff:1 slot#7 dur:1/8}
2026-06-06 01:35:32,878 INFO [sb-008]   AbstractChordInter.java:627  | Measure{#5} No timeOffset for HeadChordInter#7357{(0.888/0.888) staff:1 slot#7 dur:1/4}
2026-06-06 01:35:32,878 INFO [sb-008]          StackRhythm.java:224  | S1 MeasureStack#5 no correct rhythm
2026-06-06 01:35:32,879 INFO [sb-008]        MeasureRhythm.java:1044 | Measure{#6} No timeOffset for HeadChordInter#7363{(0.948/0.948) staff:1 slot#5 dur:1/4}
2026-06-06 01:35:32,879 INFO [sb-008]   AbstractChordInter.java:627  | Measure{#6} No timeOffset for HeadChordInter#7363{(0.948/0.948) staff:1 slot#5 dur:1/4}
2026-06-06 01:35:32,879 INFO [sb-008]          StackRhythm.java:224  | S1 MeasureStack#6 no correct rhythm
2026-06-06 01:35:32,880 INFO [sb-008]        MeasureRhythm.java:1044 | Measure{#7} No timeOffset for HeadChordInter#7371{(0.735/0.735) staff:1 slot#7 dur:1/3}
2026-06-06 01:35:32,880 INFO [sb-008]                Voice.java:257  | Measure{#7} Voice{#1 excess:1/24} too long
2026-06-06 01:35:32,880 INFO [sb-008]          StackRhythm.java:224  | S1 MeasureStack#7 no correct rhythm
2026-06-06 01:35:32,881 INFO [sb-008]                Voice.java:257  | Measure{#8} Voice{#1 excess:1/4} too long
2026-06-06 01:35:32,881 INFO [sb-008]          StackRhythm.java:224  | S1 MeasureStack#8 no correct rhythm
2026-06-06 01:35:32,881 INFO [sb-008]        MeasureRhythm.java:1044 | Measure{#9} No timeOffset for HeadChordInter#7377{(0.947/0.947) staff:2 slot#5 dur:1/4}
2026-06-06 01:35:32,881 INFO [sb-008]                Voice.java:257  | Measure{#9} Voice{#1 excess:1/8} too long
2026-06-06 01:35:32,882 INFO [sb-008]          StackRhythm.java:224  | S2 MeasureStack#9 no correct rhythm
2026-06-06 01:35:32,882 INFO [sb-008]        MeasureRhythm.java:1044 | Measure{#10} No timeOffset for HeadChordInter#7383{(0.946/0.946) staff:2 slot#6 dur:1/4}
2026-06-06 01:35:32,882 INFO [sb-008]   AbstractChordInter.java:627  | Measure{#10} No timeOffset for HeadChordInter#7383{(0.946/0.946) staff:2 slot#6 dur:1/4}
2026-06-06 01:35:32,882 INFO [sb-008]   AbstractChordInter.java:627  | Measure{#10} No timeOffset for HeadChordInter#7384{(0.946/0.946) staff:2 slot#7 dur:1/4}
2026-06-06 01:35:32,882 INFO [sb-008]                Voice.java:257  | Measure{#10} Voice{#1 excess:1/4} too long
2026-06-06 01:35:32,883 INFO [sb-008]          StackRhythm.java:224  | S2 MeasureStack#10 no correct rhythm
2026-06-06 01:35:32,883 INFO [sb-008]        MeasureRhythm.java:1044 | Measure{#11} No timeOffset for HeadChordInter#7391{(0.927/0.927) staff:2 slot#6 dur:1/4}
2026-06-06 01:35:32,883 INFO [sb-008]   AbstractChordInter.java:627  | Measure{#11} No timeOffset for HeadChordInter#7391{(0.927/0.927) staff:2 slot#6 dur:1/4}
2026-06-06 01:35:32,883 INFO [sb-008]                Voice.java:257  | Measure{#11} Voice{#1 excess:1/8} too long
2026-06-06 01:35:32,883 INFO [sb-008]          StackRhythm.java:224  | S2 MeasureStack#11 no correct rhythm
2026-06-06 01:35:32,884 INFO [sb-008]        MeasureRhythm.java:1044 | Measure{#12} No timeOffset for HeadChordInter#7397{(0.942/0.942) staff:2 slot#5 dur:1/4}
2026-06-06 01:35:32,884 INFO [sb-008]   AbstractChordInter.java:627  | Measure{#12} No timeOffset for HeadChordInter#7397{(0.942/0.942) staff:2 slot#5 dur:1/4}
2026-06-06 01:35:32,884 INFO [sb-008]          StackRhythm.java:224  | S2 MeasureStack#12 no correct rhythm
2026-06-06 01:35:32,885 INFO [sb-008]        MeasureRhythm.java:1044 | Measure{#13} No timeOffset for HeadChordInter#7404{(0.937/0.937) staff:2 slot#5 dur:1/4}
2026-06-06 01:35:32,885 INFO [sb-008]   AbstractChordInter.java:627  | Measure{#13} No timeOffset for HeadChordInter#7404{(0.937/0.937) staff:2 slot#5 dur:1/4}
2026-06-06 01:35:32,885 INFO [sb-008]   AbstractChordInter.java:627  | Measure{#13} No timeOffset for HeadChordInter#7405{(0.945/0.945) staff:2 slot#6 dur:1/4}
2026-06-06 01:35:32,885 INFO [sb-008]   AbstractChordInter.java:627  | Measure{#13} No timeOffset for HeadChordInter#7406{(0.939/0.939) staff:2 slot#7 dur:1/4}
2026-06-06 01:35:32,885 INFO [sb-008]          StackRhythm.java:224  | S2 MeasureStack#13 no correct rhythm
2026-06-06 01:35:32,885 INFO [sb-008]        MeasureRhythm.java:1044 | Measure{#14} No timeOffset for HeadChordInter#7412{(0.949/0.949) staff:2 slot#5 dur:1/4}
2026-06-06 01:35:32,886 INFO [sb-008]   AbstractChordInter.java:627  | Measure{#14} No timeOffset for HeadChordInter#7412{(0.949/0.949) staff:2 slot#5 dur:1/4}
2026-06-06 01:35:32,886 INFO [sb-008]          StackRhythm.java:224  | S2 MeasureStack#14 no correct rhythm
2026-06-06 01:35:32,886 INFO [sb-008]        MeasureRhythm.java:1044 | Measure{#15} No timeOffset for HeadChordInter#7418{(0.779/0.779) staff:2 slot#5 dur:1/4}
2026-06-06 01:35:32,886 INFO [sb-008]   AbstractChordInter.java:627  | Measure{#15} No timeOffset for HeadChordInter#7418{(0.779/0.779) staff:2 slot#5 dur:1/4}
2026-06-06 01:35:32,886 INFO [sb-008]   AbstractChordInter.java:627  | Measure{#15} No timeOffset for HeadChordInter#7419{(0.939/0.939) staff:2 slot#6 dur:1/8}
2026-06-06 01:35:32,886 INFO [sb-008]   AbstractChordInter.java:627  | Measure{#15} No timeOffset for RestChordInter#8742{(0.797/0.797) staff:2 slot#7 dur:1/8}
2026-06-06 01:35:32,886 INFO [sb-008]   AbstractChordInter.java:627  | Measure{#15} No timeOffset for HeadChordInter#7420{(0.940/0.940) staff:2 slot#8 dur:1/6}
2026-06-06 01:35:32,887 INFO [sb-008]   AbstractChordInter.java:627  | Measure{#15} No timeOffset for HeadChordInter#7421{(0.940/0.940) staff:2 slot#9 dur:1/6}
2026-06-06 01:35:32,887 INFO [sb-008]          StackRhythm.java:224  | S2 MeasureStack#15 no correct rhythm
2026-06-06 01:35:32,889 INFO [sb-008]        MeasureRhythm.java:1044 | Measure{#19} No timeOffset for HeadChordInter#7431{(0.948/0.948) staff:3 slot#5 dur:1/4}
2026-06-06 01:35:32,889 INFO [sb-008]   AbstractChordInter.java:627  | Measure{#19} No timeOffset for HeadChordInter#7431{(0.948/0.948) staff:3 slot#5 dur:1/4}
2026-06-06 01:35:32,889 INFO [sb-008]   AbstractChordInter.java:627  | Measure{#19} No timeOffset for HeadChordInter#7432{(0.946/0.946) staff:3 slot#6 dur:1/4}
2026-06-06 01:35:32,889 INFO [sb-008]          StackRhythm.java:224  | S3 MeasureStack#19 no correct rhythm
2026-06-06 01:35:32,890 INFO [sb-008]        MeasureRhythm.java:1044 | Measure{#20} No timeOffset for HeadChordInter#7439{(0.940/0.940) staff:3 slot#6 dur:1/4}
2026-06-06 01:35:32,890 INFO [sb-008]   AbstractChordInter.java:627  | Measure{#20} No timeOffset for HeadChordInter#7439{(0.940/0.940) staff:3 slot#6 dur:1/4}
2026-06-06 01:35:32,890 INFO [sb-008]   AbstractChordInter.java:627  | Measure{#20} No timeOffset for HeadChordInter#7440{(0.940/0.940) staff:3 slot#7 dur:1/4}
2026-06-06 01:35:32,890 INFO [sb-008]                Voice.java:257  | Measure{#20} Voice{#1 excess:1/4} too long
2026-06-06 01:35:32,890 INFO [sb-008]          StackRhythm.java:224  | S3 MeasureStack#20 no correct rhythm
2026-06-06 01:35:32,891 INFO [sb-008]        MeasureRhythm.java:1044 | Measure{#21} No timeOffset for HeadChordInter#7446{(0.944/0.944) staff:3 slot#5 dur:1/4}
2026-06-06 01:35:32,891 INFO [sb-008]   AbstractChordInter.java:627  | Measure{#21} No timeOffset for HeadChordInter#7446{(0.944/0.944) staff:3 slot#5 dur:1/4}
2026-06-06 01:35:32,891 INFO [sb-008]          StackRhythm.java:224  | S3 MeasureStack#21 no correct rhythm
2026-06-06 01:35:32,891 INFO [sb-008]        MeasureRhythm.java:1044 | Measure{#22} No timeOffset for HeadChordInter#7452{(0.948/0.948) staff:3 slot#5 dur:1/4}
2026-06-06 01:35:32,892 INFO [sb-008]   AbstractChordInter.java:627  | Measure{#22} No timeOffset for HeadChordInter#7452{(0.948/0.948) staff:3 slot#5 dur:1/4}
2026-06-06 01:35:32,892 INFO [sb-008]          StackRhythm.java:224  | S3 MeasureStack#22 no correct rhythm
2026-06-06 01:35:32,892 INFO [sb-008]        MeasureRhythm.java:1044 | Measure{#23} No timeOffset for HeadChordInter#7458{(0.947/0.947) staff:3 slot#5 dur:1/4}
2026-06-06 01:35:32,892 INFO [sb-008]   AbstractChordInter.java:627  | Measure{#23} No timeOffset for HeadChordInter#7458{(0.947/0.947) staff:3 slot#5 dur:1/4}
2026-06-06 01:35:32,892 INFO [sb-008]          StackRhythm.java:224  | S3 MeasureStack#23 no correct rhythm
2026-06-06 01:35:32,893 INFO [sb-008]        MeasureRhythm.java:1044 | Measure{#24} No timeOffset for HeadChordInter#7466{(0.936/0.936) staff:3 slot#7 dur:1/4}
2026-06-06 01:35:32,893 INFO [sb-008]                Voice.java:257  | Measure{#24} Voice{#1 excess:1/4} too long
2026-06-06 01:35:32,893 INFO [sb-008]          StackRhythm.java:224  | S3 MeasureStack#24 no correct rhythm
2026-06-06 01:35:32,894 INFO [sb-008]        MeasureRhythm.java:1044 | Measure{#27} No timeOffset for HeadChordInter#7475{(0.935/0.935) staff:4 slot#5 dur:1/4}
2026-06-06 01:35:32,894 INFO [sb-008]   AbstractChordInter.java:627  | Measure{#27} No timeOffset for HeadChordInter#7476{(0.820/0.820) staff:4 slot#6 dur:1/4}
2026-06-06 01:35:32,894 INFO [sb-008]   AbstractChordInter.java:627  | Measure{#27} No timeOffset for HeadChordInter#7477{(0.953/0.953) staff:4 slot#7 dur:1/4}
2026-06-06 01:35:32,894 INFO [sb-008]   AbstractChordInter.java:627  | Measure{#27} No timeOffset for HeadChordInter#7478{(0.810/0.810) staff:4 slot#8 dur:1/4}
2026-06-06 01:35:32,894 INFO [sb-008]                Voice.java:257  | Measure{#27} Voice{#1 excess:1/8} too long
2026-06-06 01:35:32,894 INFO [sb-008]          StackRhythm.java:224  | S4 MeasureStack#27 no correct rhythm
2026-06-06 01:35:32,895 INFO [sb-008]        MeasureRhythm.java:1044 | Measure{#28} No timeOffset for HeadChordInter#7485{(0.946/0.946) staff:4 slot#6 dur:1/4}
2026-06-06 01:35:32,895 INFO [sb-008]   AbstractChordInter.java:627  | Measure{#28} No timeOffset for HeadChordInter#7485{(0.946/0.946) staff:4 slot#6 dur:1/4}
2026-06-06 01:35:32,895 INFO [sb-008]   AbstractChordInter.java:627  | Measure{#28} No timeOffset for HeadChordInter#7486{(0.939/0.939) staff:4 slot#7 dur:1/4}
2026-06-06 01:35:32,895 INFO [sb-008]          StackRhythm.java:224  | S4 MeasureStack#28 no correct rhythm
2026-06-06 01:35:32,895 INFO [sb-008]        MeasureRhythm.java:1044 | Measure{#29} No timeOffset for HeadChordInter#7492{(0.944/0.944) staff:4 slot#5 dur:1/4}
2026-06-06 01:35:32,895 INFO [sb-008]   AbstractChordInter.java:627  | Measure{#29} No timeOffset for HeadChordInter#7492{(0.944/0.944) staff:4 slot#5 dur:1/4}
2026-06-06 01:35:32,896 INFO [sb-008]          StackRhythm.java:224  | S4 MeasureStack#29 no correct rhythm
2026-06-06 01:35:32,896 INFO [sb-008]        MeasureRhythm.java:1044 | Measure{#30} No timeOffset for HeadChordInter#7500{(0.944/0.944) staff:4 slot#6 dur:1/4}
2026-06-06 01:35:32,896 INFO [sb-008]   AbstractChordInter.java:627  | Measure{#30} No timeOffset for HeadChordInter#7500{(0.944/0.944) staff:4 slot#6 dur:1/4}
2026-06-06 01:35:32,896 INFO [sb-008]   AbstractChordInter.java:627  | Measure{#30} No timeOffset for HeadChordInter#7501{(0.952/0.952) staff:4 slot#7 dur:1/4}
2026-06-06 01:35:32,897 INFO [sb-008]                Voice.java:257  | Measure{#30} Voice{#2 excess:1/12} too long
2026-06-06 01:35:32,897 INFO [sb-008]          StackRhythm.java:224  | S4 MeasureStack#30 no correct rhythm
2026-06-06 01:35:32,898 INFO [sb-008]        MeasureRhythm.java:1044 | Measure{#32} No timeOffset for HeadChordInter#7512{(0.941/0.941) staff:4 slot#6 dur:1/4}
2026-06-06 01:35:32,898 INFO [sb-008]   AbstractChordInter.java:627  | Measure{#32} No timeOffset for HeadChordInter#7512{(0.941/0.941) staff:4 slot#6 dur:1/4}
2026-06-06 01:35:32,898 INFO [sb-008]   AbstractChordInter.java:627  | Measure{#32} No timeOffset for HeadChordInter#7514{(0.934/0.934) staff:4 slot#8 dur:1/6}
2026-06-06 01:35:32,898 INFO [sb-008]   AbstractChordInter.java:627  | Measure{#32} No timeOffset for HeadChordInter#7515{(0.946/0.946) staff:4 slot#9 dur:1/6}
2026-06-06 01:35:32,898 INFO [sb-008]          StackRhythm.java:224  | S4 MeasureStack#32 no correct rhythm
2026-06-06 01:35:32,898 INFO [sb-008]       StepMonitoring.java:98   | PAGE
2026-06-06 01:35:32,900 INFO [sb-008]                Voice.java:257  | Measure{#1} Voice{#1 excess:1/8} too long
2026-06-06 01:35:32,900 INFO [sb-008]                Voice.java:257  | Measure{#2} Voice{#1 excess:3/8} too long
2026-06-06 01:35:32,900 INFO [sb-008]                Voice.java:257  | Measure{#3} Voice{#1 excess:1/12} too long
2026-06-06 01:35:32,900 INFO [sb-008]                Voice.java:257  | Measure{#4} Voice{#2 excess:1/4} too long
2026-06-06 01:35:32,900 INFO [sb-008]                Voice.java:257  | Measure{#7} Voice{#1 excess:1/24} too long
2026-06-06 01:35:32,900 INFO [sb-008]                Voice.java:257  | Measure{#8} Voice{#2 excess:1/4} too long
2026-06-06 01:35:32,900 INFO [sb-008]                Voice.java:257  | Measure{#9} Voice{#1 excess:1/8} too long
2026-06-06 01:35:32,900 INFO [sb-008]                Voice.java:257  | Measure{#10} Voice{#1 excess:1/4} too long
2026-06-06 01:35:32,900 INFO [sb-008]                Voice.java:257  | Measure{#11} Voice{#1 excess:1/8} too long
2026-06-06 01:35:32,901 INFO [sb-008]                Voice.java:257  | Measure{#20} Voice{#1 excess:1/4} too long
2026-06-06 01:35:32,901 INFO [sb-008]                Voice.java:257  | Measure{#24} Voice{#1 excess:1/4} too long
2026-06-06 01:35:32,901 INFO [sb-008]                Voice.java:257  | Measure{#27} Voice{#1 excess:1/8} too long
2026-06-06 01:35:32,901 INFO [sb-008]                Voice.java:257  | Measure{#30} Voice{#2 excess:1/12} too long
2026-06-06 01:35:32,901 INFO [sb-008]                 Book.java:2584 | Book{sb-008} storing
2026-06-06 01:35:32,999 INFO [sb-008]                 Book.java:2565 | Stored /book.xml
2026-06-06 01:35:33,050 INFO [sb-008]           DataHolder.java:348  | Stored /sheet#1/BINARY.png
2026-06-06 01:35:33,273 INFO [sb-008]                Sheet.java:1583 | Stored /sheet#1/sheet#1.xml
2026-06-06 01:35:33,273 INFO [sb-008]                 Book.java:2525 | Book stored as omr/out/sb-008.omr
2026-06-06 01:35:33,274 INFO [sb-008]            SheetStub.java:1655 | Sheet disposed
2026-06-06 01:35:33,330 INFO [sb-008]                 Book.java:2050 | End of Stub#1
2026-06-06 01:35:33,330 INFO [sb-008]                 Book.java:2057 | End of Book{sb-008}
2026-06-06 01:35:33,552 INFO [sb-008]            SheetStub.java:1000 | Loaded /sheet#1/sheet#1.xml
2026-06-06 01:35:33,553 INFO [sb-008]      PartwiseBuilder.java:2706 | Exporting sheet(s): [#1]
2026-06-06 01:35:33,571 INFO [sb-008]        ScoreExporter.java:164  | Score sb-008 exported to omr/out/sb-008.mxl
2026-06-06 01:35:33,643 INFO [sb-008]                Score.java:181  | Closing {Score 1}
