2026-06-06 01:36:19,441 INFO [sb-013]                 Book.java:560  | 1 sheet in /home/runner/work/sambrass-tutor/sambrass-tutor/omr/input/sb-013.png
2026-06-06 01:36:19,523 INFO []                 Book.java:2565 | Stored /book.xml
2026-06-06 01:36:19,524 INFO []                 Book.java:2525 | Book stored as omr/out/sb-013.omr
2026-06-06 01:36:19,525 INFO []                 Book.java:1929 | Book reaching PAGE on sheets:[#1]
2026-06-06 01:36:19,525 INFO [sb-013]       StepMonitoring.java:98   | LOAD
2026-06-06 01:36:19,618 INFO [sb-013]            SheetStub.java:1278 | Loaded image #1 3175x1935 from /home/runner/work/sambrass-tutor/sambrass-tutor/omr/input/sb-013.png
2026-06-06 01:36:19,619 INFO [sb-013]            ImageUtil.java:124  | Converting max RGB to gray
2026-06-06 01:36:19,702 INFO [sb-013]       StepMonitoring.java:98   | BINARY
2026-06-06 01:36:19,948 INFO [sb-013]       StepMonitoring.java:98   | SCALE
2026-06-06 01:36:19,949 INFO [sb-013]         ScaleBuilder.java:255  | Beam  guessed height: 13 -- mid of [6..21]
2026-06-06 01:36:19,950 INFO [sb-013]         ScaleBuilder.java:271  | Beam measured height: 13 -- 0.47 of [6..21] range at 637% of needed quorum
2026-06-06 01:36:19,950 INFO [sb-013]         ScaleBuilder.java:401  | Normalized black jitter: 9.09 %
2026-06-06 01:36:19,950 INFO [sb-013]            ScaleStep.java:65   | Scale{ interline(22,22,23) line(3,4,5) beam(13)}
2026-06-06 01:36:19,950 INFO [sb-013]       StepMonitoring.java:98   | GRID
2026-06-06 01:36:20,032 INFO [sb-013]       LinesRetriever.java:1500 | Global slope: 0.00000
2026-06-06 01:36:20,038 INFO [sb-013]    ClustersRetriever.java:326  | Retrieved raw line clusters: 4 of sizes [5] with interline(22,22,23)
2026-06-06 01:36:20,069 INFO [sb-013]            PeakGraph.java:310  | Systems: #1[1] #2[2] #3[3] #4[4]
2026-06-06 01:36:20,186 INFO [sb-013]        SystemManager.java:779  | 1 part along 4 systems
2026-06-06 01:36:20,187 INFO [sb-013]                 Book.java:543  | Created scores: [{Score 1}]
2026-06-06 01:36:20,187 INFO [sb-013]       StepMonitoring.java:98   | HEADERS
2026-06-06 01:36:20,253 INFO [sb-013]       StepMonitoring.java:98   | STEM_SEEDS
2026-06-06 01:36:20,285 INFO [sb-013]        StemSeedsStep.java:86   | stem(5 max:6)
2026-06-06 01:36:20,297 INFO [sb-013]       StepMonitoring.java:98   | BEAMS
2026-06-06 01:36:23,018 INFO [sb-013]       StepMonitoring.java:98   | LEDGERS
2026-06-06 01:36:23,148 INFO [sb-013]       StepMonitoring.java:98   | HEADS
2026-06-06 01:36:26,991 INFO [sb-013]        HeadSeedTally.java:235  | Scale information: HeadSeeds{NOTEHEAD_BLACK[L:-0.6,R:-1.2]}
2026-06-06 01:36:26,991 INFO [sb-013]       StepMonitoring.java:98   | STEMS
2026-06-06 01:36:27,403 INFO [sb-013]       StepMonitoring.java:98   | REDUCTION
2026-06-06 01:36:27,437 INFO [sb-013]        ReductionStep.java:105  | Stems free length median value: 78 pixels, 3.5 interlines
2026-06-06 01:36:27,438 INFO [sb-013]       StepMonitoring.java:98   | CUE_BEAMS
2026-06-06 01:36:27,438 INFO [sb-013]         CueBeamsStep.java:81   | Step CUE_BEAMS is skipped because small heads switch is off
2026-06-06 01:36:27,438 INFO [sb-013]       StepMonitoring.java:98   | TEXTS
2026-06-06 01:36:27,523 WARN [sb-013]         TesseractOCR.java:335  | The collection of supported languages is empty
2026-06-06 01:36:27,524 INFO [sb-013]              OcrUtil.java:106  | Missing support for 'eng' language(s)
2026-06-06 01:36:27,525 INFO [sb-013]       StepMonitoring.java:98   | MEASURES
2026-06-06 01:36:27,526 INFO [sb-013]                 Page.java:307  | 41 raw measures: [13 in system#1, 12 in system#2, 8 in system#3, 8 in system#4]
2026-06-06 01:36:27,526 INFO [sb-013]       StepMonitoring.java:98   | CHORDS
2026-06-06 01:36:27,531 INFO [sb-013]       StepMonitoring.java:98   | CURVES
2026-06-06 01:36:27,897 INFO [sb-013]         SlursBuilder.java:240  | Slurs: 55
2026-06-06 01:36:27,900 INFO [sb-013]      SegmentsBuilder.java:155  | Segments: 32
2026-06-06 01:36:27,903 WARN [sb-013]         TesseractOCR.java:335  | The collection of supported languages is empty
2026-06-06 01:36:27,903 INFO [sb-013]              OcrUtil.java:106  | Missing support for 'eng' language(s)
2026-06-06 01:36:27,904 INFO [sb-013]    RehearsalsBuilder.java:199  | No text found in rehearsal enclosure java.awt.Rectangle[x=169,y=149,width=69,height=68]
2026-06-06 01:36:27,904 INFO [sb-013]       StepMonitoring.java:98   | SYMBOLS
2026-06-06 01:36:28,702 INFO [sb-013]       StepMonitoring.java:98   | LINKS
2026-06-06 01:36:28,710 INFO [sb-013]             KeyInter.java:1322 | Key built KeyInter#5896{(0.725) staff:2 KEY_CANCEL pitch:-3.5 fifths:null}
2026-06-06 01:36:28,710 INFO [sb-013]             KeyInter.java:1189 | No effective key before AlterInter#5855{(0.741) staff:2 NATURAL pitch:-4.0}
2026-06-06 01:36:28,732 INFO [sb-013]       StepMonitoring.java:98   | RHYTHMS
2026-06-06 01:36:28,735 INFO [sb-013]        MeasureRhythm.java:1044 | Measure{#14} No timeOffset for HeadChordInter#4664{(0.951/0.951) staff:2 slot#5 dur:1/8}
2026-06-06 01:36:28,735 INFO [sb-013]          StackRhythm.java:224  | S2 MeasureStack#14 no correct rhythm
2026-06-06 01:36:28,737 INFO [sb-013]                Voice.java:257  | Measure{#21} Voice{#1 excess:1/2} too long
2026-06-06 01:36:28,737 INFO [sb-013]          StackRhythm.java:224  | S2 MeasureStack#21 no correct rhythm
2026-06-06 01:36:28,741 INFO [sb-013]       StepMonitoring.java:98   | PAGE
2026-06-06 01:36:28,742 INFO [sb-013]                Voice.java:257  | Measure{#21} Voice{#1 excess:1/2} too long
2026-06-06 01:36:28,743 INFO [sb-013]                 Book.java:2584 | Book{sb-013} storing
2026-06-06 01:36:28,844 INFO [sb-013]                 Book.java:2565 | Stored /book.xml
2026-06-06 01:36:28,897 INFO [sb-013]           DataHolder.java:348  | Stored /sheet#1/BINARY.png
2026-06-06 01:36:29,138 INFO [sb-013]                Sheet.java:1583 | Stored /sheet#1/sheet#1.xml
2026-06-06 01:36:29,138 INFO [sb-013]                 Book.java:2525 | Book stored as omr/out/sb-013.omr
2026-06-06 01:36:29,139 INFO [sb-013]            SheetStub.java:1655 | Sheet disposed
2026-06-06 01:36:29,215 INFO [sb-013]                 Book.java:2050 | End of Stub#1
2026-06-06 01:36:29,216 INFO [sb-013]                 Book.java:2057 | End of Book{sb-013}
2026-06-06 01:36:29,396 INFO [sb-013]            SheetStub.java:1000 | Loaded /sheet#1/sheet#1.xml
2026-06-06 01:36:29,397 INFO [sb-013]      PartwiseBuilder.java:2706 | Exporting sheet(s): [#1]
2026-06-06 01:36:29,417 INFO [sb-013]        ScoreExporter.java:164  | Score sb-013 exported to omr/out/sb-013.mxl
2026-06-06 01:36:29,512 INFO [sb-013]                Score.java:181  | Closing {Score 1}
