2026-06-06 01:47:26,512 INFO [sb-069]                 Book.java:560  | 1 sheet in /home/runner/work/sambrass-tutor/sambrass-tutor/omr/input/sb-069.png
2026-06-06 01:47:26,839 INFO []                 Book.java:2565 | Stored /book.xml
2026-06-06 01:47:26,839 INFO []                 Book.java:2525 | Book stored as omr/out/sb-069.omr
2026-06-06 01:47:26,840 INFO []                 Book.java:1929 | Book reaching PAGE on sheets:[#1]
2026-06-06 01:47:26,840 INFO [sb-069]       StepMonitoring.java:98   | LOAD
2026-06-06 01:47:26,906 INFO [sb-069]            SheetStub.java:1278 | Loaded image #1 3175x1935 from /home/runner/work/sambrass-tutor/sambrass-tutor/omr/input/sb-069.png
2026-06-06 01:47:26,907 INFO [sb-069]            ImageUtil.java:124  | Converting max RGB to gray
2026-06-06 01:47:26,981 INFO [sb-069]       StepMonitoring.java:98   | BINARY
2026-06-06 01:47:27,223 INFO [sb-069]       StepMonitoring.java:98   | SCALE
2026-06-06 01:47:27,225 INFO [sb-069]         ScaleBuilder.java:255  | Beam  guessed height: 12 -- mid of [6..19]
2026-06-06 01:47:27,225 INFO [sb-069]         ScaleBuilder.java:271  | Beam measured height: 12 -- 0.46 of [6..19] range at 304% of needed quorum
2026-06-06 01:47:27,225 INFO [sb-069]         ScaleBuilder.java:401  | Normalized black jitter: 10.00 %
2026-06-06 01:47:27,225 INFO [sb-069]            ScaleStep.java:65   | Scale{ interline(19,20,20) line(3,4,5) beam(12)}
2026-06-06 01:47:27,225 INFO [sb-069]       StepMonitoring.java:98   | GRID
2026-06-06 01:47:27,326 INFO [sb-069]       LinesRetriever.java:1500 | Global slope: 0.00000
2026-06-06 01:47:27,332 INFO [sb-069]    ClustersRetriever.java:326  | Retrieved raw line clusters: 5 of sizes [5] with interline(19,20,20)
2026-06-06 01:47:27,380 INFO [sb-069]            PeakGraph.java:310  | Systems: #1[1] #2[2] #3[3] #4[4] #5[5]
2026-06-06 01:47:27,548 INFO [sb-069]        SystemManager.java:779  | 1 part along 5 systems
2026-06-06 01:47:27,548 INFO [sb-069]                 Book.java:543  | Created scores: [{Score 1}]
2026-06-06 01:47:27,548 INFO [sb-069]       StepMonitoring.java:98   | HEADERS
2026-06-06 01:47:27,658 INFO [sb-069]       StepMonitoring.java:98   | STEM_SEEDS
2026-06-06 01:47:27,689 INFO [sb-069]        StemSeedsStep.java:86   | stem(5 max:6)
2026-06-06 01:47:27,698 INFO [sb-069]       StepMonitoring.java:98   | BEAMS
2026-06-06 01:47:30,028 INFO [sb-069]       StepMonitoring.java:98   | LEDGERS
2026-06-06 01:47:30,154 INFO [sb-069]       StepMonitoring.java:98   | HEADS
2026-06-06 01:47:34,108 INFO [sb-069]        HeadSeedTally.java:235  | Scale information: HeadSeeds{NOTEHEAD_VOID[R:-0.2] NOTEHEAD_BLACK[L:-0.6,R:-1.3]}
2026-06-06 01:47:34,109 INFO [sb-069]       StepMonitoring.java:98   | STEMS
2026-06-06 01:47:34,532 INFO [sb-069]       StepMonitoring.java:98   | REDUCTION
2026-06-06 01:47:34,556 INFO [sb-069]        ReductionStep.java:105  | Stems free length median value: 69 pixels, 3.5 interlines
2026-06-06 01:47:34,558 INFO [sb-069]       StepMonitoring.java:98   | CUE_BEAMS
2026-06-06 01:47:34,558 INFO [sb-069]         CueBeamsStep.java:81   | Step CUE_BEAMS is skipped because small heads switch is off
2026-06-06 01:47:34,559 INFO [sb-069]       StepMonitoring.java:98   | TEXTS
2026-06-06 01:47:34,619 WARN [sb-069]         TesseractOCR.java:335  | The collection of supported languages is empty
2026-06-06 01:47:34,619 INFO [sb-069]              OcrUtil.java:106  | Missing support for 'eng' language(s)
2026-06-06 01:47:34,620 INFO [sb-069]       StepMonitoring.java:98   | MEASURES
2026-06-06 01:47:34,621 INFO [sb-069]                 Page.java:307  | 59 raw measures: [16 in system#1, 13 in system#2, 10 in system#3, 9 in system#4, 11 in system#5]
2026-06-06 01:47:34,621 INFO [sb-069]       StepMonitoring.java:98   | CHORDS
2026-06-06 01:47:34,622 INFO [sb-069]       StepMonitoring.java:98   | CURVES
2026-06-06 01:47:35,011 INFO [sb-069]         SlursBuilder.java:240  | Slurs: 32
2026-06-06 01:47:35,014 INFO [sb-069]      SegmentsBuilder.java:155  | Segments: 22
2026-06-06 01:47:35,017 WARN [sb-069]         TesseractOCR.java:335  | The collection of supported languages is empty
2026-06-06 01:47:35,017 INFO [sb-069]              OcrUtil.java:106  | Missing support for 'eng' language(s)
2026-06-06 01:47:35,017 INFO [sb-069]    RehearsalsBuilder.java:199  | No text found in rehearsal enclosure java.awt.Rectangle[x=46,y=136,width=61,height=60]
2026-06-06 01:47:35,017 INFO [sb-069]       StepMonitoring.java:98   | SYMBOLS
2026-06-06 01:47:35,825 INFO [sb-069]       StepMonitoring.java:98   | LINKS
2026-06-06 01:47:35,843 INFO [sb-069]       StepMonitoring.java:98   | RHYTHMS
2026-06-06 01:47:35,845 INFO [sb-069]                Voice.java:257  | Measure{#7} Voice{#1 excess:5/16} too long
2026-06-06 01:47:35,845 INFO [sb-069]          StackRhythm.java:224  | S1 MeasureStack#7 no correct rhythm
2026-06-06 01:47:35,848 INFO [sb-069]        MeasureRhythm.java:1044 | Measure{#38} No timeOffset for HeadChordInter#5393{(0.948/0.948) staff:3 slot#3 dur:1/8}
2026-06-06 01:47:35,848 INFO [sb-069]          StackRhythm.java:224  | S3 MeasureStack#38 no correct rhythm
2026-06-06 01:47:35,850 INFO [sb-069]       StepMonitoring.java:98   | PAGE
2026-06-06 01:47:35,851 INFO [sb-069]                Voice.java:257  | Measure{#7} Voice{#1 excess:5/16} too long
2026-06-06 01:47:35,852 INFO [sb-069]                 Book.java:2584 | Book{sb-069} storing
2026-06-06 01:47:36,221 INFO [sb-069]                 Book.java:2565 | Stored /book.xml
2026-06-06 01:47:36,271 INFO [sb-069]           DataHolder.java:348  | Stored /sheet#1/BINARY.png
2026-06-06 01:47:36,503 INFO [sb-069]                Sheet.java:1583 | Stored /sheet#1/sheet#1.xml
2026-06-06 01:47:36,503 INFO [sb-069]                 Book.java:2525 | Book stored as omr/out/sb-069.omr
2026-06-06 01:47:36,504 INFO [sb-069]            SheetStub.java:1655 | Sheet disposed
2026-06-06 01:47:36,826 INFO [sb-069]                 Book.java:2050 | End of Stub#1
2026-06-06 01:47:36,826 INFO [sb-069]                 Book.java:2057 | End of Book{sb-069}
2026-06-06 01:47:36,994 INFO [sb-069]            SheetStub.java:1000 | Loaded /sheet#1/sheet#1.xml
2026-06-06 01:47:36,995 INFO [sb-069]      PartwiseBuilder.java:2706 | Exporting sheet(s): [#1]
2026-06-06 01:47:37,006 INFO [sb-069]        ScoreExporter.java:164  | Score sb-069 exported to omr/out/sb-069.mxl
2026-06-06 01:47:37,339 INFO [sb-069]                Score.java:181  | Closing {Score 1}
