2026-06-06 01:36:41,429 INFO [sb-015]                 Book.java:560  | 1 sheet in /home/runner/work/sambrass-tutor/sambrass-tutor/omr/input/sb-015.png
2026-06-06 01:36:41,522 INFO []                 Book.java:2565 | Stored /book.xml
2026-06-06 01:36:41,522 INFO []                 Book.java:2525 | Book stored as omr/out/sb-015.omr
2026-06-06 01:36:41,523 INFO []                 Book.java:1929 | Book reaching PAGE on sheets:[#1]
2026-06-06 01:36:41,523 INFO [sb-015]       StepMonitoring.java:98   | LOAD
2026-06-06 01:36:41,590 INFO [sb-015]            SheetStub.java:1278 | Loaded image #1 3175x1935 from /home/runner/work/sambrass-tutor/sambrass-tutor/omr/input/sb-015.png
2026-06-06 01:36:41,590 INFO [sb-015]            ImageUtil.java:124  | Converting max RGB to gray
2026-06-06 01:36:41,672 INFO [sb-015]       StepMonitoring.java:98   | BINARY
2026-06-06 01:36:41,910 INFO [sb-015]       StepMonitoring.java:98   | SCALE
2026-06-06 01:36:41,912 INFO [sb-015]         ScaleBuilder.java:255  | Beam  guessed height: 17 -- mid of [8..26]
2026-06-06 01:36:41,912 INFO [sb-015]         ScaleBuilder.java:271  | Beam measured height: 16 -- 0.44 of [8..26] range at 376% of needed quorum
2026-06-06 01:36:41,912 INFO [sb-015]         ScaleBuilder.java:401  | Normalized black jitter: 7.14 %
2026-06-06 01:36:41,912 INFO [sb-015]            ScaleStep.java:65   | Scale{ interline(27,28,29) line(4,4,6) beam(16)}
2026-06-06 01:36:41,912 INFO [sb-015]       StepMonitoring.java:98   | GRID
2026-06-06 01:36:41,981 INFO [sb-015]       LinesRetriever.java:1500 | Global slope: 0.00000
2026-06-06 01:36:41,984 INFO [sb-015]    ClustersRetriever.java:326  | Retrieved raw line clusters: 4 of sizes [5] with interline(27,28,29)
2026-06-06 01:36:42,007 INFO [sb-015]            PeakGraph.java:310  | Systems: #1[1] #2[2] #3[3] #4[4]
2026-06-06 01:36:42,100 INFO [sb-015]        SystemManager.java:779  | 1 part along 4 systems
2026-06-06 01:36:42,101 INFO [sb-015]                 Book.java:543  | Created scores: [{Score 1}]
2026-06-06 01:36:42,101 INFO [sb-015]       StepMonitoring.java:98   | HEADERS
2026-06-06 01:36:42,171 INFO [sb-015]       StepMonitoring.java:98   | STEM_SEEDS
2026-06-06 01:36:42,203 INFO [sb-015]        StemSeedsStep.java:86   | stem(6 max:7)
2026-06-06 01:36:42,209 INFO [sb-015]       StepMonitoring.java:98   | BEAMS
2026-06-06 01:36:46,144 INFO [sb-015]       StepMonitoring.java:98   | LEDGERS
2026-06-06 01:36:46,206 INFO [sb-015]       StepMonitoring.java:98   | HEADS
2026-06-06 01:36:52,419 INFO [sb-015]        HeadSeedTally.java:235  | Scale information: HeadSeeds{NOTEHEAD_BLACK[L:-1.3,R:-2.0]}
2026-06-06 01:36:52,419 INFO [sb-015]       StepMonitoring.java:98   | STEMS
2026-06-06 01:36:52,590 INFO [sb-015]       StepMonitoring.java:98   | REDUCTION
2026-06-06 01:36:52,604 INFO [sb-015]        ReductionStep.java:105  | Stems free length median value: 100 pixels, 3.6 interlines
2026-06-06 01:36:52,605 INFO [sb-015]       StepMonitoring.java:98   | CUE_BEAMS
2026-06-06 01:36:52,605 INFO [sb-015]         CueBeamsStep.java:81   | Step CUE_BEAMS is skipped because small heads switch is off
2026-06-06 01:36:52,605 INFO [sb-015]       StepMonitoring.java:98   | TEXTS
2026-06-06 01:36:52,669 WARN [sb-015]         TesseractOCR.java:335  | The collection of supported languages is empty
2026-06-06 01:36:52,669 INFO [sb-015]              OcrUtil.java:106  | Missing support for 'eng' language(s)
2026-06-06 01:36:52,670 INFO [sb-015]       StepMonitoring.java:98   | MEASURES
2026-06-06 01:36:52,670 INFO [sb-015]                 Page.java:307  | 37 raw measures: [11 in system#1, 12 in system#2, 8 in system#3, 6 in system#4]
2026-06-06 01:36:52,671 INFO [sb-015]       StepMonitoring.java:98   | CHORDS
2026-06-06 01:36:52,672 INFO [sb-015]       StepMonitoring.java:98   | CURVES
2026-06-06 01:36:52,999 INFO [sb-015]         SlursBuilder.java:240  | Slurs: 35
2026-06-06 01:36:53,000 INFO [sb-015]      SegmentsBuilder.java:155  | Segments: 17
2026-06-06 01:36:53,001 INFO [sb-015]       StepMonitoring.java:98   | SYMBOLS
2026-06-06 01:36:53,800 INFO [sb-015]       StepMonitoring.java:98   | LINKS
2026-06-06 01:36:53,814 INFO [sb-015]             KeyInter.java:1189 | No effective key before AlterInter#3509{(0.800) staff:4 NATURAL pitch:-3.0}
2026-06-06 01:36:53,816 INFO [sb-015]       StepMonitoring.java:98   | RHYTHMS
2026-06-06 01:36:53,819 INFO [sb-015]        MeasureRhythm.java:1044 | Measure{#6} No timeOffset for HeadChordInter#2729{(0.591/0.591) staff:1 slot#2 dur:1/2}
2026-06-06 01:36:53,819 INFO [sb-015]   AbstractChordInter.java:627  | Measure{#6} No timeOffset for HeadChordInter#2729{(0.591/0.591) staff:1 slot#2 dur:1/2}
2026-06-06 01:36:53,819 INFO [sb-015]   AbstractChordInter.java:627  | Measure{#6} No timeOffset for HeadChordInter#2730{(0.948/0.948) staff:1 slot#3 dur:1/4}
2026-06-06 01:36:53,819 INFO [sb-015]   AbstractChordInter.java:627  | Measure{#6} No timeOffset for RestChordInter#3433{(0.798/0.798) staff:1 slot#4 dur:1/16}
2026-06-06 01:36:53,820 INFO [sb-015]          StackRhythm.java:224  | S1 MeasureStack#6 no correct rhythm
2026-06-06 01:36:53,821 INFO [sb-015]        MeasureRhythm.java:1044 | Measure{#10} No timeOffset for HeadChordInter#2739{(0.957/0.957) staff:1 slot#2 dur:1/8}
2026-06-06 01:36:53,821 INFO [sb-015]          StackRhythm.java:224  | S1 MeasureStack#10 no correct rhythm
2026-06-06 01:36:53,823 INFO [sb-015]        MeasureRhythm.java:1044 | Measure{#17} No timeOffset for HeadChordInter#2758{(0.549/0.549) staff:2 slot#2 dur:1/2}
2026-06-06 01:36:53,823 INFO [sb-015]   AbstractChordInter.java:627  | Measure{#17} No timeOffset for HeadChordInter#2758{(0.549/0.549) staff:2 slot#2 dur:1/2}
2026-06-06 01:36:53,823 INFO [sb-015]   AbstractChordInter.java:627  | Measure{#17} No timeOffset for HeadChordInter#2759{(0.947/0.947) staff:2 slot#3 dur:1/4}
2026-06-06 01:36:53,823 INFO [sb-015]   AbstractChordInter.java:627  | Measure{#17} No timeOffset for RestChordInter#3466{(0.798/0.798) staff:2 slot#4 dur:1/16}
2026-06-06 01:36:53,823 INFO [sb-015]          StackRhythm.java:224  | S2 MeasureStack#17 no correct rhythm
2026-06-06 01:36:53,824 INFO [sb-015]        MeasureRhythm.java:1044 | Measure{#21} No timeOffset for HeadChordInter#2768{(0.954/0.954) staff:2 slot#2 dur:1/8}
2026-06-06 01:36:53,824 INFO [sb-015]          StackRhythm.java:224  | S2 MeasureStack#21 no correct rhythm
2026-06-06 01:36:53,826 INFO [sb-015]                Voice.java:257  | Measure{#28} Voice{#1 excess:1/8} too long
2026-06-06 01:36:53,826 INFO [sb-015]          StackRhythm.java:224  | S3 MeasureStack#28 no correct rhythm
2026-06-06 01:36:53,828 INFO [sb-015]        MeasureRhythm.java:1044 | Measure{#36} No timeOffset for HeadChordInter#2813{(0.594/0.594) staff:4 slot#4 dur:1/2}
2026-06-06 01:36:53,828 INFO [sb-015]   AbstractChordInter.java:627  | Measure{#36} No timeOffset for HeadChordInter#2813{(0.594/0.594) staff:4 slot#4 dur:1/2}
2026-06-06 01:36:53,829 INFO [sb-015]          StackRhythm.java:224  | S4 MeasureStack#36 no correct rhythm
2026-06-06 01:36:53,829 INFO [sb-015]       StepMonitoring.java:98   | PAGE
2026-06-06 01:36:53,830 INFO [sb-015]                Voice.java:257  | Measure{#28} Voice{#1 excess:1/8} too long
2026-06-06 01:36:53,830 INFO [sb-015]                 Book.java:2584 | Book{sb-015} storing
2026-06-06 01:36:53,930 INFO [sb-015]                 Book.java:2565 | Stored /book.xml
2026-06-06 01:36:53,979 INFO [sb-015]           DataHolder.java:348  | Stored /sheet#1/BINARY.png
2026-06-06 01:36:54,152 INFO [sb-015]                Sheet.java:1583 | Stored /sheet#1/sheet#1.xml
2026-06-06 01:36:54,152 INFO [sb-015]                 Book.java:2525 | Book stored as omr/out/sb-015.omr
2026-06-06 01:36:54,153 INFO [sb-015]            SheetStub.java:1655 | Sheet disposed
2026-06-06 01:36:54,243 INFO [sb-015]                 Book.java:2050 | End of Stub#1
2026-06-06 01:36:54,243 INFO [sb-015]                 Book.java:2057 | End of Book{sb-015}
2026-06-06 01:36:54,384 INFO [sb-015]            SheetStub.java:1000 | Loaded /sheet#1/sheet#1.xml
2026-06-06 01:36:54,385 INFO [sb-015]      PartwiseBuilder.java:2706 | Exporting sheet(s): [#1]
2026-06-06 01:36:54,396 INFO [sb-015]        ScoreExporter.java:164  | Score sb-015 exported to omr/out/sb-015.mxl
2026-06-06 01:36:54,495 INFO [sb-015]                Score.java:181  | Closing {Score 1}
