2026-06-06 01:39:13,362 INFO [sb-028]                 Book.java:560  | 1 sheet in /home/runner/work/sambrass-tutor/sambrass-tutor/omr/input/sb-028.png
2026-06-06 01:39:13,501 INFO []                 Book.java:2565 | Stored /book.xml
2026-06-06 01:39:13,502 INFO []                 Book.java:2525 | Book stored as omr/out/sb-028.omr
2026-06-06 01:39:13,502 INFO []                 Book.java:1929 | Book reaching PAGE on sheets:[#1]
2026-06-06 01:39:13,503 INFO [sb-028]       StepMonitoring.java:98   | LOAD
2026-06-06 01:39:13,570 INFO [sb-028]            SheetStub.java:1278 | Loaded image #1 3175x1935 from /home/runner/work/sambrass-tutor/sambrass-tutor/omr/input/sb-028.png
2026-06-06 01:39:13,571 INFO [sb-028]            ImageUtil.java:124  | Converting max RGB to gray
2026-06-06 01:39:13,645 INFO [sb-028]       StepMonitoring.java:98   | BINARY
2026-06-06 01:39:13,888 INFO [sb-028]       StepMonitoring.java:98   | SCALE
2026-06-06 01:39:13,890 INFO [sb-028]         ScaleBuilder.java:255  | Beam  guessed height: 13 -- mid of [6..20]
2026-06-06 01:39:13,890 INFO [sb-028]         ScaleBuilder.java:271  | Beam measured height: 13 -- 0.50 of [6..20] range at 531% of needed quorum
2026-06-06 01:39:13,890 INFO [sb-028]         ScaleBuilder.java:401  | Normalized black jitter: 9.09 %
2026-06-06 01:39:13,890 INFO [sb-028]            ScaleStep.java:65   | Scale{ interline(21,22,23) line(4,5,6) beam(13)}
2026-06-06 01:39:13,890 INFO [sb-028]       StepMonitoring.java:98   | GRID
2026-06-06 01:39:13,984 INFO [sb-028]       LinesRetriever.java:1500 | Global slope: 0.00000
2026-06-06 01:39:13,988 INFO [sb-028]    ClustersRetriever.java:326  | Retrieved raw line clusters: 5 of sizes [5] with interline(21,22,23)
2026-06-06 01:39:14,034 INFO [sb-028]            PeakGraph.java:310  | Systems: #1[1] #2[2] #3[3] #4[4] #5[5]
2026-06-06 01:39:14,185 INFO [sb-028]        SystemManager.java:134  | Indentation detected for system #1
2026-06-06 01:39:14,186 INFO [sb-028]        SystemManager.java:779  | 1 part along 5 systems
2026-06-06 01:39:14,186 INFO [sb-028]                 Book.java:543  | Created scores: [{Score 1}]
2026-06-06 01:39:14,186 INFO [sb-028]       StepMonitoring.java:98   | HEADERS
2026-06-06 01:39:14,265 INFO [sb-028]       StepMonitoring.java:98   | STEM_SEEDS
2026-06-06 01:39:14,297 INFO [sb-028]        StemSeedsStep.java:86   | stem(4 max:5)
2026-06-06 01:39:14,307 INFO [sb-028]       StepMonitoring.java:98   | BEAMS
2026-06-06 01:39:17,181 INFO [sb-028]       StepMonitoring.java:98   | LEDGERS
2026-06-06 01:39:17,358 INFO [sb-028]       StepMonitoring.java:98   | HEADS
2026-06-06 01:39:22,097 INFO [sb-028]        HeadSeedTally.java:235  | Scale information: HeadSeeds{NOTEHEAD_BLACK[L:-0.5,R:-0.9]}
2026-06-06 01:39:22,097 INFO [sb-028]       StepMonitoring.java:98   | STEMS
2026-06-06 01:39:22,619 INFO [sb-028]       StepMonitoring.java:98   | REDUCTION
2026-06-06 01:39:22,649 INFO [sb-028]        ReductionStep.java:105  | Stems free length median value: 80 pixels, 3.6 interlines
2026-06-06 01:39:22,651 INFO [sb-028]       StepMonitoring.java:98   | CUE_BEAMS
2026-06-06 01:39:22,651 INFO [sb-028]         CueBeamsStep.java:81   | Step CUE_BEAMS is skipped because small heads switch is off
2026-06-06 01:39:22,651 INFO [sb-028]       StepMonitoring.java:98   | TEXTS
2026-06-06 01:39:22,726 WARN [sb-028]         TesseractOCR.java:335  | The collection of supported languages is empty
2026-06-06 01:39:22,726 INFO [sb-028]              OcrUtil.java:106  | Missing support for 'eng' language(s)
2026-06-06 01:39:22,727 INFO [sb-028]       StepMonitoring.java:98   | MEASURES
2026-06-06 01:39:22,727 INFO [sb-028]                 Page.java:307  | 38 raw measures: [8 in system#1, 5 in system#2, 7 in system#3, 9 in system#4, 9 in system#5]
2026-06-06 01:39:22,728 INFO [sb-028]       StepMonitoring.java:98   | CHORDS
2026-06-06 01:39:22,730 INFO [sb-028]       StepMonitoring.java:98   | CURVES
2026-06-06 01:39:23,097 INFO [sb-028]         SlursBuilder.java:240  | Slurs: 20
2026-06-06 01:39:23,100 INFO [sb-028]      SegmentsBuilder.java:155  | Segments: 36
2026-06-06 01:39:23,103 WARN [sb-028]         TesseractOCR.java:335  | The collection of supported languages is empty
2026-06-06 01:39:23,103 INFO [sb-028]              OcrUtil.java:106  | Missing support for 'eng' language(s)
2026-06-06 01:39:23,103 INFO [sb-028]    RehearsalsBuilder.java:199  | No text found in rehearsal enclosure java.awt.Rectangle[x=214,y=197,width=77,height=72]
2026-06-06 01:39:23,105 WARN [sb-028]         TesseractOCR.java:335  | The collection of supported languages is empty
2026-06-06 01:39:23,105 INFO [sb-028]              OcrUtil.java:106  | Missing support for 'eng' language(s)
2026-06-06 01:39:23,105 INFO [sb-028]    RehearsalsBuilder.java:199  | No text found in rehearsal enclosure java.awt.Rectangle[x=1432,y=495,width=72,height=71]
2026-06-06 01:39:23,107 WARN [sb-028]         TesseractOCR.java:335  | The collection of supported languages is empty
2026-06-06 01:39:23,107 INFO [sb-028]              OcrUtil.java:106  | Missing support for 'eng' language(s)
2026-06-06 01:39:23,107 INFO [sb-028]    RehearsalsBuilder.java:199  | No text found in rehearsal enclosure java.awt.Rectangle[x=2473,y=838,width=74,height=72]
2026-06-06 01:39:23,107 INFO [sb-028]       StepMonitoring.java:98   | SYMBOLS
2026-06-06 01:39:24,260 INFO [sb-028]       StepMonitoring.java:98   | LINKS
2026-06-06 01:39:24,272 INFO [sb-028]        SymbolsLinker.java:258  | No chord linked to OctaveShiftInter#7726{(0.179) staff:4 VENTIDUESIMA BASSA} at java.awt.Point[x=400,y=1558]
2026-06-06 01:39:24,299 INFO [sb-028]       StepMonitoring.java:98   | RHYTHMS
2026-06-06 01:39:24,300 INFO [sb-028]        MeasureRhythm.java:1044 | Measure{#1} No timeOffset for HeadChordInter#6370{(0.949/0.949) staff:1 slot#4 dur:1/4}
2026-06-06 01:39:24,301 INFO [sb-028]                Voice.java:257  | Measure{#1} Voice{#1 excess:1/16} too long
2026-06-06 01:39:24,301 INFO [sb-028]          StackRhythm.java:224  | S1 MeasureStack#1 no correct rhythm
2026-06-06 01:39:24,303 INFO [sb-028]                Voice.java:257  | Measure{#6} Voice{#1 excess:1/16} too long
2026-06-06 01:39:24,303 INFO [sb-028]          StackRhythm.java:224  | S1 MeasureStack#6 no correct rhythm
2026-06-06 01:39:24,305 INFO [sb-028]        MeasureRhythm.java:1044 | Measure{#9} No timeOffset for HeadChordInter#6420{(0.541/0.541) staff:2 slot#8 dur:1/2}
2026-06-06 01:39:24,305 INFO [sb-028]   AbstractChordInter.java:627  | Measure{#9} No timeOffset for HeadChordInter#6420{(0.541/0.541) staff:2 slot#8 dur:1/2}
2026-06-06 01:39:24,305 INFO [sb-028]   AbstractChordInter.java:627  | Measure{#9} No timeOffset for HeadChordInter#6422{(0.960/0.960) staff:2 slot#10 dur:1/8}
2026-06-06 01:39:24,305 INFO [sb-028]   AbstractChordInter.java:627  | Measure{#9} No timeOffset for RestChordInter#7636{(0.799/0.799) staff:2 slot#11 dur:1/16}
2026-06-06 01:39:24,305 INFO [sb-028]          StackRhythm.java:224  | S2 MeasureStack#9 no correct rhythm
2026-06-06 01:39:24,314 INFO [sb-028]       StepMonitoring.java:98   | PAGE
2026-06-06 01:39:24,315 INFO [sb-028]                Voice.java:257  | Measure{#1} Voice{#1 excess:1/16} too long
2026-06-06 01:39:24,315 INFO [sb-028]                Voice.java:257  | Measure{#6} Voice{#1 excess:1/16} too long
2026-06-06 01:39:24,315 INFO [sb-028]                 Book.java:2584 | Book{sb-028} storing
2026-06-06 01:39:24,473 INFO [sb-028]                 Book.java:2565 | Stored /book.xml
2026-06-06 01:39:24,526 INFO [sb-028]           DataHolder.java:348  | Stored /sheet#1/BINARY.png
2026-06-06 01:39:24,853 INFO [sb-028]                Sheet.java:1583 | Stored /sheet#1/sheet#1.xml
2026-06-06 01:39:24,854 INFO [sb-028]                 Book.java:2525 | Book stored as omr/out/sb-028.omr
2026-06-06 01:39:24,855 INFO [sb-028]            SheetStub.java:1655 | Sheet disposed
2026-06-06 01:39:24,990 INFO [sb-028]                 Book.java:2050 | End of Stub#1
2026-06-06 01:39:24,990 INFO [sb-028]                 Book.java:2057 | End of Book{sb-028}
2026-06-06 01:39:25,208 INFO [sb-028]            SheetStub.java:1000 | Loaded /sheet#1/sheet#1.xml
2026-06-06 01:39:25,209 INFO [sb-028]      PartwiseBuilder.java:2706 | Exporting sheet(s): [#1]
2026-06-06 01:39:25,225 INFO [sb-028]        ScoreExporter.java:164  | Score sb-028 exported to omr/out/sb-028.mxl
2026-06-06 01:39:25,387 INFO [sb-028]                Score.java:181  | Closing {Score 1}
