2026-06-06 01:36:06,369 INFO [sb-012]                 Book.java:560  | 1 sheet in /home/runner/work/sambrass-tutor/sambrass-tutor/omr/input/sb-012.png
2026-06-06 01:36:06,442 INFO []                 Book.java:2565 | Stored /book.xml
2026-06-06 01:36:06,442 INFO []                 Book.java:2525 | Book stored as omr/out/sb-012.omr
2026-06-06 01:36:06,443 INFO []                 Book.java:1929 | Book reaching PAGE on sheets:[#1]
2026-06-06 01:36:06,443 INFO [sb-012]       StepMonitoring.java:98   | LOAD
2026-06-06 01:36:06,511 INFO [sb-012]            SheetStub.java:1278 | Loaded image #1 3175x1935 from /home/runner/work/sambrass-tutor/sambrass-tutor/omr/input/sb-012.png
2026-06-06 01:36:06,512 INFO [sb-012]            ImageUtil.java:124  | Converting max RGB to gray
2026-06-06 01:36:06,592 INFO [sb-012]       StepMonitoring.java:98   | BINARY
2026-06-06 01:36:06,833 INFO [sb-012]       StepMonitoring.java:98   | SCALE
2026-06-06 01:36:06,834 INFO [sb-012]         ScaleBuilder.java:255  | Beam  guessed height: 17 -- mid of [8..26]
2026-06-06 01:36:06,834 INFO [sb-012]         ScaleBuilder.java:271  | Beam measured height: 16 -- 0.44 of [8..26] range at 446% of needed quorum
2026-06-06 01:36:06,834 INFO [sb-012]         ScaleBuilder.java:401  | Normalized black jitter: 7.14 %
2026-06-06 01:36:06,834 INFO [sb-012]            ScaleStep.java:65   | Scale{ interline(27,28,28) line(4,5,6) beam(16)}
2026-06-06 01:36:06,834 INFO [sb-012]       StepMonitoring.java:98   | GRID
2026-06-06 01:36:06,907 INFO [sb-012]       LinesRetriever.java:1500 | Global slope: 0.00000
2026-06-06 01:36:06,911 INFO [sb-012]    ClustersRetriever.java:326  | Retrieved raw line clusters: 4 of sizes [5] with interline(27,28,28)
2026-06-06 01:36:06,933 INFO [sb-012]            PeakGraph.java:310  | Systems: #1[1] #2[2] #3[3] #4[4]
2026-06-06 01:36:07,027 INFO [sb-012]        SystemManager.java:134  | Indentation detected for system #1
2026-06-06 01:36:07,027 INFO [sb-012]        SystemManager.java:779  | 1 part along 4 systems
2026-06-06 01:36:07,027 INFO [sb-012]                 Book.java:543  | Created scores: [{Score 1}]
2026-06-06 01:36:07,028 INFO [sb-012]       StepMonitoring.java:98   | HEADERS
2026-06-06 01:36:07,104 INFO [sb-012]       StepMonitoring.java:98   | STEM_SEEDS
2026-06-06 01:36:07,135 INFO [sb-012]        StemSeedsStep.java:86   | stem(5 max:6)
2026-06-06 01:36:07,142 INFO [sb-012]       StepMonitoring.java:98   | BEAMS
2026-06-06 01:36:11,243 INFO [sb-012]       StepMonitoring.java:98   | LEDGERS
2026-06-06 01:36:11,346 INFO [sb-012]       StepMonitoring.java:98   | HEADS
2026-06-06 01:36:17,065 INFO [sb-012]        HeadSeedTally.java:235  | Scale information: HeadSeeds{NOTEHEAD_BLACK[L:-0.5,R:-0.8]}
2026-06-06 01:36:17,065 INFO [sb-012]       StepMonitoring.java:98   | STEMS
2026-06-06 01:36:17,403 INFO [sb-012]       StepMonitoring.java:98   | REDUCTION
2026-06-06 01:36:17,432 INFO [sb-012]        ReductionStep.java:105  | Stems free length median value: 94 pixels, 3.4 interlines
2026-06-06 01:36:17,433 INFO [sb-012]       StepMonitoring.java:98   | CUE_BEAMS
2026-06-06 01:36:17,434 INFO [sb-012]         CueBeamsStep.java:81   | Step CUE_BEAMS is skipped because small heads switch is off
2026-06-06 01:36:17,434 INFO [sb-012]       StepMonitoring.java:98   | TEXTS
2026-06-06 01:36:17,522 WARN [sb-012]         TesseractOCR.java:335  | The collection of supported languages is empty
2026-06-06 01:36:17,523 INFO [sb-012]              OcrUtil.java:106  | Missing support for 'eng' language(s)
2026-06-06 01:36:17,524 INFO [sb-012]       StepMonitoring.java:98   | MEASURES
2026-06-06 01:36:17,525 INFO [sb-012]                 Page.java:307  | 38 raw measures: [10 in system#1, 10 in system#2, 10 in system#3, 8 in system#4]
2026-06-06 01:36:17,526 INFO [sb-012]       StepMonitoring.java:98   | CHORDS
2026-06-06 01:36:17,528 INFO [sb-012]       StepMonitoring.java:98   | CURVES
2026-06-06 01:36:17,869 INFO [sb-012]         SlursBuilder.java:240  | Slurs: 34
2026-06-06 01:36:17,871 INFO [sb-012]      SegmentsBuilder.java:155  | Segments: 19
2026-06-06 01:36:17,872 INFO [sb-012]       StepMonitoring.java:98   | SYMBOLS
2026-06-06 01:36:18,645 INFO [sb-012]       StepMonitoring.java:98   | LINKS
2026-06-06 01:36:18,657 INFO [sb-012]       StepMonitoring.java:98   | RHYTHMS
2026-06-06 01:36:18,673 INFO [sb-012]                Voice.java:257  | Measure{#21} Voice{#1 excess:1/16} too long
2026-06-06 01:36:18,674 INFO [sb-012]          StackRhythm.java:224  | S3 MeasureStack#21 no correct rhythm
2026-06-06 01:36:18,677 INFO [sb-012]       StepMonitoring.java:98   | PAGE
2026-06-06 01:36:18,677 INFO [sb-012]                Voice.java:257  | Measure{#21} Voice{#1 excess:1/16} too long
2026-06-06 01:36:18,678 INFO [sb-012]                 Book.java:2584 | Book{sb-012} storing
2026-06-06 01:36:18,768 INFO [sb-012]                 Book.java:2565 | Stored /book.xml
2026-06-06 01:36:18,819 INFO [sb-012]           DataHolder.java:348  | Stored /sheet#1/BINARY.png
2026-06-06 01:36:19,029 INFO [sb-012]                Sheet.java:1583 | Stored /sheet#1/sheet#1.xml
2026-06-06 01:36:19,030 INFO [sb-012]                 Book.java:2525 | Book stored as omr/out/sb-012.omr
2026-06-06 01:36:19,030 INFO [sb-012]            SheetStub.java:1655 | Sheet disposed
2026-06-06 01:36:19,103 INFO [sb-012]                 Book.java:2050 | End of Stub#1
2026-06-06 01:36:19,104 INFO [sb-012]                 Book.java:2057 | End of Book{sb-012}
2026-06-06 01:36:19,266 INFO [sb-012]            SheetStub.java:1000 | Loaded /sheet#1/sheet#1.xml
2026-06-06 01:36:19,267 INFO [sb-012]      PartwiseBuilder.java:2706 | Exporting sheet(s): [#1]
2026-06-06 01:36:19,279 INFO [sb-012]        ScoreExporter.java:164  | Score sb-012 exported to omr/out/sb-012.mxl
2026-06-06 01:36:19,363 INFO [sb-012]                Score.java:181  | Closing {Score 1}
