2026-06-06 01:37:16,626 INFO [sb-018]                 Book.java:560  | 1 sheet in /home/runner/work/sambrass-tutor/sambrass-tutor/omr/input/sb-018.png
2026-06-06 01:37:16,718 INFO []                 Book.java:2565 | Stored /book.xml
2026-06-06 01:37:16,718 INFO []                 Book.java:2525 | Book stored as omr/out/sb-018.omr
2026-06-06 01:37:16,719 INFO []                 Book.java:1929 | Book reaching PAGE on sheets:[#1]
2026-06-06 01:37:16,719 INFO [sb-018]       StepMonitoring.java:98   | LOAD
2026-06-06 01:37:16,796 INFO [sb-018]            SheetStub.java:1278 | Loaded image #1 3175x1935 from /home/runner/work/sambrass-tutor/sambrass-tutor/omr/input/sb-018.png
2026-06-06 01:37:16,797 INFO [sb-018]            ImageUtil.java:124  | Converting max RGB to gray
2026-06-06 01:37:16,871 INFO [sb-018]       StepMonitoring.java:98   | BINARY
2026-06-06 01:37:17,119 INFO [sb-018]       StepMonitoring.java:98   | SCALE
2026-06-06 01:37:17,120 INFO [sb-018]         ScaleBuilder.java:255  | Beam  guessed height: 14 -- mid of [7..22]
2026-06-06 01:37:17,120 INFO [sb-018]         ScaleBuilder.java:271  | Beam measured height: 14 -- 0.47 of [7..22] range at 514% of needed quorum
2026-06-06 01:37:17,121 INFO [sb-018]         ScaleBuilder.java:401  | Normalized black jitter: 8.33 %
2026-06-06 01:37:17,121 INFO [sb-018]            ScaleStep.java:65   | Scale{ interline(23,24,25) line(4,5,6) beam(14)}
2026-06-06 01:37:17,121 INFO [sb-018]       StepMonitoring.java:98   | GRID
2026-06-06 01:37:17,214 INFO [sb-018]       LinesRetriever.java:1500 | Global slope: 0.00000
2026-06-06 01:37:17,219 INFO [sb-018]    ClustersRetriever.java:326  | Retrieved raw line clusters: 5 of sizes [5] with interline(23,24,25)
2026-06-06 01:37:17,252 INFO [sb-018]            PeakGraph.java:310  | Systems: #1[1] #2[2] #3[3] #4[4] #5[5]
2026-06-06 01:37:17,253 WARN [sb-018]       StaffProjector.java:341  | Staff#2 no clear end on LEFT
2026-06-06 01:37:17,253 WARN [sb-018]       StaffProjector.java:341  | Staff#3 no clear end on LEFT
2026-06-06 01:37:17,253 WARN [sb-018]       StaffProjector.java:341  | Staff#4 no clear end on LEFT
2026-06-06 01:37:17,253 WARN [sb-018]       StaffProjector.java:341  | Staff#5 no clear end on LEFT
2026-06-06 01:37:17,364 INFO [sb-018]        SystemManager.java:134  | Indentation detected for system #1
2026-06-06 01:37:17,364 INFO [sb-018]        SystemManager.java:779  | 1 part along 5 systems
2026-06-06 01:37:17,364 INFO [sb-018]                 Book.java:543  | Created scores: [{Score 1}]
2026-06-06 01:37:17,364 INFO [sb-018]       StepMonitoring.java:98   | HEADERS
2026-06-06 01:37:17,431 INFO [sb-018]       StepMonitoring.java:98   | STEM_SEEDS
2026-06-06 01:37:17,462 INFO [sb-018]        StemSeedsStep.java:86   | stem(4 max:6)
2026-06-06 01:37:17,471 INFO [sb-018]       StepMonitoring.java:98   | BEAMS
2026-06-06 01:37:20,872 INFO [sb-018]       StepMonitoring.java:98   | LEDGERS
2026-06-06 01:37:21,003 INFO [sb-018]       StepMonitoring.java:98   | HEADS
2026-06-06 01:37:26,294 INFO [sb-018]        HeadSeedTally.java:235  | Scale information: HeadSeeds{NOTEHEAD_BLACK[L:-1.1,R:-1.4]}
2026-06-06 01:37:26,295 INFO [sb-018]       StepMonitoring.java:98   | STEMS
2026-06-06 01:37:26,653 INFO [sb-018]       StepMonitoring.java:98   | REDUCTION
2026-06-06 01:37:26,680 INFO [sb-018]        ReductionStep.java:105  | Stems free length median value: 85 pixels, 3.5 interlines
2026-06-06 01:37:26,682 INFO [sb-018]       StepMonitoring.java:98   | CUE_BEAMS
2026-06-06 01:37:26,682 INFO [sb-018]         CueBeamsStep.java:81   | Step CUE_BEAMS is skipped because small heads switch is off
2026-06-06 01:37:26,682 INFO [sb-018]       StepMonitoring.java:98   | TEXTS
2026-06-06 01:37:26,775 WARN [sb-018]         TesseractOCR.java:335  | The collection of supported languages is empty
2026-06-06 01:37:26,775 INFO [sb-018]              OcrUtil.java:106  | Missing support for 'eng' language(s)
2026-06-06 01:37:26,777 INFO [sb-018]       StepMonitoring.java:98   | MEASURES
2026-06-06 01:37:26,777 INFO [sb-018]                 Page.java:307  | 40 raw measures: [8 in system#1, 9 in system#2, 7 in system#3, 9 in system#4, 7 in system#5]
2026-06-06 01:37:26,778 INFO [sb-018]       StepMonitoring.java:98   | CHORDS
2026-06-06 01:37:26,780 INFO [sb-018]       StepMonitoring.java:98   | CURVES
2026-06-06 01:37:27,162 INFO [sb-018]         SlursBuilder.java:240  | Slurs: 27
2026-06-06 01:37:27,166 INFO [sb-018]      SegmentsBuilder.java:155  | Segments: 39
2026-06-06 01:37:27,171 WARN [sb-018]         TesseractOCR.java:335  | The collection of supported languages is empty
2026-06-06 01:37:27,171 INFO [sb-018]              OcrUtil.java:106  | Missing support for 'eng' language(s)
2026-06-06 01:37:27,171 INFO [sb-018]    RehearsalsBuilder.java:199  | No text found in rehearsal enclosure java.awt.Rectangle[x=274,y=110,width=82,height=78]
2026-06-06 01:37:27,173 WARN [sb-018]         TesseractOCR.java:335  | The collection of supported languages is empty
2026-06-06 01:37:27,173 INFO [sb-018]              OcrUtil.java:106  | Missing support for 'eng' language(s)
2026-06-06 01:37:27,173 INFO [sb-018]    RehearsalsBuilder.java:199  | No text found in rehearsal enclosure java.awt.Rectangle[x=1416,y=1192,width=77,height=77]
2026-06-06 01:37:27,173 INFO [sb-018]       StepMonitoring.java:98   | SYMBOLS
2026-06-06 01:37:28,289 INFO [sb-018]       StepMonitoring.java:98   | LINKS
2026-06-06 01:37:28,295 INFO [sb-018]        SymbolsLinker.java:258  | No chord linked to OctaveShiftInter#5824{(0.731) staff:2 OTTAVA BASSA} at java.awt.Point[x=25,y=915]
2026-06-06 01:37:28,295 INFO [sb-018]        SymbolsLinker.java:258  | No chord linked to OctaveShiftInter#5861{(0.134) staff:2 VENTIDUESIMA BASSA} at java.awt.Point[x=3067,y=915]
2026-06-06 01:37:28,300 INFO [sb-018]        SymbolsLinker.java:258  | No chord linked to OctaveShiftInter#5872{(0.731) staff:3 OTTAVA ALTA} at java.awt.Point[x=25,y=915]
2026-06-06 01:37:28,300 INFO [sb-018]        SymbolsLinker.java:258  | No chord linked to OctaveShiftInter#5922{(0.134) staff:3 VENTIDUESIMA ALTA} at java.awt.Point[x=3067,y=915]
2026-06-06 01:37:28,304 INFO [sb-018]        SymbolsLinker.java:258  | No chord linked to OctaveShiftInter#5949{(0.146) staff:4 OTTAVA BASSA} at java.awt.Point[x=1449,y=1655]
2026-06-06 01:37:28,308 INFO [sb-018]        SymbolsLinker.java:258  | No chord linked to OctaveShiftInter#6026{(0.146) staff:5 OTTAVA ALTA} at java.awt.Point[x=1449,y=1655]
2026-06-06 01:37:28,312 INFO [sb-018]       StepMonitoring.java:98   | RHYTHMS
2026-06-06 01:37:28,316 INFO [sb-018]                Voice.java:257  | Measure{#16} Voice{#1 excess:1/8} too long
2026-06-06 01:37:28,316 INFO [sb-018]          StackRhythm.java:224  | S2 MeasureStack#16 no correct rhythm
2026-06-06 01:37:28,317 INFO [sb-018]        MeasureRhythm.java:1044 | Measure{#19} No timeOffset for HeadChordInter#4948{(0.940/0.940) staff:3 slot#3 dur:1/8}
2026-06-06 01:37:28,317 INFO [sb-018]          StackRhythm.java:224  | S3 MeasureStack#19 no correct rhythm
2026-06-06 01:37:28,318 INFO [sb-018]                Voice.java:257  | Measure{#25} Voice{#1 excess:1/8} too long
2026-06-06 01:37:28,318 INFO [sb-018]          StackRhythm.java:224  | S4 MeasureStack#25 no correct rhythm
2026-06-06 01:37:28,321 INFO [sb-018]                Voice.java:257  | Measure{#35} Voice{#1 excess:1/2} too long
2026-06-06 01:37:28,321 INFO [sb-018]          StackRhythm.java:224  | S5 MeasureStack#35 no correct rhythm
2026-06-06 01:37:28,323 INFO [sb-018]                Voice.java:257  | Measure{#39} Voice{#1 excess:1/8} too long
2026-06-06 01:37:28,323 INFO [sb-018]          StackRhythm.java:224  | S5 MeasureStack#39 no correct rhythm
2026-06-06 01:37:28,323 INFO [sb-018]       StepMonitoring.java:98   | PAGE
2026-06-06 01:37:28,324 INFO [sb-018]       SheetReduction.java:154  | Gutter. Different glyphs 4/5 OctaveShiftInter#5935{(0.524/0.524) staff:4 VENTIDUESIMA BASSA} vs DynamicsInter#6009{(0.513/0.779) DYNAMICS_PP}
2026-06-06 01:37:28,325 INFO [sb-018]                Voice.java:257  | Measure{#16} Voice{#1 excess:1/8} too long
2026-06-06 01:37:28,325 INFO [sb-018]                Voice.java:257  | Measure{#25} Voice{#1 excess:1/8} too long
2026-06-06 01:37:28,325 INFO [sb-018]                Voice.java:257  | Measure{#35} Voice{#1 excess:1/2} too long
2026-06-06 01:37:28,325 INFO [sb-018]                Voice.java:257  | Measure{#39} Voice{#1 excess:1/8} too long
2026-06-06 01:37:28,325 INFO [sb-018]                 Book.java:2584 | Book{sb-018} storing
2026-06-06 01:37:28,438 INFO [sb-018]                 Book.java:2565 | Stored /book.xml
2026-06-06 01:37:28,490 INFO [sb-018]           DataHolder.java:348  | Stored /sheet#1/BINARY.png
2026-06-06 01:37:28,763 INFO [sb-018]                Sheet.java:1583 | Stored /sheet#1/sheet#1.xml
2026-06-06 01:37:28,763 INFO [sb-018]                 Book.java:2525 | Book stored as omr/out/sb-018.omr
2026-06-06 01:37:28,764 INFO [sb-018]            SheetStub.java:1655 | Sheet disposed
2026-06-06 01:37:28,854 INFO [sb-018]                 Book.java:2050 | End of Stub#1
2026-06-06 01:37:28,855 INFO [sb-018]                 Book.java:2057 | End of Book{sb-018}
2026-06-06 01:37:29,035 INFO [sb-018]            SheetStub.java:1000 | Loaded /sheet#1/sheet#1.xml
2026-06-06 01:37:29,036 INFO [sb-018]      PartwiseBuilder.java:2706 | Exporting sheet(s): [#1]
2026-06-06 01:37:29,048 INFO [sb-018]        ScoreExporter.java:164  | Score sb-018 exported to omr/out/sb-018.mxl
2026-06-06 01:37:29,152 INFO [sb-018]                Score.java:181  | Closing {Score 1}
