2026-06-06 01:55:12,828 INFO [sb-105]                 Book.java:560  | 1 sheet in /home/runner/work/sambrass-tutor/sambrass-tutor/omr/input/sb-105.png
2026-06-06 01:55:13,300 INFO []                 Book.java:2565 | Stored /book.xml
2026-06-06 01:55:13,300 INFO []                 Book.java:2525 | Book stored as omr/out/sb-105.omr
2026-06-06 01:55:13,301 INFO []                 Book.java:1929 | Book reaching PAGE on sheets:[#1]
2026-06-06 01:55:13,301 INFO [sb-105]       StepMonitoring.java:98   | LOAD
2026-06-06 01:55:13,369 INFO [sb-105]            SheetStub.java:1278 | Loaded image #1 3175x1935 from /home/runner/work/sambrass-tutor/sambrass-tutor/omr/input/sb-105.png
2026-06-06 01:55:13,369 INFO [sb-105]            ImageUtil.java:124  | Converting max RGB to gray
2026-06-06 01:55:13,446 INFO [sb-105]       StepMonitoring.java:98   | BINARY
2026-06-06 01:55:13,688 INFO [sb-105]       StepMonitoring.java:98   | SCALE
2026-06-06 01:55:13,689 INFO [sb-105]         ScaleBuilder.java:255  | Beam  guessed height: 13 -- mid of [6..21]
2026-06-06 01:55:13,689 INFO [sb-105]         ScaleBuilder.java:271  | Beam measured height: 14 -- 0.53 of [6..21] range at 296% of needed quorum
2026-06-06 01:55:13,689 INFO [sb-105]         ScaleBuilder.java:401  | Normalized black jitter: 8.70 %
2026-06-06 01:55:13,689 INFO [sb-105]            ScaleStep.java:65   | Scale{ interline(22,23,23) line(4,5,6) beam(14)}
2026-06-06 01:55:13,690 INFO [sb-105]       StepMonitoring.java:98   | GRID
2026-06-06 01:55:13,775 INFO [sb-105]       LinesRetriever.java:1500 | Global slope: 0.00000
2026-06-06 01:55:13,779 INFO [sb-105]    ClustersRetriever.java:326  | Retrieved raw line clusters: 4 of sizes [5] with interline(22,23,23)
2026-06-06 01:55:13,818 INFO [sb-105]            PeakGraph.java:310  | Systems: #1[1] #2[2] #3[3] #4[4]
2026-06-06 01:55:13,951 INFO [sb-105]        SystemManager.java:134  | Indentation detected for system #1
2026-06-06 01:55:13,952 INFO [sb-105]        SystemManager.java:779  | 1 part along 4 systems
2026-06-06 01:55:13,952 INFO [sb-105]                 Book.java:543  | Created scores: [{Score 1}]
2026-06-06 01:55:13,952 INFO [sb-105]       StepMonitoring.java:98   | HEADERS
2026-06-06 01:55:14,079 INFO [sb-105]       StepMonitoring.java:98   | STEM_SEEDS
2026-06-06 01:55:14,110 INFO [sb-105]        StemSeedsStep.java:86   | stem(8 max:9)
2026-06-06 01:55:14,122 INFO [sb-105]       StepMonitoring.java:98   | BEAMS
2026-06-06 01:55:17,312 INFO [sb-105]       StepMonitoring.java:98   | LEDGERS
2026-06-06 01:55:17,450 INFO [sb-105]       StepMonitoring.java:98   | HEADS
2026-06-06 01:55:21,808 INFO [sb-105]        HeadSeedTally.java:235  | Scale information: HeadSeeds{NOTEHEAD_BLACK[L:-0.1,R:-1.3]}
2026-06-06 01:55:21,809 INFO [sb-105]       StepMonitoring.java:98   | STEMS
2026-06-06 01:55:22,223 INFO [sb-105]       StepMonitoring.java:98   | REDUCTION
2026-06-06 01:55:22,243 INFO [sb-105]        ReductionStep.java:105  | Stems free length median value: 80 pixels, 3.5 interlines
2026-06-06 01:55:22,245 INFO [sb-105]       StepMonitoring.java:98   | CUE_BEAMS
2026-06-06 01:55:22,245 INFO [sb-105]         CueBeamsStep.java:81   | Step CUE_BEAMS is skipped because small heads switch is off
2026-06-06 01:55:22,245 INFO [sb-105]       StepMonitoring.java:98   | TEXTS
2026-06-06 01:55:22,307 WARN [sb-105]         TesseractOCR.java:335  | The collection of supported languages is empty
2026-06-06 01:55:22,307 INFO [sb-105]              OcrUtil.java:106  | Missing support for 'eng' language(s)
2026-06-06 01:55:22,308 INFO [sb-105]       StepMonitoring.java:98   | MEASURES
2026-06-06 01:55:22,308 INFO [sb-105]                 Page.java:307  | 27 raw measures: [8 in system#1, 5 in system#2, 7 in system#3, 7 in system#4]
2026-06-06 01:55:22,308 INFO [sb-105]       StepMonitoring.java:98   | CHORDS
2026-06-06 01:55:22,310 INFO [sb-105]       StepMonitoring.java:98   | CURVES
2026-06-06 01:55:22,657 INFO [sb-105]         SlursBuilder.java:240  | Slurs: 7
2026-06-06 01:55:22,659 INFO [sb-105]      SegmentsBuilder.java:155  | Segments: 21
2026-06-06 01:55:22,662 WARN [sb-105]         TesseractOCR.java:335  | The collection of supported languages is empty
2026-06-06 01:55:22,662 INFO [sb-105]              OcrUtil.java:106  | Missing support for 'eng' language(s)
2026-06-06 01:55:22,663 INFO [sb-105]    RehearsalsBuilder.java:199  | No text found in rehearsal enclosure java.awt.Rectangle[x=286,y=194,width=76,height=72]
2026-06-06 01:55:22,665 WARN [sb-105]         TesseractOCR.java:335  | The collection of supported languages is empty
2026-06-06 01:55:22,665 INFO [sb-105]              OcrUtil.java:106  | Missing support for 'eng' language(s)
2026-06-06 01:55:22,665 INFO [sb-105]    RehearsalsBuilder.java:199  | No text found in rehearsal enclosure java.awt.Rectangle[x=2542,y=563,width=72,height=72]
2026-06-06 01:55:22,666 WARN [sb-105]         TesseractOCR.java:335  | The collection of supported languages is empty
2026-06-06 01:55:22,667 INFO [sb-105]              OcrUtil.java:106  | Missing support for 'eng' language(s)
2026-06-06 01:55:22,667 INFO [sb-105]    RehearsalsBuilder.java:199  | No text found in rehearsal enclosure java.awt.Rectangle[x=635,y=1440,width=74,height=74]
2026-06-06 01:55:22,667 INFO [sb-105]       StepMonitoring.java:98   | SYMBOLS
2026-06-06 01:55:23,803 INFO [sb-105]       StepMonitoring.java:98   | LINKS
2026-06-06 01:55:23,804 INFO [sb-105]        SymbolsLinker.java:258  | No chord linked to OctaveShiftInter#5774{(0.158) staff:1 VENTIDUESIMA BASSA} at java.awt.Point[x=335,y=667]
2026-06-06 01:55:23,804 INFO [sb-105]        SymbolsLinker.java:258  | No chord linked to OctaveShiftInter#5813{(0.146) staff:1 VENTIDUESIMA ALTA} at java.awt.Point[x=799,y=261]
2026-06-06 01:55:23,807 INFO [sb-105]        SymbolsLinker.java:258  | No chord linked to OctaveShiftInter#5945{(0.691) staff:2 OTTAVA ALTA} at java.awt.Point[x=9,y=717]
2026-06-06 01:55:23,811 INFO [sb-105]        SymbolsLinker.java:258  | No chord linked to OctaveShiftInter#6036{(0.126) staff:3 VENTIDUESIMA BASSA} at java.awt.Point[x=1220,y=1565]
2026-06-06 01:55:23,812 INFO [sb-105]        SymbolsLinker.java:258  | No chord linked to OctaveShiftInter#6058{(0.199) staff:3 VENTIDUESIMA ALTA} at java.awt.Point[x=2657,y=1080]
2026-06-06 01:55:23,818 INFO [sb-105]       StepMonitoring.java:98   | RHYTHMS
2026-06-06 01:55:23,822 INFO [sb-105]        MeasureRhythm.java:1044 | Measure{#11} No timeOffset for HeadChordInter#4859{(0.516/0.516) staff:2 slot#8 dur:1/2}
2026-06-06 01:55:23,822 INFO [sb-105]   AbstractChordInter.java:627  | Measure{#11} No timeOffset for HeadChordInter#4859{(0.516/0.516) staff:2 slot#8 dur:1/2}
2026-06-06 01:55:23,822 INFO [sb-105]   AbstractChordInter.java:627  | Measure{#11} No timeOffset for HeadChordInter#4860{(0.947/0.947) staff:2 slot#9 dur:1/8}
2026-06-06 01:55:23,822 INFO [sb-105]   AbstractChordInter.java:627  | Measure{#11} No timeOffset for RestChordInter#6011{(0.798/0.798) staff:2 slot#10 dur:1/8}
2026-06-06 01:55:23,822 INFO [sb-105]   AbstractChordInter.java:627  | Measure{#11} No timeOffset for RestChordInter#6012{(0.799/0.799) staff:2 slot#11 dur:1/8}
2026-06-06 01:55:23,822 INFO [sb-105]   AbstractChordInter.java:627  | Measure{#11} No timeOffset for HeadChordInter#4861{(0.944/0.944) staff:2 slot#12 dur:1/8}
2026-06-06 01:55:23,822 INFO [sb-105]   AbstractChordInter.java:627  | Measure{#11} No timeOffset for HeadChordInter#4863{(0.946/0.946) staff:2 slot#14 dur:1/8}
2026-06-06 01:55:23,822 INFO [sb-105]          StackRhythm.java:224  | S2 MeasureStack#11 no correct rhythm
2026-06-06 01:55:23,826 INFO [sb-105]       StepMonitoring.java:98   | PAGE
2026-06-06 01:55:23,827 INFO [sb-105]                 Book.java:2584 | Book{sb-105} storing
2026-06-06 01:55:24,342 INFO [sb-105]                 Book.java:2565 | Stored /book.xml
2026-06-06 01:55:24,401 INFO [sb-105]           DataHolder.java:348  | Stored /sheet#1/BINARY.png
2026-06-06 01:55:24,611 INFO [sb-105]                Sheet.java:1583 | Stored /sheet#1/sheet#1.xml
2026-06-06 01:55:24,611 INFO [sb-105]                 Book.java:2525 | Book stored as omr/out/sb-105.omr
2026-06-06 01:55:24,612 INFO [sb-105]            SheetStub.java:1655 | Sheet disposed
2026-06-06 01:55:25,082 INFO [sb-105]                 Book.java:2050 | End of Stub#1
2026-06-06 01:55:25,083 INFO [sb-105]                 Book.java:2057 | End of Book{sb-105}
2026-06-06 01:55:25,248 INFO [sb-105]            SheetStub.java:1000 | Loaded /sheet#1/sheet#1.xml
2026-06-06 01:55:25,249 INFO [sb-105]      PartwiseBuilder.java:2706 | Exporting sheet(s): [#1]
2026-06-06 01:55:25,258 INFO [sb-105]        ScoreExporter.java:164  | Score sb-105 exported to omr/out/sb-105.mxl
2026-06-06 01:55:25,745 INFO [sb-105]                Score.java:181  | Closing {Score 1}
