2026-06-06 01:55:26,222 INFO [sb-106]                 Book.java:560  | 1 sheet in /home/runner/work/sambrass-tutor/sambrass-tutor/omr/input/sb-106.png
2026-06-06 01:55:26,701 INFO []                 Book.java:2565 | Stored /book.xml
2026-06-06 01:55:26,701 INFO []                 Book.java:2525 | Book stored as omr/out/sb-106.omr
2026-06-06 01:55:26,702 INFO []                 Book.java:1929 | Book reaching PAGE on sheets:[#1]
2026-06-06 01:55:26,702 INFO [sb-106]       StepMonitoring.java:98   | LOAD
2026-06-06 01:55:26,783 INFO [sb-106]            SheetStub.java:1278 | Loaded image #1 3175x1935 from /home/runner/work/sambrass-tutor/sambrass-tutor/omr/input/sb-106.png
2026-06-06 01:55:26,784 INFO [sb-106]            ImageUtil.java:124  | Converting max RGB to gray
2026-06-06 01:55:26,881 INFO [sb-106]       StepMonitoring.java:98   | BINARY
2026-06-06 01:55:27,118 INFO [sb-106]       StepMonitoring.java:98   | SCALE
2026-06-06 01:55:27,119 INFO [sb-106]         ScaleBuilder.java:255  | Beam  guessed height: 15 -- mid of [7..23]
2026-06-06 01:55:27,119 INFO [sb-106]         ScaleBuilder.java:271  | Beam measured height: 14 -- 0.44 of [7..23] range at 453% of needed quorum
2026-06-06 01:55:27,120 INFO [sb-106]         ScaleBuilder.java:401  | Normalized black jitter: 8.00 %
2026-06-06 01:55:27,120 INFO [sb-106]            ScaleStep.java:65   | Scale{ interline(24,25,26) line(4,4,6) beam(14)}
2026-06-06 01:55:27,120 INFO [sb-106]       StepMonitoring.java:98   | GRID
2026-06-06 01:55:27,193 INFO [sb-106]       LinesRetriever.java:1500 | Global slope: -0.00022
2026-06-06 01:55:27,196 INFO [sb-106]    ClustersRetriever.java:326  | Retrieved raw line clusters: 4 of sizes [5] with interline(24,25,26)
2026-06-06 01:55:27,230 INFO [sb-106]            PeakGraph.java:310  | Systems: #1[1] #2[2] #3[3] #4[4]
2026-06-06 01:55:27,356 INFO [sb-106]        SystemManager.java:134  | Indentation detected for system #1
2026-06-06 01:55:27,357 INFO [sb-106]        SystemManager.java:779  | 1 part along 4 systems
2026-06-06 01:55:27,357 INFO [sb-106]                 Book.java:543  | Created scores: [{Score 1}]
2026-06-06 01:55:27,357 INFO [sb-106]       StepMonitoring.java:98   | HEADERS
2026-06-06 01:55:27,423 INFO [sb-106]       StepMonitoring.java:98   | STEM_SEEDS
2026-06-06 01:55:27,455 INFO [sb-106]        StemSeedsStep.java:86   | stem(5 max:7)
2026-06-06 01:55:27,465 INFO [sb-106]       StepMonitoring.java:98   | BEAMS
2026-06-06 01:55:30,820 INFO [sb-106]       StepMonitoring.java:98   | LEDGERS
2026-06-06 01:55:30,971 INFO [sb-106]       StepMonitoring.java:98   | HEADS
2026-06-06 01:55:35,365 INFO [sb-106]        HeadSeedTally.java:235  | Scale information: HeadSeeds{NOTEHEAD_BLACK[L:0.1,R:-0.2]}
2026-06-06 01:55:35,365 INFO [sb-106]       StepMonitoring.java:98   | STEMS
2026-06-06 01:55:35,850 INFO [sb-106]       StepMonitoring.java:98   | REDUCTION
2026-06-06 01:55:35,872 INFO [sb-106]        ReductionStep.java:105  | Stems free length median value: 85 pixels, 3.4 interlines
2026-06-06 01:55:35,874 INFO [sb-106]       StepMonitoring.java:98   | CUE_BEAMS
2026-06-06 01:55:35,874 INFO [sb-106]         CueBeamsStep.java:81   | Step CUE_BEAMS is skipped because small heads switch is off
2026-06-06 01:55:35,874 INFO [sb-106]       StepMonitoring.java:98   | TEXTS
2026-06-06 01:55:35,939 WARN [sb-106]         TesseractOCR.java:335  | The collection of supported languages is empty
2026-06-06 01:55:35,939 INFO [sb-106]              OcrUtil.java:106  | Missing support for 'eng' language(s)
2026-06-06 01:55:35,940 INFO [sb-106]       StepMonitoring.java:98   | MEASURES
2026-06-06 01:55:35,941 INFO [sb-106]                 Page.java:307  | 37 raw measures: [9 in system#1, 10 in system#2, 8 in system#3, 10 in system#4]
2026-06-06 01:55:35,941 INFO [sb-106]       StepMonitoring.java:98   | CHORDS
2026-06-06 01:55:35,943 INFO [sb-106]       StepMonitoring.java:98   | CURVES
2026-06-06 01:55:36,288 INFO [sb-106]         SlursBuilder.java:240  | Slurs: 17
2026-06-06 01:55:36,291 INFO [sb-106]      SegmentsBuilder.java:155  | Segments: 37
2026-06-06 01:55:36,297 WARN [sb-106]         TesseractOCR.java:335  | The collection of supported languages is empty
2026-06-06 01:55:36,297 INFO [sb-106]              OcrUtil.java:106  | Missing support for 'eng' language(s)
2026-06-06 01:55:36,297 INFO [sb-106]    RehearsalsBuilder.java:199  | No text found in rehearsal enclosure java.awt.Rectangle[x=179,y=124,width=85,height=80]
2026-06-06 01:55:36,299 WARN [sb-106]         TesseractOCR.java:335  | The collection of supported languages is empty
2026-06-06 01:55:36,299 INFO [sb-106]              OcrUtil.java:106  | Missing support for 'eng' language(s)
2026-06-06 01:55:36,299 INFO [sb-106]    RehearsalsBuilder.java:199  | No text found in rehearsal enclosure java.awt.Rectangle[x=149,y=1505,width=82,height=81]
2026-06-06 01:55:36,299 INFO [sb-106]       StepMonitoring.java:98   | SYMBOLS
2026-06-06 01:55:37,465 INFO [sb-106]       StepMonitoring.java:98   | LINKS
2026-06-06 01:55:37,469 INFO [sb-106]        SymbolsLinker.java:258  | No chord linked to OctaveShiftInter#5864{(0.130) staff:2 VENTIDUESIMA ALTA} at java.awt.Point[x=464,y=632]
2026-06-06 01:55:37,469 INFO [sb-106]             KeyInter.java:1189 | No effective key before AlterInter#5867{(0.793) staff:2 NATURAL pitch:2.0}
2026-06-06 01:55:37,474 INFO [sb-106]             KeyInter.java:1189 | No effective key before AlterInter#5934{(0.685) staff:3 NATURAL pitch:-2.0}
2026-06-06 01:55:37,480 INFO [sb-106]       StepMonitoring.java:98   | RHYTHMS
2026-06-06 01:55:37,481 INFO [sb-106]                Voice.java:257  | Measure{#2} Voice{#1 excess:1/16} too long
2026-06-06 01:55:37,481 INFO [sb-106]          StackRhythm.java:224  | S1 MeasureStack#2 no correct rhythm
2026-06-06 01:55:37,482 INFO [sb-106]        MeasureRhythm.java:1044 | Measure{#3} No timeOffset for HeadChordInter#4753{(0.948/0.948) staff:1 slot#6 dur:3/8}
2026-06-06 01:55:37,482 INFO [sb-106]   AbstractChordInter.java:627  | Measure{#3} No timeOffset for HeadChordInter#4753{(0.948/0.948) staff:1 slot#6 dur:3/8}
2026-06-06 01:55:37,482 INFO [sb-106]          StackRhythm.java:224  | S1 MeasureStack#3 no correct rhythm
2026-06-06 01:55:37,482 INFO [sb-106]                Voice.java:257  | Measure{#4} Voice{#1 excess:3/32} too long
2026-06-06 01:55:37,482 INFO [sb-106]          StackRhythm.java:224  | S1 MeasureStack#4 no correct rhythm
2026-06-06 01:55:37,483 INFO [sb-106]        MeasureRhythm.java:1044 | Measure{#5} No timeOffset for HeadChordInter#4763{(0.948/0.948) staff:1 slot#6 dur:1/4}
2026-06-06 01:55:37,483 INFO [sb-106]   AbstractChordInter.java:627  | Measure{#5} No timeOffset for HeadChordInter#4763{(0.948/0.948) staff:1 slot#6 dur:1/4}
2026-06-06 01:55:37,483 INFO [sb-106]          StackRhythm.java:224  | S1 MeasureStack#5 no correct rhythm
2026-06-06 01:55:37,485 INFO [sb-106]        MeasureRhythm.java:1044 | Measure{#19} No timeOffset for HeadChordInter#4825{(0.557/0.557) staff:2 slot#5 dur:1/2}
2026-06-06 01:55:37,485 INFO [sb-106]          StackRhythm.java:224  | S2 MeasureStack#19 no correct rhythm
2026-06-06 01:55:37,486 INFO [sb-106]                Voice.java:257  | Measure{#26} Voice{#2 excess:3/8} too long
2026-06-06 01:55:37,487 INFO [sb-106]          StackRhythm.java:224  | S3 MeasureStack#26 no correct rhythm
2026-06-06 01:55:37,487 INFO [sb-106]                Voice.java:257  | Measure{#28} Voice{#1 excess:1/16} too long
2026-06-06 01:55:37,487 INFO [sb-106]          StackRhythm.java:224  | S4 MeasureStack#28 no correct rhythm
2026-06-06 01:55:37,488 INFO [sb-106]                Voice.java:257  | Measure{#32} Voice{#1 excess:1/16} too long
2026-06-06 01:55:37,488 INFO [sb-106]          StackRhythm.java:224  | S4 MeasureStack#32 no correct rhythm
2026-06-06 01:55:37,489 INFO [sb-106]                Voice.java:257  | Measure{#36} Voice{#1 excess:1/16} too long
2026-06-06 01:55:37,489 INFO [sb-106]          StackRhythm.java:224  | S4 MeasureStack#36 no correct rhythm
2026-06-06 01:55:37,490 INFO [sb-106]       StepMonitoring.java:98   | PAGE
2026-06-06 01:55:37,490 INFO [sb-106]       SheetReduction.java:154  | Gutter. Different glyphs 1/2 ArticulationInter#5712{(0.759/0.845) TENUTO} vs EndingInter#5226{(0.730/0.901) staff:2 ENDING}
2026-06-06 01:55:37,490 INFO [sb-106]                Voice.java:257  | Measure{#2} Voice{#1 excess:1/16} too long
2026-06-06 01:55:37,490 INFO [sb-106]                Voice.java:257  | Measure{#4} Voice{#1 excess:3/32} too long
2026-06-06 01:55:37,490 INFO [sb-106]                Voice.java:257  | Measure{#26} Voice{#2 excess:3/8} too long
2026-06-06 01:55:37,491 INFO [sb-106]                Voice.java:257  | Measure{#28} Voice{#1 excess:1/16} too long
2026-06-06 01:55:37,491 INFO [sb-106]                Voice.java:257  | Measure{#32} Voice{#1 excess:1/16} too long
2026-06-06 01:55:37,491 INFO [sb-106]                Voice.java:257  | Measure{#36} Voice{#1 excess:1/16} too long
2026-06-06 01:55:37,491 INFO [sb-106]                 Book.java:2584 | Book{sb-106} storing
2026-06-06 01:55:38,019 INFO [sb-106]                 Book.java:2565 | Stored /book.xml
2026-06-06 01:55:38,070 INFO [sb-106]           DataHolder.java:348  | Stored /sheet#1/BINARY.png
2026-06-06 01:55:38,310 INFO [sb-106]                Sheet.java:1583 | Stored /sheet#1/sheet#1.xml
2026-06-06 01:55:38,310 INFO [sb-106]                 Book.java:2525 | Book stored as omr/out/sb-106.omr
2026-06-06 01:55:38,311 INFO [sb-106]            SheetStub.java:1655 | Sheet disposed
2026-06-06 01:55:38,787 INFO [sb-106]                 Book.java:2050 | End of Stub#1
2026-06-06 01:55:38,787 INFO [sb-106]                 Book.java:2057 | End of Book{sb-106}
2026-06-06 01:55:38,953 INFO [sb-106]            SheetStub.java:1000 | Loaded /sheet#1/sheet#1.xml
2026-06-06 01:55:38,955 INFO [sb-106]      PartwiseBuilder.java:2706 | Exporting sheet(s): [#1]
2026-06-06 01:55:38,967 INFO [sb-106]        ScoreExporter.java:164  | Score sb-106 exported to omr/out/sb-106.mxl
2026-06-06 01:55:39,454 INFO [sb-106]                Score.java:181  | Closing {Score 1}
