2026-06-06 01:54:15,171 INFO [sb-101]                 Book.java:560  | 1 sheet in /home/runner/work/sambrass-tutor/sambrass-tutor/omr/input/sb-101.png
2026-06-06 01:54:15,636 INFO []                 Book.java:2565 | Stored /book.xml
2026-06-06 01:54:15,637 INFO []                 Book.java:2525 | Book stored as omr/out/sb-101.omr
2026-06-06 01:54:15,638 INFO []                 Book.java:1929 | Book reaching PAGE on sheets:[#1]
2026-06-06 01:54:15,638 INFO [sb-101]       StepMonitoring.java:98   | LOAD
2026-06-06 01:54:15,705 INFO [sb-101]            SheetStub.java:1278 | Loaded image #1 3175x1935 from /home/runner/work/sambrass-tutor/sambrass-tutor/omr/input/sb-101.png
2026-06-06 01:54:15,706 INFO [sb-101]            ImageUtil.java:124  | Converting max RGB to gray
2026-06-06 01:54:15,780 INFO [sb-101]       StepMonitoring.java:98   | BINARY
2026-06-06 01:54:16,017 INFO [sb-101]       StepMonitoring.java:98   | SCALE
2026-06-06 01:54:16,018 INFO [sb-101]         ScaleBuilder.java:255  | Beam  guessed height: 14 -- mid of [7..22]
2026-06-06 01:54:16,018 INFO [sb-101]         ScaleBuilder.java:271  | Beam measured height: 14 -- 0.47 of [7..22] range at 463% of needed quorum
2026-06-06 01:54:16,019 INFO [sb-101]         ScaleBuilder.java:401  | Normalized black jitter: 8.33 %
2026-06-06 01:54:16,019 INFO [sb-101]            ScaleStep.java:65   | Scale{ interline(24,24,26) line(4,5,6) beam(14)}
2026-06-06 01:54:16,019 INFO [sb-101]       StepMonitoring.java:98   | GRID
2026-06-06 01:54:16,109 INFO [sb-101]       LinesRetriever.java:1500 | Global slope: 0.00000
2026-06-06 01:54:16,115 INFO [sb-101]    ClustersRetriever.java:326  | Retrieved raw line clusters: 5 of sizes [5] with interline(24,24,26)
2026-06-06 01:54:16,154 INFO [sb-101]            PeakGraph.java:310  | Systems: #1[1] #2[2] #3[3] #4[4] #5[5]
2026-06-06 01:54:16,287 INFO [sb-101]        SystemManager.java:134  | Indentation detected for system #1
2026-06-06 01:54:16,288 INFO [sb-101]        SystemManager.java:779  | 1 part along 5 systems
2026-06-06 01:54:16,288 INFO [sb-101]                 Book.java:543  | Created scores: [{Score 1}]
2026-06-06 01:54:16,288 INFO [sb-101]       StepMonitoring.java:98   | HEADERS
2026-06-06 01:54:16,372 INFO [sb-101]       StepMonitoring.java:98   | STEM_SEEDS
2026-06-06 01:54:16,404 INFO [sb-101]        StemSeedsStep.java:86   | stem(5 max:7)
2026-06-06 01:54:16,415 INFO [sb-101]       StepMonitoring.java:98   | BEAMS
2026-06-06 01:54:19,789 INFO [sb-101]       StepMonitoring.java:98   | LEDGERS
2026-06-06 01:54:19,955 INFO [sb-101]       StepMonitoring.java:98   | HEADS
2026-06-06 01:54:25,321 INFO [sb-101]        HeadSeedTally.java:235  | Scale information: HeadSeeds{NOTEHEAD_BLACK[L:-0.7,R:-1.5]}
2026-06-06 01:54:25,321 INFO [sb-101]       StepMonitoring.java:98   | STEMS
2026-06-06 01:54:25,698 INFO [sb-101]       StepMonitoring.java:98   | REDUCTION
2026-06-06 01:54:25,717 INFO [sb-101]        ReductionStep.java:105  | Stems free length median value: 86 pixels, 3.6 interlines
2026-06-06 01:54:25,720 INFO [sb-101]       StepMonitoring.java:98   | CUE_BEAMS
2026-06-06 01:54:25,720 INFO [sb-101]         CueBeamsStep.java:81   | Step CUE_BEAMS is skipped because small heads switch is off
2026-06-06 01:54:25,720 INFO [sb-101]       StepMonitoring.java:98   | TEXTS
2026-06-06 01:54:25,794 WARN [sb-101]         TesseractOCR.java:335  | The collection of supported languages is empty
2026-06-06 01:54:25,794 INFO [sb-101]              OcrUtil.java:106  | Missing support for 'eng' language(s)
2026-06-06 01:54:25,795 INFO [sb-101]       StepMonitoring.java:98   | MEASURES
2026-06-06 01:54:25,795 INFO [sb-101]                 Page.java:307  | 49 raw measures: [13 in system#1, 10 in system#2, 8 in system#3, 9 in system#4, 9 in system#5]
2026-06-06 01:54:25,795 INFO [sb-101]       StepMonitoring.java:98   | CHORDS
2026-06-06 01:54:25,797 INFO [sb-101]       StepMonitoring.java:98   | CURVES
2026-06-06 01:54:26,145 INFO [sb-101]         SlursBuilder.java:240  | Slurs: 24
2026-06-06 01:54:26,148 INFO [sb-101]      SegmentsBuilder.java:155  | Segments: 42
2026-06-06 01:54:26,151 WARN [sb-101]         TesseractOCR.java:335  | The collection of supported languages is empty
2026-06-06 01:54:26,151 INFO [sb-101]              OcrUtil.java:106  | Missing support for 'eng' language(s)
2026-06-06 01:54:26,151 INFO [sb-101]    RehearsalsBuilder.java:199  | No text found in rehearsal enclosure java.awt.Rectangle[x=207,y=142,width=83,height=80]
2026-06-06 01:54:26,153 WARN [sb-101]         TesseractOCR.java:335  | The collection of supported languages is empty
2026-06-06 01:54:26,153 INFO [sb-101]              OcrUtil.java:106  | Missing support for 'eng' language(s)
2026-06-06 01:54:26,153 INFO [sb-101]    RehearsalsBuilder.java:199  | No text found in rehearsal enclosure java.awt.Rectangle[x=1129,y=593,width=79,height=77]
2026-06-06 01:54:26,155 WARN [sb-101]         TesseractOCR.java:335  | The collection of supported languages is empty
2026-06-06 01:54:26,155 INFO [sb-101]              OcrUtil.java:106  | Missing support for 'eng' language(s)
2026-06-06 01:54:26,155 INFO [sb-101]    RehearsalsBuilder.java:199  | No text found in rehearsal enclosure java.awt.Rectangle[x=1004,y=1241,width=81,height=81]
2026-06-06 01:54:26,155 INFO [sb-101]       StepMonitoring.java:98   | SYMBOLS
2026-06-06 01:54:27,271 INFO [sb-101]       StepMonitoring.java:98   | LINKS
2026-06-06 01:54:27,272 INFO [sb-101]        SymbolsLinker.java:258  | No chord linked to OctaveShiftInter#5693{(0.169) staff:1 VENTIDUESIMA BASSA} at java.awt.Point[x=766,y=622]
2026-06-06 01:54:27,275 INFO [sb-101]        SymbolsLinker.java:258  | No chord linked to OctaveShiftInter#5745{(0.476) staff:2 VENTIDUESIMA BASSA} at java.awt.Point[x=42,y=1015]
2026-06-06 01:54:27,275 INFO [sb-101]        SymbolsLinker.java:258  | No chord linked to OctaveShiftInter#5755{(0.169) staff:2 VENTIDUESIMA ALTA} at java.awt.Point[x=766,y=622]
2026-06-06 01:54:27,275 INFO [sb-101]             KeyInter.java:1189 | No effective key before AlterInter#5756{(0.788) staff:2 NATURAL pitch:1.0}
2026-06-06 01:54:27,278 INFO [sb-101]        SymbolsLinker.java:258  | No chord linked to OctaveShiftInter#5788{(0.476) staff:3 VENTIDUESIMA ALTA} at java.awt.Point[x=42,y=1015]
2026-06-06 01:54:27,280 INFO [sb-101]             KeyInter.java:1189 | No effective key before AlterInter#5866{(0.146) staff:4 NATURAL pitch:-2.0}
2026-06-06 01:54:27,286 INFO [sb-101]       StepMonitoring.java:98   | RHYTHMS
2026-06-06 01:54:27,292 INFO [sb-101]       StepMonitoring.java:98   | PAGE
2026-06-06 01:54:27,293 INFO [sb-101]                 Book.java:2584 | Book{sb-101} storing
2026-06-06 01:54:27,788 INFO [sb-101]                 Book.java:2565 | Stored /book.xml
2026-06-06 01:54:27,844 INFO [sb-101]           DataHolder.java:348  | Stored /sheet#1/BINARY.png
2026-06-06 01:54:28,090 INFO [sb-101]                Sheet.java:1583 | Stored /sheet#1/sheet#1.xml
2026-06-06 01:54:28,090 INFO [sb-101]                 Book.java:2525 | Book stored as omr/out/sb-101.omr
2026-06-06 01:54:28,091 INFO [sb-101]            SheetStub.java:1655 | Sheet disposed
2026-06-06 01:54:28,544 INFO [sb-101]                 Book.java:2050 | End of Stub#1
2026-06-06 01:54:28,544 INFO [sb-101]                 Book.java:2057 | End of Book{sb-101}
2026-06-06 01:54:28,714 INFO [sb-101]            SheetStub.java:1000 | Loaded /sheet#1/sheet#1.xml
2026-06-06 01:54:28,716 INFO [sb-101]      PartwiseBuilder.java:2706 | Exporting sheet(s): [#1]
2026-06-06 01:54:28,724 INFO [sb-101]        ScoreExporter.java:164  | Score sb-101 exported to omr/out/sb-101.mxl
2026-06-06 01:54:29,192 INFO [sb-101]                Score.java:181  | Closing {Score 1}
